<?xml version="1.0" encoding="ISO-8859-1" ?>
<link_info>
   <banner>TI ARM Linker PC v18.12.4.LTS</banner>
   <copyright>Copyright (c) 1996-2018 Texas Instruments Incorporated</copyright>
   <link_time>0x60fb1466</link_time>
   <link_errors>0x0</link_errors>
   <output_file>Lab 5.out</output_file>
   <entry_point>
      <name>_c_int00_noargs</name>
      <address>0x2c35</address>
   </entry_point>
   <input_file_list>
      <input_file id="fl-2">
         <path>.\</path>
         <kind>object</kind>
         <file>buzzer.obj</file>
         <name>buzzer.obj</name>
      </input_file>
      <input_file id="fl-3">
         <path>.\</path>
         <kind>object</kind>
         <file>buzzer_asm.obj</file>
         <name>buzzer_asm.obj</name>
      </input_file>
      <input_file id="fl-4">
         <path>.\</path>
         <kind>object</kind>
         <file>lab5_main.obj</file>
         <name>lab5_main.obj</name>
      </input_file>
      <input_file id="fl-5">
         <path>.\</path>
         <kind>object</kind>
         <file>motion.obj</file>
         <name>motion.obj</name>
      </input_file>
      <input_file id="fl-6">
         <path>.\</path>
         <kind>object</kind>
         <file>motion_asm.obj</file>
         <name>motion_asm.obj</name>
      </input_file>
      <input_file id="fl-7">
         <path>.\</path>
         <kind>object</kind>
         <file>tm4c123gh6pm_startup_ccs.obj</file>
         <name>tm4c123gh6pm_startup_ccs.obj</name>
      </input_file>
      <input_file id="fl-d">
         <kind>object</kind>
         <file>&lt;internal&gt;</file>
         <name>&lt;internal&gt;</name>
      </input_file>
      <input_file id="fl-c3">
         <path>C:\ti\ccs930\ccs\tools\compiler\ti-cgt-arm_18.12.4.LTS\lib\</path>
         <kind>archive</kind>
         <file>rtsv7M4_T_le_v4SPD16_eabi.lib</file>
         <name>copy_zero_init.c.obj</name>
      </input_file>
      <input_file id="fl-c4">
         <path>C:\ti\ccs930\ccs\tools\compiler\ti-cgt-arm_18.12.4.LTS\lib\</path>
         <kind>archive</kind>
         <file>rtsv7M4_T_le_v4SPD16_eabi.lib</file>
         <name>copy_decompress_none.c.obj</name>
      </input_file>
      <input_file id="fl-c5">
         <path>C:\ti\ccs930\ccs\tools\compiler\ti-cgt-arm_18.12.4.LTS\lib\</path>
         <kind>archive</kind>
         <file>rtsv7M4_T_le_v4SPD16_eabi.lib</file>
         <name>copy_decompress_lzss.c.obj</name>
      </input_file>
      <input_file id="fl-c6">
         <path>C:\ti\ccs930\ccs\tools\compiler\ti-cgt-arm_18.12.4.LTS\lib\</path>
         <kind>archive</kind>
         <file>rtsv7M4_T_le_v4SPD16_eabi.lib</file>
         <name>boot_cortex_m.c.obj</name>
      </input_file>
      <input_file id="fl-c7">
         <path>C:\ti\ccs930\ccs\tools\compiler\ti-cgt-arm_18.12.4.LTS\lib\</path>
         <kind>archive</kind>
         <file>rtsv7M4_T_le_v4SPD16_eabi.lib</file>
         <name>memcpy_t2.asm.obj</name>
      </input_file>
      <input_file id="fl-c8">
         <path>C:\ti\ccs930\ccs\tools\compiler\ti-cgt-arm_18.12.4.LTS\lib\</path>
         <kind>archive</kind>
         <file>rtsv7M4_T_le_v4SPD16_eabi.lib</file>
         <name>memset_t2.asm.obj</name>
      </input_file>
      <input_file id="fl-c9">
         <path>C:\ti\ccs930\ccs\tools\compiler\ti-cgt-arm_18.12.4.LTS\lib\</path>
         <kind>archive</kind>
         <file>rtsv7M4_T_le_v4SPD16_eabi.lib</file>
         <name>autoinit.c.obj</name>
      </input_file>
      <input_file id="fl-ca">
         <path>C:\ti\ccs930\ccs\tools\compiler\ti-cgt-arm_18.12.4.LTS\lib\</path>
         <kind>archive</kind>
         <file>rtsv7M4_T_le_v4SPD16_eabi.lib</file>
         <name>pre_init.c.obj</name>
      </input_file>
      <input_file id="fl-cb">
         <path>C:\ti\ccs930\ccs\tools\compiler\ti-cgt-arm_18.12.4.LTS\lib\</path>
         <kind>archive</kind>
         <file>rtsv7M4_T_le_v4SPD16_eabi.lib</file>
         <name>cpy_tbl.c.obj</name>
      </input_file>
      <input_file id="fl-cc">
         <path>C:\ti\ccs930\ccs\tools\compiler\ti-cgt-arm_18.12.4.LTS\lib\</path>
         <kind>archive</kind>
         <file>rtsv7M4_T_le_v4SPD16_eabi.lib</file>
         <name>exit.c.obj</name>
      </input_file>
      <input_file id="fl-cd">
         <path>C:\ti\ccs930\ccs\tools\compiler\ti-cgt-arm_18.12.4.LTS\lib\</path>
         <kind>archive</kind>
         <file>rtsv7M4_T_le_v4SPD16_eabi.lib</file>
         <name>_lock.c.obj</name>
      </input_file>
      <input_file id="fl-ce">
         <path>C:\ti\ccs930\ccs\tools\compiler\ti-cgt-arm_18.12.4.LTS\lib\</path>
         <kind>archive</kind>
         <file>rtsv7M4_T_le_v4SPD16_eabi.lib</file>
         <name>args_main.c.obj</name>
      </input_file>
      <input_file id="fl-cf">
         <path>C:\Users\Ayan Deep Hazra\Desktop\Summer 2021\ECE266\Lab2\Group2\Util\Util\Debug\</path>
         <kind>archive</kind>
         <file>Util.lib</file>
         <name>launchpad.obj</name>
      </input_file>
      <input_file id="fl-d0">
         <path>C:\Users\Ayan Deep Hazra\Desktop\Summer 2021\ECE266\Lab2\Group2\Util\Util\Debug\</path>
         <kind>archive</kind>
         <file>Util.lib</file>
         <name>led.obj</name>
      </input_file>
      <input_file id="fl-d1">
         <path>C:\Users\Ayan Deep Hazra\Desktop\Summer 2021\ECE266\Lab2\Group2\Util\Util\Debug\</path>
         <kind>archive</kind>
         <file>Util.lib</file>
         <name>pushbutton.obj</name>
      </input_file>
      <input_file id="fl-d2">
         <path>C:\Users\Ayan Deep Hazra\Desktop\Summer 2021\ECE266\Lab2\Group2\Util\Util\Debug\</path>
         <kind>archive</kind>
         <file>Util.lib</file>
         <name>uart.obj</name>
      </input_file>
      <input_file id="fl-d3">
         <path>C:\ti\TivaWare_C_Series-2.2.0.295\driverlib\ccs\Debug\</path>
         <kind>archive</kind>
         <file>driverlib.lib</file>
         <name>gpio.obj</name>
      </input_file>
      <input_file id="fl-d4">
         <path>C:\ti\TivaWare_C_Series-2.2.0.295\driverlib\ccs\Debug\</path>
         <kind>archive</kind>
         <file>driverlib.lib</file>
         <name>interrupt.obj</name>
      </input_file>
      <input_file id="fl-d5">
         <path>C:\ti\TivaWare_C_Series-2.2.0.295\driverlib\ccs\Debug\</path>
         <kind>archive</kind>
         <file>driverlib.lib</file>
         <name>sysctl.obj</name>
      </input_file>
      <input_file id="fl-d6">
         <path>C:\ti\TivaWare_C_Series-2.2.0.295\driverlib\ccs\Debug\</path>
         <kind>archive</kind>
         <file>driverlib.lib</file>
         <name>systick.obj</name>
      </input_file>
      <input_file id="fl-d7">
         <path>C:\ti\TivaWare_C_Series-2.2.0.295\driverlib\ccs\Debug\</path>
         <kind>archive</kind>
         <file>driverlib.lib</file>
         <name>uart.obj</name>
      </input_file>
      <input_file id="fl-d8">
         <path>C:\ti\TivaWare_C_Series-2.2.0.295\driverlib\ccs\Debug\</path>
         <kind>archive</kind>
         <file>driverlib.lib</file>
         <name>cpu.obj</name>
      </input_file>
      <input_file id="fl-d9">
         <path>C:\ti\ccs930\ccs\tools\compiler\ti-cgt-arm_18.12.4.LTS\lib\</path>
         <kind>archive</kind>
         <file>rtsv7M4_T_le_v4SPD16_eabi.lib</file>
         <name>vsnprintf.c.obj</name>
      </input_file>
      <input_file id="fl-da">
         <path>C:\ti\ccs930\ccs\tools\compiler\ti-cgt-arm_18.12.4.LTS\lib\</path>
         <kind>archive</kind>
         <file>rtsv7M4_T_le_v4SPD16_eabi.lib</file>
         <name>ull_div_t2.asm.obj</name>
      </input_file>
      <input_file id="fl-db">
         <path>C:\ti\ccs930\ccs\tools\compiler\ti-cgt-arm_18.12.4.LTS\lib\</path>
         <kind>archive</kind>
         <file>rtsv7M4_T_le_v4SPD16_eabi.lib</file>
         <name>_printfi.c.obj</name>
      </input_file>
      <input_file id="fl-dc">
         <path>C:\ti\ccs930\ccs\tools\compiler\ti-cgt-arm_18.12.4.LTS\lib\</path>
         <kind>archive</kind>
         <file>rtsv7M4_T_le_v4SPD16_eabi.lib</file>
         <name>div0.asm.obj</name>
      </input_file>
      <input_file id="fl-dd">
         <path>C:\ti\ccs930\ccs\tools\compiler\ti-cgt-arm_18.12.4.LTS\lib\</path>
         <kind>archive</kind>
         <file>rtsv7M4_T_le_v4SPD16_eabi.lib</file>
         <name>fd_add_t2.asm.obj</name>
      </input_file>
      <input_file id="fl-de">
         <path>C:\ti\ccs930\ccs\tools\compiler\ti-cgt-arm_18.12.4.LTS\lib\</path>
         <kind>archive</kind>
         <file>rtsv7M4_T_le_v4SPD16_eabi.lib</file>
         <name>fd_cmp_t2.asm.obj</name>
      </input_file>
      <input_file id="fl-df">
         <path>C:\ti\ccs930\ccs\tools\compiler\ti-cgt-arm_18.12.4.LTS\lib\</path>
         <kind>archive</kind>
         <file>rtsv7M4_T_le_v4SPD16_eabi.lib</file>
         <name>fd_div_t2.asm.obj</name>
      </input_file>
      <input_file id="fl-e0">
         <path>C:\ti\ccs930\ccs\tools\compiler\ti-cgt-arm_18.12.4.LTS\lib\</path>
         <kind>archive</kind>
         <file>rtsv7M4_T_le_v4SPD16_eabi.lib</file>
         <name>fd_mul_t2.asm.obj</name>
      </input_file>
      <input_file id="fl-e1">
         <path>C:\ti\ccs930\ccs\tools\compiler\ti-cgt-arm_18.12.4.LTS\lib\</path>
         <kind>archive</kind>
         <file>rtsv7M4_T_le_v4SPD16_eabi.lib</file>
         <name>fd_toi_t2.asm.obj</name>
      </input_file>
      <input_file id="fl-e2">
         <path>C:\ti\ccs930\ccs\tools\compiler\ti-cgt-arm_18.12.4.LTS\lib\</path>
         <kind>archive</kind>
         <file>rtsv7M4_T_le_v4SPD16_eabi.lib</file>
         <name>i_tofd_t2.asm.obj</name>
      </input_file>
      <input_file id="fl-e3">
         <path>C:\ti\ccs930\ccs\tools\compiler\ti-cgt-arm_18.12.4.LTS\lib\</path>
         <kind>archive</kind>
         <file>rtsv7M4_T_le_v4SPD16_eabi.lib</file>
         <name>atoi.c.obj</name>
      </input_file>
      <input_file id="fl-e4">
         <path>C:\ti\ccs930\ccs\tools\compiler\ti-cgt-arm_18.12.4.LTS\lib\</path>
         <kind>archive</kind>
         <file>rtsv7M4_T_le_v4SPD16_eabi.lib</file>
         <name>ctype.c.obj</name>
      </input_file>
      <input_file id="fl-e5">
         <path>C:\ti\ccs930\ccs\tools\compiler\ti-cgt-arm_18.12.4.LTS\lib\</path>
         <kind>archive</kind>
         <file>rtsv7M4_T_le_v4SPD16_eabi.lib</file>
         <name>ltoa.c.obj</name>
      </input_file>
      <input_file id="fl-e6">
         <path>C:\ti\ccs930\ccs\tools\compiler\ti-cgt-arm_18.12.4.LTS\lib\</path>
         <kind>archive</kind>
         <file>rtsv7M4_T_le_v4SPD16_eabi.lib</file>
         <name>memccpy.c.obj</name>
      </input_file>
      <input_file id="fl-e7">
         <path>C:\ti\ccs930\ccs\tools\compiler\ti-cgt-arm_18.12.4.LTS\lib\</path>
         <kind>archive</kind>
         <file>rtsv7M4_T_le_v4SPD16_eabi.lib</file>
         <name>strchr.c.obj</name>
      </input_file>
      <input_file id="fl-e8">
         <path>C:\ti\ccs930\ccs\tools\compiler\ti-cgt-arm_18.12.4.LTS\lib\</path>
         <kind>archive</kind>
         <file>rtsv7M4_T_le_v4SPD16_eabi.lib</file>
         <name>strlen.c.obj</name>
      </input_file>
      <input_file id="fl-e9">
         <path>C:\ti\ccs930\ccs\tools\compiler\ti-cgt-arm_18.12.4.LTS\lib\</path>
         <kind>archive</kind>
         <file>rtsv7M4_T_le_v4SPD16_eabi.lib</file>
         <name>errno.c.obj</name>
      </input_file>
      <input_file id="fl-ea">
         <path>C:\ti\ccs930\ccs\tools\compiler\ti-cgt-arm_18.12.4.LTS\lib\</path>
         <kind>archive</kind>
         <file>rtsv7M4_T_le_v4SPD16_eabi.lib</file>
         <name>wcslen.c.obj</name>
      </input_file>
      <input_file id="fl-eb">
         <path>C:\ti\ccs930\ccs\tools\compiler\ti-cgt-arm_18.12.4.LTS\lib\</path>
         <kind>archive</kind>
         <file>rtsv7M4_T_le_v4SPD16_eabi.lib</file>
         <name>s_frexp.c.obj</name>
      </input_file>
      <input_file id="fl-ec">
         <path>C:\ti\ccs930\ccs\tools\compiler\ti-cgt-arm_18.12.4.LTS\lib\</path>
         <kind>archive</kind>
         <file>rtsv7M4_T_le_v4SPD16_eabi.lib</file>
         <name>s_scalbn.c.obj</name>
      </input_file>
      <input_file id="fl-ed">
         <path>C:\ti\ccs930\ccs\tools\compiler\ti-cgt-arm_18.12.4.LTS\lib\</path>
         <kind>archive</kind>
         <file>rtsv7M4_T_le_v4SPD16_eabi.lib</file>
         <name>s_copysign.c.obj</name>
      </input_file>
   </input_file_list>
   <object_component_list>
      <object_component id="oc-f">
         <name>.intvecs</name>
         <load_address>0x0</load_address>
         <run_address>0x0</run_address>
         <size>0x26c</size>
         <input_file_ref idref="fl-7"/>
      </object_component>
      <object_component id="oc-280">
         <name>.text:__TI_printfi</name>
         <load_address>0x26c</load_address>
         <run_address>0x26c</run_address>
         <size>0xa4e</size>
         <input_file_ref idref="fl-db"/>
      </object_component>
      <object_component id="oc-229">
         <name>.text</name>
         <load_address>0xcba</load_address>
         <run_address>0xcba</run_address>
         <size>0x2</size>
         <input_file_ref idref="fl-dc"/>
      </object_component>
      <object_component id="oc-c5">
         <name>.text</name>
         <load_address>0xcbc</load_address>
         <run_address>0xcbc</run_address>
         <size>0x3d0</size>
         <input_file_ref idref="fl-cf"/>
      </object_component>
      <object_component id="oc-310">
         <name>.text:_pconv_a</name>
         <load_address>0x108c</load_address>
         <run_address>0x108c</run_address>
         <size>0x270</size>
         <input_file_ref idref="fl-db"/>
      </object_component>
      <object_component id="oc-2fe">
         <name>.text:_pconv_g</name>
         <load_address>0x12fc</load_address>
         <run_address>0x12fc</run_address>
         <size>0x1d0</size>
         <input_file_ref idref="fl-db"/>
      </object_component>
      <object_component id="oc-36f">
         <name>.text</name>
         <load_address>0x14cc</load_address>
         <run_address>0x14cc</run_address>
         <size>0x1b6</size>
         <input_file_ref idref="fl-dd"/>
      </object_component>
      <object_component id="oc-98">
         <name>.text</name>
         <load_address>0x1684</load_address>
         <run_address>0x1684</run_address>
         <size>0x1ac</size>
         <input_file_ref idref="fl-4"/>
      </object_component>
      <object_component id="oc-19f">
         <name>.text:GPIOPadConfigSet</name>
         <load_address>0x1830</load_address>
         <run_address>0x1830</run_address>
         <size>0x16c</size>
         <input_file_ref idref="fl-d3"/>
      </object_component>
      <object_component id="oc-30a">
         <name>.text:_pconv_e</name>
         <load_address>0x199c</load_address>
         <run_address>0x199c</run_address>
         <size>0x13c</size>
         <input_file_ref idref="fl-db"/>
      </object_component>
      <object_component id="oc-355">
         <name>.text</name>
         <load_address>0x1ad8</load_address>
         <run_address>0x1ad8</run_address>
         <size>0x136</size>
         <input_file_ref idref="fl-df"/>
      </object_component>
      <object_component id="oc-381">
         <name>.text:fcvt</name>
         <load_address>0x1c10</load_address>
         <run_address>0x1c10</run_address>
         <size>0x124</size>
         <input_file_ref idref="fl-db"/>
      </object_component>
      <object_component id="oc-16e">
         <name>.text:SysCtlClockGet</name>
         <load_address>0x1d34</load_address>
         <run_address>0x1d34</run_address>
         <size>0x118</size>
         <input_file_ref idref="fl-d5"/>
      </object_component>
      <object_component id="oc-395">
         <name>.text:scalbn</name>
         <load_address>0x1e4c</load_address>
         <run_address>0x1e4c</run_address>
         <size>0x110</size>
         <input_file_ref idref="fl-ec"/>
      </object_component>
      <object_component id="oc-350">
         <name>.text</name>
         <load_address>0x1f5c</load_address>
         <run_address>0x1f5c</run_address>
         <size>0xfc</size>
         <input_file_ref idref="fl-e0"/>
      </object_component>
      <object_component id="oc-168">
         <name>.text:SysCtlClockSet</name>
         <load_address>0x2058</load_address>
         <run_address>0x2058</run_address>
         <size>0xf4</size>
         <input_file_ref idref="fl-d5"/>
      </object_component>
      <object_component id="oc-106">
         <name>.text</name>
         <load_address>0x214c</load_address>
         <run_address>0x214c</run_address>
         <size>0xc4</size>
         <input_file_ref idref="fl-d2"/>
      </object_component>
      <object_component id="oc-2f3">
         <name>.text:_ltostr</name>
         <load_address>0x2210</load_address>
         <run_address>0x2210</run_address>
         <size>0xb1</size>
         <input_file_ref idref="fl-db"/>
      </object_component>
      <object_component id="oc-d7">
         <name>.text</name>
         <load_address>0x22c4</load_address>
         <run_address>0x22c4</run_address>
         <size>0x9c</size>
         <input_file_ref idref="fl-d0"/>
      </object_component>
      <object_component id="oc-38">
         <name>.text</name>
         <load_address>0x2360</load_address>
         <run_address>0x2360</run_address>
         <size>0x9c</size>
         <input_file_ref idref="fl-c7"/>
      </object_component>
      <object_component id="oc-162">
         <name>.text</name>
         <load_address>0x23fc</load_address>
         <run_address>0x23fc</run_address>
         <size>0x96</size>
         <input_file_ref idref="fl-da"/>
      </object_component>
      <object_component id="oc-d1">
         <name>.text</name>
         <load_address>0x2494</load_address>
         <run_address>0x2494</run_address>
         <size>0x8c</size>
         <input_file_ref idref="fl-d1"/>
      </object_component>
      <object_component id="oc-2f9">
         <name>.text:__aeabi_cdcmple</name>
         <load_address>0x2520</load_address>
         <run_address>0x2520</run_address>
         <size>0x86</size>
         <input_file_ref idref="fl-de"/>
      </object_component>
      <object_component id="oc-35a">
         <name>.text:__aeabi_cdrcmple</name>
         <load_address>0x25a6</load_address>
         <run_address>0x25a6</run_address>
         <size>0x86</size>
         <input_file_ref idref="fl-de"/>
      </object_component>
      <object_component id="oc-8c">
         <name>.text</name>
         <load_address>0x262c</load_address>
         <run_address>0x262c</run_address>
         <size>0x7a</size>
         <input_file_ref idref="fl-c8"/>
      </object_component>
      <object_component id="oc-37a">
         <name>.text:_mcpy</name>
         <load_address>0x26a6</load_address>
         <run_address>0x26a6</run_address>
         <size>0x6e</size>
         <input_file_ref idref="fl-db"/>
      </object_component>
      <object_component id="oc-1c6">
         <name>.text:IntEnable</name>
         <load_address>0x2714</load_address>
         <run_address>0x2714</run_address>
         <size>0x68</size>
         <input_file_ref idref="fl-d4"/>
      </object_component>
      <object_component id="oc-12">
         <name>.text:decompress:lzss:__TI_decompress_lzss</name>
         <load_address>0x277c</load_address>
         <run_address>0x277c</run_address>
         <size>0x68</size>
         <input_file_ref idref="fl-c5"/>
      </object_component>
      <object_component id="oc-38f">
         <name>.text:frexp</name>
         <load_address>0x27e4</load_address>
         <run_address>0x27e4</run_address>
         <size>0x64</size>
         <input_file_ref idref="fl-eb"/>
      </object_component>
      <object_component id="oc-e8">
         <name>.text:GPIOIntTypeSet</name>
         <load_address>0x2848</load_address>
         <run_address>0x2848</run_address>
         <size>0x58</size>
         <input_file_ref idref="fl-d3"/>
      </object_component>
      <object_component id="oc-304">
         <name>.text:_pconv_f</name>
         <load_address>0x28a0</load_address>
         <run_address>0x28a0</run_address>
         <size>0x56</size>
         <input_file_ref idref="fl-db"/>
      </object_component>
      <object_component id="oc-364">
         <name>.text:ltoa</name>
         <load_address>0x28f6</load_address>
         <run_address>0x28f6</run_address>
         <size>0x54</size>
         <input_file_ref idref="fl-e5"/>
      </object_component>
      <object_component id="oc-374">
         <name>.text:_ecpy</name>
         <load_address>0x294a</load_address>
         <run_address>0x294a</run_address>
         <size>0x52</size>
         <input_file_ref idref="fl-db"/>
      </object_component>
      <object_component id="oc-1d6">
         <name>.text:GPIOPinConfigure</name>
         <load_address>0x299c</load_address>
         <run_address>0x299c</run_address>
         <size>0x4c</size>
         <input_file_ref idref="fl-d3"/>
      </object_component>
      <object_component id="oc-2ed">
         <name>.text:atoi</name>
         <load_address>0x29e8</load_address>
         <run_address>0x29e8</run_address>
         <size>0x4c</size>
         <input_file_ref idref="fl-e3"/>
      </object_component>
      <object_component id="oc-35f">
         <name>.text</name>
         <load_address>0x2a34</load_address>
         <run_address>0x2a34</run_address>
         <size>0x48</size>
         <input_file_ref idref="fl-e1"/>
      </object_component>
      <object_component id="oc-1e2">
         <name>.text:UARTConfigSetExpClk</name>
         <load_address>0x2a7c</load_address>
         <run_address>0x2a7c</run_address>
         <size>0x46</size>
         <input_file_ref idref="fl-d7"/>
      </object_component>
      <object_component id="oc-1ba">
         <name>.text:_GPIOIntNumberGet</name>
         <load_address>0x2ac4</load_address>
         <run_address>0x2ac4</run_address>
         <size>0x44</size>
         <input_file_ref idref="fl-d3"/>
      </object_component>
      <object_component id="oc-121">
         <name>.text:__TI_auto_init_nobinit_nopinit:__TI_auto_init_nobinit_nopinit</name>
         <load_address>0x2b08</load_address>
         <run_address>0x2b08</run_address>
         <size>0x44</size>
         <input_file_ref idref="fl-c9"/>
      </object_component>
      <object_component id="oc-1f4">
         <name>.text:vsnprintf</name>
         <load_address>0x2b4c</load_address>
         <run_address>0x2b4c</run_address>
         <size>0x40</size>
         <input_file_ref idref="fl-d9"/>
      </object_component>
      <object_component id="oc-387">
         <name>.text:_fcpy</name>
         <load_address>0x2b8c</load_address>
         <run_address>0x2b8c</run_address>
         <size>0x3e</size>
         <input_file_ref idref="fl-db"/>
      </object_component>
      <object_component id="oc-1c0">
         <name>.text:IntRegister</name>
         <load_address>0x2bcc</load_address>
         <run_address>0x2bcc</run_address>
         <size>0x34</size>
         <input_file_ref idref="fl-d4"/>
      </object_component>
      <object_component id="oc-193">
         <name>.text:SysCtlPeripheralEnable</name>
         <load_address>0x2c00</load_address>
         <run_address>0x2c00</run_address>
         <size>0x34</size>
         <input_file_ref idref="fl-d5"/>
      </object_component>
      <object_component id="oc-56">
         <name>.text:_c_int00_noargs:_c_int00_noargs</name>
         <load_address>0x2c34</load_address>
         <run_address>0x2c34</run_address>
         <size>0x34</size>
         <input_file_ref idref="fl-c6"/>
      </object_component>
      <object_component id="oc-286">
         <name>.text:_outs</name>
         <load_address>0x2c68</load_address>
         <run_address>0x2c68</run_address>
         <size>0x30</size>
         <input_file_ref idref="fl-d9"/>
      </object_component>
      <object_component id="oc-36a">
         <name>.text</name>
         <load_address>0x2c98</load_address>
         <run_address>0x2c98</run_address>
         <size>0x2e</size>
         <input_file_ref idref="fl-e2"/>
      </object_component>
      <object_component id="oc-245">
         <name>.text:GPIODirModeSet</name>
         <load_address>0x2cc6</load_address>
         <run_address>0x2cc6</run_address>
         <size>0x2c</size>
         <input_file_ref idref="fl-d3"/>
      </object_component>
      <object_component id="oc-c0">
         <name>.text</name>
         <load_address>0x2cf4</load_address>
         <run_address>0x2cf4</run_address>
         <size>0x2c</size>
         <input_file_ref idref="fl-3"/>
      </object_component>
      <object_component id="oc-ee">
         <name>.text:IntPrioritySet</name>
         <load_address>0x2d20</load_address>
         <run_address>0x2d20</run_address>
         <size>0x24</size>
         <input_file_ref idref="fl-d4"/>
      </object_component>
      <object_component id="oc-270">
         <name>.text:UARTDisable</name>
         <load_address>0x2d44</load_address>
         <run_address>0x2d44</run_address>
         <size>0x20</size>
         <input_file_ref idref="fl-d7"/>
      </object_component>
      <object_component id="oc-17a">
         <name>.text:SysTickIntRegister</name>
         <load_address>0x2d64</load_address>
         <run_address>0x2d64</run_address>
         <size>0x1c</size>
         <input_file_ref idref="fl-d6"/>
      </object_component>
      <object_component id="oc-fa">
         <name>.text</name>
         <load_address>0x2d80</load_address>
         <run_address>0x2d80</run_address>
         <size>0x1c</size>
         <input_file_ref idref="fl-2"/>
      </object_component>
      <object_component id="oc-44">
         <name>.text:decompress:ZI:__TI_zero_init_nomemset:__TI_zero_init_nomemset</name>
         <load_address>0x2d9c</load_address>
         <run_address>0x2d9c</run_address>
         <size>0x1c</size>
         <input_file_ref idref="fl-c3"/>
      </object_component>
      <object_component id="oc-316">
         <name>.text:memccpy</name>
         <load_address>0x2db8</load_address>
         <run_address>0x2db8</run_address>
         <size>0x1c</size>
         <input_file_ref idref="fl-e6"/>
      </object_component>
      <object_component id="oc-100">
         <name>.text</name>
         <load_address>0x2dd4</load_address>
         <run_address>0x2dd4</run_address>
         <size>0x1c</size>
         <input_file_ref idref="fl-5"/>
      </object_component>
      <object_component id="oc-1af">
         <name>.text:GPIOPinTypeGPIOOutput</name>
         <load_address>0x2df0</load_address>
         <run_address>0x2df0</run_address>
         <size>0x1a</size>
         <input_file_ref idref="fl-d3"/>
      </object_component>
      <object_component id="oc-3d6">
         <name>.text:copysign</name>
         <load_address>0x2e0a</load_address>
         <run_address>0x2e0a</run_address>
         <size>0x1a</size>
         <input_file_ref idref="fl-ed"/>
      </object_component>
      <object_component id="oc-e2">
         <name>.text:GPIOIntRegister</name>
         <load_address>0x2e24</load_address>
         <run_address>0x2e24</run_address>
         <size>0x18</size>
         <input_file_ref idref="fl-d3"/>
      </object_component>
      <object_component id="oc-28c">
         <name>.text:_outc</name>
         <load_address>0x2e3c</load_address>
         <run_address>0x2e3c</run_address>
         <size>0x18</size>
         <input_file_ref idref="fl-d9"/>
      </object_component>
      <object_component id="oc-199">
         <name>.text:GPIOPinTypeGPIOInput</name>
         <load_address>0x2e54</load_address>
         <run_address>0x2e54</run_address>
         <size>0x16</size>
         <input_file_ref idref="fl-d3"/>
      </object_component>
      <object_component id="oc-1dc">
         <name>.text:GPIOPinTypeUART</name>
         <load_address>0x2e6a</load_address>
         <run_address>0x2e6a</run_address>
         <size>0x16</size>
         <input_file_ref idref="fl-d3"/>
      </object_component>
      <object_component id="oc-39b">
         <name>.text:strchr</name>
         <load_address>0x2e80</load_address>
         <run_address>0x2e80</run_address>
         <size>0x16</size>
         <input_file_ref idref="fl-e7"/>
      </object_component>
      <object_component id="oc-186">
         <name>.text:SysTickEnable</name>
         <load_address>0x2e98</load_address>
         <run_address>0x2e98</run_address>
         <size>0x14</size>
         <input_file_ref idref="fl-d6"/>
      </object_component>
      <object_component id="oc-180">
         <name>.text:SysTickIntEnable</name>
         <load_address>0x2eac</load_address>
         <run_address>0x2eac</run_address>
         <size>0x14</size>
         <input_file_ref idref="fl-d6"/>
      </object_component>
      <object_component id="oc-276">
         <name>.text:UARTEnable</name>
         <load_address>0x2ec0</load_address>
         <run_address>0x2ec0</run_address>
         <size>0x14</size>
         <input_file_ref idref="fl-d7"/>
      </object_component>
      <object_component id="oc-dd">
         <name>.text</name>
         <load_address>0x2ed4</load_address>
         <run_address>0x2ed4</run_address>
         <size>0x14</size>
         <input_file_ref idref="fl-6"/>
      </object_component>
      <object_component id="oc-2e7">
         <name>.text:strlen</name>
         <load_address>0x2ee8</load_address>
         <run_address>0x2ee8</run_address>
         <size>0x14</size>
         <input_file_ref idref="fl-e8"/>
      </object_component>
      <object_component id="oc-31c">
         <name>.text:wcslen</name>
         <load_address>0x2efc</load_address>
         <run_address>0x2efc</run_address>
         <size>0x12</size>
         <input_file_ref idref="fl-ea"/>
      </object_component>
      <object_component id="oc-174">
         <name>.text:SysTickPeriodSet</name>
         <load_address>0x2f10</load_address>
         <run_address>0x2f10</run_address>
         <size>0x10</size>
         <input_file_ref idref="fl-d6"/>
      </object_component>
      <object_component id="oc-18">
         <name>.text:decompress:none:__TI_decompress_none</name>
         <load_address>0x2f20</load_address>
         <run_address>0x2f20</run_address>
         <size>0xe</size>
         <input_file_ref idref="fl-c4"/>
      </object_component>
      <object_component id="oc-f4">
         <name>.text:GPIOIntEnable</name>
         <load_address>0x2f2e</load_address>
         <run_address>0x2f2e</run_address>
         <size>0xc</size>
         <input_file_ref idref="fl-d3"/>
      </object_component>
      <object_component id="oc-24">
         <name>.text</name>
         <load_address>0x2f3a</load_address>
         <run_address>0x2f3a</run_address>
         <size>0xc</size>
         <input_file_ref idref="fl-7"/>
      </object_component>
      <object_component id="oc-1ee">
         <name>.text:UARTCharGet</name>
         <load_address>0x2f46</load_address>
         <run_address>0x2f46</run_address>
         <size>0xa</size>
         <input_file_ref idref="fl-d7"/>
      </object_component>
      <object_component id="oc-1e8">
         <name>.text:UARTCharPut</name>
         <load_address>0x2f50</load_address>
         <run_address>0x2f50</run_address>
         <size>0xa</size>
         <input_file_ref idref="fl-d7"/>
      </object_component>
      <object_component id="oc-322">
         <name>.text:__aeabi_errno_addr</name>
         <load_address>0x2f5c</load_address>
         <run_address>0x2f5c</run_address>
         <size>0x8</size>
         <input_file_ref idref="fl-e9"/>
      </object_component>
      <object_component id="oc-cb">
         <name>.text:GPIOIntClear</name>
         <load_address>0x2f64</load_address>
         <run_address>0x2f64</run_address>
         <size>0x6</size>
         <input_file_ref idref="fl-d3"/>
      </object_component>
      <object_component id="oc-1a5">
         <name>.text:GPIOPinRead</name>
         <load_address>0x2f6a</load_address>
         <run_address>0x2f6a</run_address>
         <size>0x6</size>
         <input_file_ref idref="fl-d3"/>
      </object_component>
      <object_component id="oc-155">
         <name>.text:GPIOPinWrite</name>
         <load_address>0x2f70</load_address>
         <run_address>0x2f70</run_address>
         <size>0x6</size>
         <input_file_ref idref="fl-d3"/>
      </object_component>
      <object_component id="oc-167">
         <name>.text:SysCtlDelay</name>
         <load_address>0x2f76</load_address>
         <run_address>0x2f76</run_address>
         <size>0x6</size>
         <input_file_ref idref="fl-d5"/>
      </object_component>
      <object_component id="oc-92">
         <name>.text:_system_pre_init</name>
         <load_address>0x2f7c</load_address>
         <run_address>0x2f7c</run_address>
         <size>0x4</size>
         <input_file_ref idref="fl-ca"/>
      </object_component>
      <object_component id="oc-115">
         <name>.text:abort:abort</name>
         <load_address>0x2f80</load_address>
         <run_address>0x2f80</run_address>
         <size>0x4</size>
         <input_file_ref idref="fl-cc"/>
      </object_component>
      <object_component id="oc-349">
         <name>.const:.string:_ctypes_</name>
         <load_address>0x2f84</load_address>
         <run_address>0x2f84</run_address>
         <size>0x101</size>
         <input_file_ref idref="fl-e4"/>
      </object_component>
      <object_component id="oc-256">
         <name>.const:g_ppui32GPIOIntMapSnowflake</name>
         <load_address>0x3088</load_address>
         <run_address>0x3088</run_address>
         <size>0xd8</size>
         <input_file_ref idref="fl-d3"/>
      </object_component>
      <object_component id="oc-253">
         <name>.const:g_ppui32GPIOIntMapBlizzard</name>
         <load_address>0x3160</load_address>
         <run_address>0x3160</run_address>
         <size>0xc0</size>
         <input_file_ref idref="fl-d3"/>
      </object_component>
      <object_component id="oc-1ce">
         <name>.const:g_pui32Regs</name>
         <load_address>0x3220</load_address>
         <run_address>0x3220</run_address>
         <size>0x9c</size>
         <input_file_ref idref="fl-d4"/>
      </object_component>
      <object_component id="oc-26b">
         <name>.const:g_pui32GPIOBaseAddrs</name>
         <load_address>0x32bc</load_address>
         <run_address>0x32bc</run_address>
         <size>0x90</size>
         <input_file_ref idref="fl-d3"/>
      </object_component>
      <object_component id="oc-231">
         <name>.const:g_pui32Xtals</name>
         <load_address>0x334c</load_address>
         <run_address>0x334c</run_address>
         <size>0x6c</size>
         <input_file_ref idref="fl-d5"/>
      </object_component>
      <object_component id="oc-263">
         <name>.const:g_pui32EnRegs</name>
         <load_address>0x33b8</load_address>
         <run_address>0x33b8</run_address>
         <size>0x14</size>
         <input_file_ref idref="fl-d4"/>
      </object_component>
      <object_component id="oc-42c">
         <name>.cinit..data.load</name>
         <load_address>0x33d0</load_address>
         <run_address>0x33d0</run_address>
         <size>0x10</size>
      </object_component>
      <object_component id="oc-429">
         <name>__TI_handler_table</name>
         <load_address>0x33e0</load_address>
         <run_address>0x33e0</run_address>
         <size>0xc</size>
      </object_component>
      <object_component id="oc-42d">
         <name>.cinit..bss.load</name>
         <load_address>0x33f0</load_address>
         <run_address>0x33f0</run_address>
         <size>0x8</size>
      </object_component>
      <object_component id="oc-42b">
         <name>.cinit..vtable.load</name>
         <load_address>0x33f8</load_address>
         <run_address>0x33f8</run_address>
         <size>0x8</size>
      </object_component>
      <object_component id="oc-42a">
         <name>__TI_cinit_table</name>
         <load_address>0x3400</load_address>
         <run_address>0x3400</run_address>
         <size>0x18</size>
      </object_component>
      <object_component id="oc-25f">
         <name>.vtable</name>
         <uninitialized>true</uninitialized>
         <run_address>0x20000000</run_address>
         <size>0x26c</size>
         <input_file_ref idref="fl-d4"/>
      </object_component>
      <object_component id="oc-10c">
         <name>.data</name>
         <load_address>0x2000077c</load_address>
         <run_address>0x2000077c</run_address>
         <size>0x8</size>
         <input_file_ref idref="fl-4"/>
      </object_component>
      <object_component id="oc-15c">
         <name>.data</name>
         <load_address>0x20000774</load_address>
         <run_address>0x20000774</run_address>
         <size>0x8</size>
         <input_file_ref idref="fl-cf"/>
      </object_component>
      <object_component id="oc-1b5">
         <name>.data</name>
         <load_address>0x20000788</load_address>
         <run_address>0x20000788</run_address>
         <size>0x1</size>
         <input_file_ref idref="fl-d0"/>
      </object_component>
      <object_component id="oc-1ab">
         <name>.data</name>
         <load_address>0x20000789</load_address>
         <run_address>0x20000789</run_address>
         <size>0x1</size>
         <input_file_ref idref="fl-d1"/>
      </object_component>
      <object_component id="oc-3ab">
         <name>.data</name>
         <load_address>0x20000784</load_address>
         <run_address>0x20000784</run_address>
         <size>0x4</size>
         <input_file_ref idref="fl-e9"/>
      </object_component>
      <object_component id="oc-18c">
         <name>.bss</name>
         <uninitialized>true</uninitialized>
         <run_address>0x20000770</run_address>
         <size>0x4</size>
         <input_file_ref idref="fl-cf"/>
      </object_component>
      <object_component id="oc-15f">
         <name>.bss:callbackHeap</name>
         <uninitialized>true</uninitialized>
         <run_address>0x20000670</run_address>
         <size>0x100</size>
         <input_file_ref idref="fl-cf"/>
      </object_component>
      <object_component id="oc-21">
         <name>.stack</name>
         <uninitialized>true</uninitialized>
         <run_address>0x20000270</run_address>
         <size>0x4</size>
         <input_file_ref idref="fl-c6"/>
      </object_component>
      <object_component id="oc-42e">
         <name>.stack</name>
         <uninitialized>true</uninitialized>
         <run_address>0x20000270</run_address>
         <size>0x0</size>
      </object_component>
      <object_component id="oc-af">
         <name>.debug_info</name>
         <load_address>0x0</load_address>
         <run_address>0x0</run_address>
         <size>0x2f8</size>
         <input_file_ref idref="fl-2"/>
      </object_component>
      <object_component id="oc-fe">
         <name>.debug_info</name>
         <load_address>0x2f8</load_address>
         <run_address>0x2f8</run_address>
         <size>0x158</size>
         <input_file_ref idref="fl-2"/>
      </object_component>
      <object_component id="oc-6d">
         <name>.debug_info</name>
         <load_address>0x450</load_address>
         <run_address>0x450</run_address>
         <size>0x26b</size>
         <input_file_ref idref="fl-2"/>
      </object_component>
      <object_component id="oc-33">
         <name>.debug_info</name>
         <load_address>0x6bb</load_address>
         <run_address>0x6bb</run_address>
         <size>0x84</size>
         <input_file_ref idref="fl-2"/>
      </object_component>
      <object_component id="oc-aa">
         <name>.debug_info</name>
         <load_address>0x73f</load_address>
         <run_address>0x73f</run_address>
         <size>0x297</size>
         <input_file_ref idref="fl-2"/>
      </object_component>
      <object_component id="oc-25a">
         <name>.debug_info</name>
         <load_address>0x9d6</load_address>
         <run_address>0x9d6</run_address>
         <size>0xef</size>
         <input_file_ref idref="fl-2"/>
      </object_component>
      <object_component id="oc-72">
         <name>.debug_info</name>
         <load_address>0xac5</load_address>
         <run_address>0xac5</run_address>
         <size>0xbb</size>
         <input_file_ref idref="fl-2"/>
      </object_component>
      <object_component id="oc-c2">
         <name>.debug_info</name>
         <load_address>0xb80</load_address>
         <run_address>0xb80</run_address>
         <size>0x129</size>
         <input_file_ref idref="fl-3"/>
      </object_component>
      <object_component id="oc-203">
         <name>.debug_info</name>
         <load_address>0xca9</load_address>
         <run_address>0xca9</run_address>
         <size>0x522</size>
         <input_file_ref idref="fl-4"/>
      </object_component>
      <object_component id="oc-10d">
         <name>.debug_info</name>
         <load_address>0x11cb</load_address>
         <run_address>0x11cb</run_address>
         <size>0x139</size>
         <input_file_ref idref="fl-4"/>
      </object_component>
      <object_component id="oc-99">
         <name>.debug_info</name>
         <load_address>0x1304</load_address>
         <run_address>0x1304</run_address>
         <size>0x4d7</size>
         <input_file_ref idref="fl-4"/>
      </object_component>
      <object_component id="oc-2a7">
         <name>.debug_info</name>
         <load_address>0x17db</load_address>
         <run_address>0x17db</run_address>
         <size>0x48</size>
         <input_file_ref idref="fl-4"/>
      </object_component>
      <object_component id="oc-110">
         <name>.debug_info</name>
         <load_address>0x1823</load_address>
         <run_address>0x1823</run_address>
         <size>0x8b</size>
         <input_file_ref idref="fl-4"/>
      </object_component>
      <object_component id="oc-104">
         <name>.debug_info</name>
         <load_address>0x18ae</load_address>
         <run_address>0x18ae</run_address>
         <size>0x157</size>
         <input_file_ref idref="fl-5"/>
      </object_component>
      <object_component id="oc-de">
         <name>.debug_info</name>
         <load_address>0x1a05</load_address>
         <run_address>0x1a05</run_address>
         <size>0x10f</size>
         <input_file_ref idref="fl-6"/>
      </object_component>
      <object_component id="oc-2c">
         <name>.debug_info</name>
         <load_address>0x1b14</load_address>
         <run_address>0x1b14</run_address>
         <size>0x2c8</size>
         <input_file_ref idref="fl-7"/>
      </object_component>
      <object_component id="oc-10">
         <name>.debug_info</name>
         <load_address>0x1ddc</load_address>
         <run_address>0x1ddc</run_address>
         <size>0x107</size>
         <input_file_ref idref="fl-7"/>
      </object_component>
      <object_component id="oc-25">
         <name>.debug_info</name>
         <load_address>0x1ee3</load_address>
         <run_address>0x1ee3</run_address>
         <size>0x283</size>
         <input_file_ref idref="fl-7"/>
      </object_component>
      <object_component id="oc-8b">
         <name>.debug_info</name>
         <load_address>0x2166</load_address>
         <run_address>0x2166</run_address>
         <size>0x2d3</size>
         <input_file_ref idref="fl-c3"/>
      </object_component>
      <object_component id="oc-47">
         <name>.debug_info</name>
         <load_address>0x2439</load_address>
         <run_address>0x2439</run_address>
         <size>0x1d1</size>
         <input_file_ref idref="fl-c3"/>
      </object_component>
      <object_component id="oc-86">
         <name>.debug_info</name>
         <load_address>0x260a</load_address>
         <run_address>0x260a</run_address>
         <size>0x46</size>
         <input_file_ref idref="fl-c3"/>
      </object_component>
      <object_component id="oc-b7">
         <name>.debug_info</name>
         <load_address>0x2650</load_address>
         <run_address>0x2650</run_address>
         <size>0x2c</size>
         <input_file_ref idref="fl-c3"/>
      </object_component>
      <object_component id="oc-43">
         <name>.debug_info</name>
         <load_address>0x267c</load_address>
         <run_address>0x267c</run_address>
         <size>0x2a7</size>
         <input_file_ref idref="fl-c4"/>
      </object_component>
      <object_component id="oc-1b">
         <name>.debug_info</name>
         <load_address>0x2923</load_address>
         <run_address>0x2923</run_address>
         <size>0x1e9</size>
         <input_file_ref idref="fl-c4"/>
      </object_component>
      <object_component id="oc-3e">
         <name>.debug_info</name>
         <load_address>0x2b0c</load_address>
         <run_address>0x2b0c</run_address>
         <size>0x46</size>
         <input_file_ref idref="fl-c4"/>
      </object_component>
      <object_component id="oc-7e">
         <name>.debug_info</name>
         <load_address>0x2b52</load_address>
         <run_address>0x2b52</run_address>
         <size>0x2c</size>
         <input_file_ref idref="fl-c4"/>
      </object_component>
      <object_component id="oc-7c">
         <name>.debug_info</name>
         <load_address>0x2b7e</load_address>
         <run_address>0x2b7e</run_address>
         <size>0x29d</size>
         <input_file_ref idref="fl-c5"/>
      </object_component>
      <object_component id="oc-16">
         <name>.debug_info</name>
         <load_address>0x2e1b</load_address>
         <run_address>0x2e1b</run_address>
         <size>0x24f</size>
         <input_file_ref idref="fl-c5"/>
      </object_component>
      <object_component id="oc-2e">
         <name>.debug_info</name>
         <load_address>0x306a</load_address>
         <run_address>0x306a</run_address>
         <size>0x60</size>
         <input_file_ref idref="fl-c5"/>
      </object_component>
      <object_component id="oc-b0">
         <name>.debug_info</name>
         <load_address>0x30ca</load_address>
         <run_address>0x30ca</run_address>
         <size>0x46</size>
         <input_file_ref idref="fl-c5"/>
      </object_component>
      <object_component id="oc-77">
         <name>.debug_info</name>
         <load_address>0x3110</load_address>
         <run_address>0x3110</run_address>
         <size>0x39</size>
         <input_file_ref idref="fl-c5"/>
      </object_component>
      <object_component id="oc-22">
         <name>.debug_info</name>
         <load_address>0x3149</load_address>
         <run_address>0x3149</run_address>
         <size>0x10a</size>
         <input_file_ref idref="fl-c6"/>
      </object_component>
      <object_component id="oc-57">
         <name>.debug_info</name>
         <load_address>0x3253</load_address>
         <run_address>0x3253</run_address>
         <size>0x1a8</size>
         <input_file_ref idref="fl-c6"/>
      </object_component>
      <object_component id="oc-3a">
         <name>.debug_info</name>
         <load_address>0x33fb</load_address>
         <run_address>0x33fb</run_address>
         <size>0x118</size>
         <input_file_ref idref="fl-c7"/>
      </object_component>
      <object_component id="oc-8e">
         <name>.debug_info</name>
         <load_address>0x3513</load_address>
         <run_address>0x3513</run_address>
         <size>0x146</size>
         <input_file_ref idref="fl-c8"/>
      </object_component>
      <object_component id="oc-20f">
         <name>.debug_info</name>
         <load_address>0x3659</load_address>
         <run_address>0x3659</run_address>
         <size>0x4b2</size>
         <input_file_ref idref="fl-c9"/>
      </object_component>
      <object_component id="oc-122">
         <name>.debug_info</name>
         <load_address>0x3b0b</load_address>
         <run_address>0x3b0b</run_address>
         <size>0x1a5</size>
         <input_file_ref idref="fl-c9"/>
      </object_component>
      <object_component id="oc-2bc">
         <name>.debug_info</name>
         <load_address>0x3cb0</load_address>
         <run_address>0x3cb0</run_address>
         <size>0x39</size>
         <input_file_ref idref="fl-c9"/>
      </object_component>
      <object_component id="oc-33b">
         <name>.debug_info</name>
         <load_address>0x3ce9</load_address>
         <run_address>0x3ce9</run_address>
         <size>0x39</size>
         <input_file_ref idref="fl-c9"/>
      </object_component>
      <object_component id="oc-2c1">
         <name>.debug_info</name>
         <load_address>0x3d22</load_address>
         <run_address>0x3d22</run_address>
         <size>0x39</size>
         <input_file_ref idref="fl-c9"/>
      </object_component>
      <object_component id="oc-2c6">
         <name>.debug_info</name>
         <load_address>0x3d5b</load_address>
         <run_address>0x3d5b</run_address>
         <size>0xcd</size>
         <input_file_ref idref="fl-c9"/>
      </object_component>
      <object_component id="oc-96">
         <name>.debug_info</name>
         <load_address>0x3e28</load_address>
         <run_address>0x3e28</run_address>
         <size>0x152</size>
         <input_file_ref idref="fl-ca"/>
      </object_component>
      <object_component id="oc-119">
         <name>.debug_info</name>
         <load_address>0x3f7a</load_address>
         <run_address>0x3f7a</run_address>
         <size>0x121</size>
         <input_file_ref idref="fl-cc"/>
      </object_component>
      <object_component id="oc-190">
         <name>.debug_info</name>
         <load_address>0x409b</load_address>
         <run_address>0x409b</run_address>
         <size>0x454</size>
         <input_file_ref idref="fl-cf"/>
      </object_component>
      <object_component id="oc-18d">
         <name>.debug_info</name>
         <load_address>0x44ef</load_address>
         <run_address>0x44ef</run_address>
         <size>0xf6</size>
         <input_file_ref idref="fl-cf"/>
      </object_component>
      <object_component id="oc-15d">
         <name>.debug_info</name>
         <load_address>0x45e5</load_address>
         <run_address>0x45e5</run_address>
         <size>0x122</size>
         <input_file_ref idref="fl-cf"/>
      </object_component>
      <object_component id="oc-160">
         <name>.debug_info</name>
         <load_address>0x4707</load_address>
         <run_address>0x4707</run_address>
         <size>0xfc</size>
         <input_file_ref idref="fl-cf"/>
      </object_component>
      <object_component id="oc-c6">
         <name>.debug_info</name>
         <load_address>0x4803</load_address>
         <run_address>0x4803</run_address>
         <size>0x9ed</size>
         <input_file_ref idref="fl-cf"/>
      </object_component>
      <object_component id="oc-23e">
         <name>.debug_info</name>
         <load_address>0x51f0</load_address>
         <run_address>0x51f0</run_address>
         <size>0x51</size>
         <input_file_ref idref="fl-cf"/>
      </object_component>
      <object_component id="oc-2a0">
         <name>.debug_info</name>
         <load_address>0x5241</load_address>
         <run_address>0x5241</run_address>
         <size>0xcc</size>
         <input_file_ref idref="fl-cf"/>
      </object_component>
      <object_component id="oc-1fc">
         <name>.debug_info</name>
         <load_address>0x530d</load_address>
         <run_address>0x530d</run_address>
         <size>0x2c</size>
         <input_file_ref idref="fl-cf"/>
      </object_component>
      <object_component id="oc-1b6">
         <name>.debug_info</name>
         <load_address>0x5339</load_address>
         <run_address>0x5339</run_address>
         <size>0xf4</size>
         <input_file_ref idref="fl-d0"/>
      </object_component>
      <object_component id="oc-db">
         <name>.debug_info</name>
         <load_address>0x542d</load_address>
         <run_address>0x542d</run_address>
         <size>0x2c4</size>
         <input_file_ref idref="fl-d0"/>
      </object_component>
      <object_component id="oc-1ac">
         <name>.debug_info</name>
         <load_address>0x56f1</load_address>
         <run_address>0x56f1</run_address>
         <size>0xfb</size>
         <input_file_ref idref="fl-d1"/>
      </object_component>
      <object_component id="oc-d2">
         <name>.debug_info</name>
         <load_address>0x57ec</load_address>
         <run_address>0x57ec</run_address>
         <size>0x25c</size>
         <input_file_ref idref="fl-d1"/>
      </object_component>
      <object_component id="oc-1fb">
         <name>.debug_info</name>
         <load_address>0x5a48</load_address>
         <run_address>0x5a48</run_address>
         <size>0x451</size>
         <input_file_ref idref="fl-d2"/>
      </object_component>
      <object_component id="oc-107">
         <name>.debug_info</name>
         <load_address>0x5e99</load_address>
         <run_address>0x5e99</run_address>
         <size>0x3f9</size>
         <input_file_ref idref="fl-d2"/>
      </object_component>
      <object_component id="oc-192">
         <name>.debug_info</name>
         <load_address>0x6292</load_address>
         <run_address>0x6292</run_address>
         <size>0x3e4</size>
         <input_file_ref idref="fl-d3"/>
      </object_component>
      <object_component id="oc-254">
         <name>.debug_info</name>
         <load_address>0x6676</load_address>
         <run_address>0x6676</run_address>
         <size>0x170</size>
         <input_file_ref idref="fl-d3"/>
      </object_component>
      <object_component id="oc-257">
         <name>.debug_info</name>
         <load_address>0x67e6</load_address>
         <run_address>0x67e6</run_address>
         <size>0x172</size>
         <input_file_ref idref="fl-d3"/>
      </object_component>
      <object_component id="oc-26c">
         <name>.debug_info</name>
         <load_address>0x6958</load_address>
         <run_address>0x6958</run_address>
         <size>0x164</size>
         <input_file_ref idref="fl-d3"/>
      </object_component>
      <object_component id="oc-157">
         <name>.debug_info</name>
         <load_address>0x6abc</load_address>
         <run_address>0x6abc</run_address>
         <size>0x2ac</size>
         <input_file_ref idref="fl-d3"/>
      </object_component>
      <object_component id="oc-247">
         <name>.debug_info</name>
         <load_address>0x6d68</load_address>
         <run_address>0x6d68</run_address>
         <size>0x2bc</size>
         <input_file_ref idref="fl-d3"/>
      </object_component>
      <object_component id="oc-1a1">
         <name>.debug_info</name>
         <load_address>0x7024</load_address>
         <run_address>0x7024</run_address>
         <size>0x31f</size>
         <input_file_ref idref="fl-d3"/>
      </object_component>
      <object_component id="oc-1de">
         <name>.debug_info</name>
         <load_address>0x7343</load_address>
         <run_address>0x7343</run_address>
         <size>0x29b</size>
         <input_file_ref idref="fl-d3"/>
      </object_component>
      <object_component id="oc-1b0">
         <name>.debug_info</name>
         <load_address>0x75de</load_address>
         <run_address>0x75de</run_address>
         <size>0x2c0</size>
         <input_file_ref idref="fl-d3"/>
      </object_component>
      <object_component id="oc-19a">
         <name>.debug_info</name>
         <load_address>0x789e</load_address>
         <run_address>0x789e</run_address>
         <size>0x2a5</size>
         <input_file_ref idref="fl-d3"/>
      </object_component>
      <object_component id="oc-1a6">
         <name>.debug_info</name>
         <load_address>0x7b43</load_address>
         <run_address>0x7b43</run_address>
         <size>0x284</size>
         <input_file_ref idref="fl-d3"/>
      </object_component>
      <object_component id="oc-1d7">
         <name>.debug_info</name>
         <load_address>0x7dc7</load_address>
         <run_address>0x7dc7</run_address>
         <size>0x289</size>
         <input_file_ref idref="fl-d3"/>
      </object_component>
      <object_component id="oc-1bb">
         <name>.debug_info</name>
         <load_address>0x8050</load_address>
         <run_address>0x8050</run_address>
         <size>0x2a1</size>
         <input_file_ref idref="fl-d3"/>
      </object_component>
      <object_component id="oc-e9">
         <name>.debug_info</name>
         <load_address>0x82f1</load_address>
         <run_address>0x82f1</run_address>
         <size>0x2c4</size>
         <input_file_ref idref="fl-d3"/>
      </object_component>
      <object_component id="oc-e3">
         <name>.debug_info</name>
         <load_address>0x85b5</load_address>
         <run_address>0x85b5</run_address>
         <size>0x2d8</size>
         <input_file_ref idref="fl-d3"/>
      </object_component>
      <object_component id="oc-f5">
         <name>.debug_info</name>
         <load_address>0x888d</load_address>
         <run_address>0x888d</run_address>
         <size>0x298</size>
         <input_file_ref idref="fl-d3"/>
      </object_component>
      <object_component id="oc-cc">
         <name>.debug_info</name>
         <load_address>0x8b25</load_address>
         <run_address>0x8b25</run_address>
         <size>0x296</size>
         <input_file_ref idref="fl-d3"/>
      </object_component>
      <object_component id="oc-1d2">
         <name>.debug_info</name>
         <load_address>0x8dbb</load_address>
         <run_address>0x8dbb</run_address>
         <size>0x3b7</size>
         <input_file_ref idref="fl-d4"/>
      </object_component>
      <object_component id="oc-1cf">
         <name>.debug_info</name>
         <load_address>0x9172</load_address>
         <run_address>0x9172</run_address>
         <size>0x157</size>
         <input_file_ref idref="fl-d4"/>
      </object_component>
      <object_component id="oc-264">
         <name>.debug_info</name>
         <load_address>0x92c9</load_address>
         <run_address>0x92c9</run_address>
         <size>0x15b</size>
         <input_file_ref idref="fl-d4"/>
      </object_component>
      <object_component id="oc-260">
         <name>.debug_info</name>
         <load_address>0x9424</load_address>
         <run_address>0x9424</run_address>
         <size>0x160</size>
         <input_file_ref idref="fl-d4"/>
      </object_component>
      <object_component id="oc-1c4">
         <name>.debug_info</name>
         <load_address>0x9584</load_address>
         <run_address>0x9584</run_address>
         <size>0x2ca</size>
         <input_file_ref idref="fl-d4"/>
      </object_component>
      <object_component id="oc-f2">
         <name>.debug_info</name>
         <load_address>0x984e</load_address>
         <run_address>0x984e</run_address>
         <size>0x2d2</size>
         <input_file_ref idref="fl-d4"/>
      </object_component>
      <object_component id="oc-1c9">
         <name>.debug_info</name>
         <load_address>0x9b20</load_address>
         <run_address>0x9b20</run_address>
         <size>0x271</size>
         <input_file_ref idref="fl-d4"/>
      </object_component>
      <object_component id="oc-230">
         <name>.debug_info</name>
         <load_address>0x9d91</load_address>
         <run_address>0x9d91</run_address>
         <size>0x441</size>
         <input_file_ref idref="fl-d5"/>
      </object_component>
      <object_component id="oc-232">
         <name>.debug_info</name>
         <load_address>0xa1d2</load_address>
         <run_address>0xa1d2</run_address>
         <size>0x156</size>
         <input_file_ref idref="fl-d5"/>
      </object_component>
      <object_component id="oc-194">
         <name>.debug_info</name>
         <load_address>0xa328</load_address>
         <run_address>0xa328</run_address>
         <size>0x286</size>
         <input_file_ref idref="fl-d5"/>
      </object_component>
      <object_component id="oc-169">
         <name>.debug_info</name>
         <load_address>0xa5ae</load_address>
         <run_address>0xa5ae</run_address>
         <size>0x2e4</size>
         <input_file_ref idref="fl-d5"/>
      </object_component>
      <object_component id="oc-16f">
         <name>.debug_info</name>
         <load_address>0xa892</load_address>
         <run_address>0xa892</run_address>
         <size>0x2be</size>
         <input_file_ref idref="fl-d5"/>
      </object_component>
      <object_component id="oc-2d0">
         <name>.debug_info</name>
         <load_address>0xab50</load_address>
         <run_address>0xab50</run_address>
         <size>0x51</size>
         <input_file_ref idref="fl-d5"/>
      </object_component>
      <object_component id="oc-236">
         <name>.debug_info</name>
         <load_address>0xaba1</load_address>
         <run_address>0xaba1</run_address>
         <size>0x346</size>
         <input_file_ref idref="fl-d6"/>
      </object_component>
      <object_component id="oc-177">
         <name>.debug_info</name>
         <load_address>0xaee7</load_address>
         <run_address>0xaee7</run_address>
         <size>0x26a</size>
         <input_file_ref idref="fl-d6"/>
      </object_component>
      <object_component id="oc-17d">
         <name>.debug_info</name>
         <load_address>0xb151</load_address>
         <run_address>0xb151</run_address>
         <size>0x280</size>
         <input_file_ref idref="fl-d6"/>
      </object_component>
      <object_component id="oc-181">
         <name>.debug_info</name>
         <load_address>0xb3d1</load_address>
         <run_address>0xb3d1</run_address>
         <size>0x230</size>
         <input_file_ref idref="fl-d6"/>
      </object_component>
      <object_component id="oc-189">
         <name>.debug_info</name>
         <load_address>0xb601</load_address>
         <run_address>0xb601</run_address>
         <size>0x22a</size>
         <input_file_ref idref="fl-d6"/>
      </object_component>
      <object_component id="oc-27d">
         <name>.debug_info</name>
         <load_address>0xb82b</load_address>
         <run_address>0xb82b</run_address>
         <size>0x3cb</size>
         <input_file_ref idref="fl-d7"/>
      </object_component>
      <object_component id="oc-277">
         <name>.debug_info</name>
         <load_address>0xbbf6</load_address>
         <run_address>0xbbf6</run_address>
         <size>0x250</size>
         <input_file_ref idref="fl-d7"/>
      </object_component>
      <object_component id="oc-271">
         <name>.debug_info</name>
         <load_address>0xbe46</load_address>
         <run_address>0xbe46</run_address>
         <size>0x252</size>
         <input_file_ref idref="fl-d7"/>
      </object_component>
      <object_component id="oc-1e3">
         <name>.debug_info</name>
         <load_address>0xc098</load_address>
         <run_address>0xc098</run_address>
         <size>0x32f</size>
         <input_file_ref idref="fl-d7"/>
      </object_component>
      <object_component id="oc-1e9">
         <name>.debug_info</name>
         <load_address>0xc3c7</load_address>
         <run_address>0xc3c7</run_address>
         <size>0x27c</size>
         <input_file_ref idref="fl-d7"/>
      </object_component>
      <object_component id="oc-1ef">
         <name>.debug_info</name>
         <load_address>0xc643</load_address>
         <run_address>0xc643</run_address>
         <size>0x256</size>
         <input_file_ref idref="fl-d7"/>
      </object_component>
      <object_component id="oc-293">
         <name>.debug_info</name>
         <load_address>0xc899</load_address>
         <run_address>0xc899</run_address>
         <size>0x33f</size>
         <input_file_ref idref="fl-d9"/>
      </object_component>
      <object_component id="oc-1f7">
         <name>.debug_info</name>
         <load_address>0xcbd8</load_address>
         <run_address>0xcbd8</run_address>
         <size>0x207</size>
         <input_file_ref idref="fl-d9"/>
      </object_component>
      <object_component id="oc-287">
         <name>.debug_info</name>
         <load_address>0xcddf</load_address>
         <run_address>0xcddf</run_address>
         <size>0x1c5</size>
         <input_file_ref idref="fl-d9"/>
      </object_component>
      <object_component id="oc-28e">
         <name>.debug_info</name>
         <load_address>0xcfa4</load_address>
         <run_address>0xcfa4</run_address>
         <size>0x178</size>
         <input_file_ref idref="fl-d9"/>
      </object_component>
      <object_component id="oc-294">
         <name>.debug_info</name>
         <load_address>0xd11c</load_address>
         <run_address>0xd11c</run_address>
         <size>0x2c</size>
         <input_file_ref idref="fl-d9"/>
      </object_component>
      <object_component id="oc-299">
         <name>.debug_info</name>
         <load_address>0xd148</load_address>
         <run_address>0xd148</run_address>
         <size>0x69</size>
         <input_file_ref idref="fl-d9"/>
      </object_component>
      <object_component id="oc-163">
         <name>.debug_info</name>
         <load_address>0xd1b1</load_address>
         <run_address>0xd1b1</run_address>
         <size>0x133</size>
         <input_file_ref idref="fl-da"/>
      </object_component>
      <object_component id="oc-329">
         <name>.debug_info</name>
         <load_address>0xd2e4</load_address>
         <run_address>0xd2e4</run_address>
         <size>0x57a</size>
         <input_file_ref idref="fl-db"/>
      </object_component>
      <object_component id="oc-2f4">
         <name>.debug_info</name>
         <load_address>0xd85e</load_address>
         <run_address>0xd85e</run_address>
         <size>0x21d</size>
         <input_file_ref idref="fl-db"/>
      </object_component>
      <object_component id="oc-375">
         <name>.debug_info</name>
         <load_address>0xda7b</load_address>
         <run_address>0xda7b</run_address>
         <size>0x1b2</size>
         <input_file_ref idref="fl-db"/>
      </object_component>
      <object_component id="oc-37b">
         <name>.debug_info</name>
         <load_address>0xdc2d</load_address>
         <run_address>0xdc2d</run_address>
         <size>0x21a</size>
         <input_file_ref idref="fl-db"/>
      </object_component>
      <object_component id="oc-2ff">
         <name>.debug_info</name>
         <load_address>0xde47</load_address>
         <run_address>0xde47</run_address>
         <size>0x3ba</size>
         <input_file_ref idref="fl-db"/>
      </object_component>
      <object_component id="oc-382">
         <name>.debug_info</name>
         <load_address>0xe201</load_address>
         <run_address>0xe201</run_address>
         <size>0x304</size>
         <input_file_ref idref="fl-db"/>
      </object_component>
      <object_component id="oc-389">
         <name>.debug_info</name>
         <load_address>0xe505</load_address>
         <run_address>0xe505</run_address>
         <size>0x214</size>
         <input_file_ref idref="fl-db"/>
      </object_component>
      <object_component id="oc-306">
         <name>.debug_info</name>
         <load_address>0xe719</load_address>
         <run_address>0xe719</run_address>
         <size>0x214</size>
         <input_file_ref idref="fl-db"/>
      </object_component>
      <object_component id="oc-30b">
         <name>.debug_info</name>
         <load_address>0xe92d</load_address>
         <run_address>0xe92d</run_address>
         <size>0x303</size>
         <input_file_ref idref="fl-db"/>
      </object_component>
      <object_component id="oc-312">
         <name>.debug_info</name>
         <load_address>0xec30</load_address>
         <run_address>0xec30</run_address>
         <size>0x4af</size>
         <input_file_ref idref="fl-db"/>
      </object_component>
      <object_component id="oc-281">
         <name>.debug_info</name>
         <load_address>0xf0df</load_address>
         <run_address>0xf0df</run_address>
         <size>0x5f3</size>
         <input_file_ref idref="fl-db"/>
      </object_component>
      <object_component id="oc-32a">
         <name>.debug_info</name>
         <load_address>0xf6d2</load_address>
         <run_address>0xf6d2</run_address>
         <size>0x86</size>
         <input_file_ref idref="fl-db"/>
      </object_component>
      <object_component id="oc-3b2">
         <name>.debug_info</name>
         <load_address>0xf758</load_address>
         <run_address>0xf758</run_address>
         <size>0x39</size>
         <input_file_ref idref="fl-db"/>
      </object_component>
      <object_component id="oc-3ed">
         <name>.debug_info</name>
         <load_address>0xf791</load_address>
         <run_address>0xf791</run_address>
         <size>0xb6</size>
         <input_file_ref idref="fl-db"/>
      </object_component>
      <object_component id="oc-3b7">
         <name>.debug_info</name>
         <load_address>0xf847</load_address>
         <run_address>0xf847</run_address>
         <size>0x46</size>
         <input_file_ref idref="fl-db"/>
      </object_component>
      <object_component id="oc-32f">
         <name>.debug_info</name>
         <load_address>0xf88d</load_address>
         <run_address>0xf88d</run_address>
         <size>0x46</size>
         <input_file_ref idref="fl-db"/>
      </object_component>
      <object_component id="oc-22b">
         <name>.debug_info</name>
         <load_address>0xf8d3</load_address>
         <run_address>0xf8d3</run_address>
         <size>0x114</size>
         <input_file_ref idref="fl-dc"/>
      </object_component>
      <object_component id="oc-372">
         <name>.debug_info</name>
         <load_address>0xf9e7</load_address>
         <run_address>0xf9e7</run_address>
         <size>0x14b</size>
         <input_file_ref idref="fl-dd"/>
      </object_component>
      <object_component id="oc-2fc">
         <name>.debug_info</name>
         <load_address>0xfb32</load_address>
         <run_address>0xfb32</run_address>
         <size>0x127</size>
         <input_file_ref idref="fl-de"/>
      </object_component>
      <object_component id="oc-35c">
         <name>.debug_info</name>
         <load_address>0xfc59</load_address>
         <run_address>0xfc59</run_address>
         <size>0x129</size>
         <input_file_ref idref="fl-de"/>
      </object_component>
      <object_component id="oc-356">
         <name>.debug_info</name>
         <load_address>0xfd82</load_address>
         <run_address>0xfd82</run_address>
         <size>0x139</size>
         <input_file_ref idref="fl-df"/>
      </object_component>
      <object_component id="oc-352">
         <name>.debug_info</name>
         <load_address>0xfebb</load_address>
         <run_address>0xfebb</run_address>
         <size>0x139</size>
         <input_file_ref idref="fl-e0"/>
      </object_component>
      <object_component id="oc-362">
         <name>.debug_info</name>
         <load_address>0xfff4</load_address>
         <run_address>0xfff4</run_address>
         <size>0x12d</size>
         <input_file_ref idref="fl-e1"/>
      </object_component>
      <object_component id="oc-36c">
         <name>.debug_info</name>
         <load_address>0x10121</load_address>
         <run_address>0x10121</run_address>
         <size>0x12b</size>
         <input_file_ref idref="fl-e2"/>
      </object_component>
      <object_component id="oc-34d">
         <name>.debug_info</name>
         <load_address>0x1024c</load_address>
         <run_address>0x1024c</run_address>
         <size>0x2b8</size>
         <input_file_ref idref="fl-e3"/>
      </object_component>
      <object_component id="oc-2f1">
         <name>.debug_info</name>
         <load_address>0x10504</load_address>
         <run_address>0x10504</run_address>
         <size>0x17b</size>
         <input_file_ref idref="fl-e3"/>
      </object_component>
      <object_component id="oc-3c0">
         <name>.debug_info</name>
         <load_address>0x1067f</load_address>
         <run_address>0x1067f</run_address>
         <size>0xf8</size>
         <input_file_ref idref="fl-e4"/>
      </object_component>
      <object_component id="oc-34a">
         <name>.debug_info</name>
         <load_address>0x10777</load_address>
         <run_address>0x10777</run_address>
         <size>0x104</size>
         <input_file_ref idref="fl-e4"/>
      </object_component>
      <object_component id="oc-3c8">
         <name>.debug_info</name>
         <load_address>0x1087b</load_address>
         <run_address>0x1087b</run_address>
         <size>0x29a</size>
         <input_file_ref idref="fl-e5"/>
      </object_component>
      <object_component id="oc-367">
         <name>.debug_info</name>
         <load_address>0x10b15</load_address>
         <run_address>0x10b15</run_address>
         <size>0x1cc</size>
         <input_file_ref idref="fl-e5"/>
      </object_component>
      <object_component id="oc-3a3">
         <name>.debug_info</name>
         <load_address>0x10ce1</load_address>
         <run_address>0x10ce1</run_address>
         <size>0x295</size>
         <input_file_ref idref="fl-e6"/>
      </object_component>
      <object_component id="oc-317">
         <name>.debug_info</name>
         <load_address>0x10f76</load_address>
         <run_address>0x10f76</run_address>
         <size>0x1b5</size>
         <input_file_ref idref="fl-e6"/>
      </object_component>
      <object_component id="oc-3df">
         <name>.debug_info</name>
         <load_address>0x1112b</load_address>
         <run_address>0x1112b</run_address>
         <size>0x299</size>
         <input_file_ref idref="fl-e7"/>
      </object_component>
      <object_component id="oc-39e">
         <name>.debug_info</name>
         <load_address>0x113c4</load_address>
         <run_address>0x113c4</run_address>
         <size>0x25d</size>
         <input_file_ref idref="fl-e7"/>
      </object_component>
      <object_component id="oc-348">
         <name>.debug_info</name>
         <load_address>0x11621</load_address>
         <run_address>0x11621</run_address>
         <size>0x28e</size>
         <input_file_ref idref="fl-e8"/>
      </object_component>
      <object_component id="oc-2e9">
         <name>.debug_info</name>
         <load_address>0x118af</load_address>
         <run_address>0x118af</run_address>
         <size>0x240</size>
         <input_file_ref idref="fl-e8"/>
      </object_component>
      <object_component id="oc-3af">
         <name>.debug_info</name>
         <load_address>0x11aef</load_address>
         <run_address>0x11aef</run_address>
         <size>0x288</size>
         <input_file_ref idref="fl-e9"/>
      </object_component>
      <object_component id="oc-3ac">
         <name>.debug_info</name>
         <load_address>0x11d77</load_address>
         <run_address>0x11d77</run_address>
         <size>0x10d</size>
         <input_file_ref idref="fl-e9"/>
      </object_component>
      <object_component id="oc-323">
         <name>.debug_info</name>
         <load_address>0x11e84</load_address>
         <run_address>0x11e84</run_address>
         <size>0x14d</size>
         <input_file_ref idref="fl-e9"/>
      </object_component>
      <object_component id="oc-3aa">
         <name>.debug_info</name>
         <load_address>0x11fd1</load_address>
         <run_address>0x11fd1</run_address>
         <size>0x28e</size>
         <input_file_ref idref="fl-ea"/>
      </object_component>
      <object_component id="oc-31d">
         <name>.debug_info</name>
         <load_address>0x1225f</load_address>
         <run_address>0x1225f</run_address>
         <size>0x159</size>
         <input_file_ref idref="fl-ea"/>
      </object_component>
      <object_component id="oc-3e2">
         <name>.debug_info</name>
         <load_address>0x123b8</load_address>
         <run_address>0x123b8</run_address>
         <size>0x46</size>
         <input_file_ref idref="fl-ea"/>
      </object_component>
      <object_component id="oc-3a5">
         <name>.debug_info</name>
         <load_address>0x123fe</load_address>
         <run_address>0x123fe</run_address>
         <size>0x39</size>
         <input_file_ref idref="fl-ea"/>
      </object_component>
      <object_component id="oc-3d0">
         <name>.debug_info</name>
         <load_address>0x12437</load_address>
         <run_address>0x12437</run_address>
         <size>0x299</size>
         <input_file_ref idref="fl-eb"/>
      </object_component>
      <object_component id="oc-390">
         <name>.debug_info</name>
         <load_address>0x126d0</load_address>
         <run_address>0x126d0</run_address>
         <size>0x194</size>
         <input_file_ref idref="fl-eb"/>
      </object_component>
      <object_component id="oc-3f8">
         <name>.debug_info</name>
         <load_address>0x12864</load_address>
         <run_address>0x12864</run_address>
         <size>0x39</size>
         <input_file_ref idref="fl-eb"/>
      </object_component>
      <object_component id="oc-3d1">
         <name>.debug_info</name>
         <load_address>0x1289d</load_address>
         <run_address>0x1289d</run_address>
         <size>0x2c</size>
         <input_file_ref idref="fl-eb"/>
      </object_component>
      <object_component id="oc-3dd">
         <name>.debug_info</name>
         <load_address>0x128c9</load_address>
         <run_address>0x128c9</run_address>
         <size>0x2fc</size>
         <input_file_ref idref="fl-ec"/>
      </object_component>
      <object_component id="oc-397">
         <name>.debug_info</name>
         <load_address>0x12bc5</load_address>
         <run_address>0x12bc5</run_address>
         <size>0x224</size>
         <input_file_ref idref="fl-ec"/>
      </object_component>
      <object_component id="oc-3d8">
         <name>.debug_info</name>
         <load_address>0x12de9</load_address>
         <run_address>0x12de9</run_address>
         <size>0x160</size>
         <input_file_ref idref="fl-ed"/>
      </object_component>
      <object_component id="oc-42f">
         <name>.debug_info</name>
         <load_address>0x12f49</load_address>
         <run_address>0x12f49</run_address>
         <size>0xba</size>
      </object_component>
      <object_component id="oc-154">
         <name>.debug_line</name>
         <load_address>0x0</load_address>
         <run_address>0x0</run_address>
         <size>0x8e</size>
         <input_file_ref idref="fl-2"/>
      </object_component>
      <object_component id="oc-fd">
         <name>.debug_line</name>
         <load_address>0x8e</load_address>
         <run_address>0x8e</run_address>
         <size>0x45</size>
         <input_file_ref idref="fl-2"/>
      </object_component>
      <object_component id="oc-70">
         <name>.debug_line</name>
         <load_address>0xd3</load_address>
         <run_address>0xd3</run_address>
         <size>0x6f</size>
         <input_file_ref idref="fl-2"/>
      </object_component>
      <object_component id="oc-36">
         <name>.debug_line</name>
         <load_address>0x142</load_address>
         <run_address>0x142</run_address>
         <size>0x20</size>
         <input_file_ref idref="fl-2"/>
      </object_component>
      <object_component id="oc-ad">
         <name>.debug_line</name>
         <load_address>0x162</load_address>
         <run_address>0x162</run_address>
         <size>0x73</size>
         <input_file_ref idref="fl-2"/>
      </object_component>
      <object_component id="oc-25d">
         <name>.debug_line</name>
         <load_address>0x1d5</load_address>
         <run_address>0x1d5</run_address>
         <size>0x6f</size>
         <input_file_ref idref="fl-2"/>
      </object_component>
      <object_component id="oc-75">
         <name>.debug_line</name>
         <load_address>0x244</load_address>
         <run_address>0x244</run_address>
         <size>0x70</size>
         <input_file_ref idref="fl-2"/>
      </object_component>
      <object_component id="oc-c4">
[...]
            <load_size>0x8</load_size>
            <run_address>0x20000000</run_address>
            <run_size>0x26c</run_size>
            <compression>zero_init</compression>
         </cprec>
      </cptbl>
   </cptbl_list>
   <handler_table>
      <handler_table_name>__TI_handler_table</handler_table_name>
      <handler>
         <index>0x0</index>
         <name>__TI_zero_init</name>
      </handler>
      <handler>
         <index>0x1</index>
         <name>__TI_decompress_lzss</name>
      </handler>
      <handler>
         <index>0x2</index>
         <name>__TI_decompress_none</name>
      </handler>
   </handler_table>
   <symbol_table>
      <symbol id="sm-1">
         <name>__STACK_TOP</name>
         <value>0x20000470</value>
      </symbol>
      <symbol id="sm-2">
         <name>__TI_CINIT_Base</name>
         <value>0x3400</value>
      </symbol>
      <symbol id="sm-3">
         <name>__TI_CINIT_Limit</name>
         <value>0x3418</value>
      </symbol>
      <symbol id="sm-4">
         <name>__TI_Handler_Table_Base</name>
         <value>0x33e0</value>
      </symbol>
      <symbol id="sm-5">
         <name>__TI_Handler_Table_Limit</name>
         <value>0x33ec</value>
      </symbol>
      <symbol id="sm-6">
         <name>binit</name>
         <value>0xffffffff</value>
      </symbol>
      <symbol id="sm-7">
         <name>__binit__</name>
         <value>0xffffffff</value>
      </symbol>
      <symbol id="sm-8">
         <name>__STACK_SIZE</name>
         <value>0x400</value>
      </symbol>
      <symbol id="sm-9">
         <name>__STACK_END</name>
         <value>0x20000670</value>
      </symbol>
      <symbol id="sm-a">
         <name>__c_args__</name>
         <value>0xffffffff</value>
      </symbol>
      <symbol id="sm-b">
         <name>__TI_pprof_out_hndl</name>
         <value>0xffffffff</value>
      </symbol>
      <symbol id="sm-c">
         <name>__TI_prof_data_start</name>
         <value>0xffffffff</value>
      </symbol>
      <symbol id="sm-d">
         <name>__TI_prof_data_size</name>
         <value>0xffffffff</value>
      </symbol>
      <symbol id="sm-4b">
         <name>buzzerInit</name>
         <value>0x2d81</value>
         <object_component_ref idref="oc-fa"/>
      </symbol>
      <symbol id="sm-56">
         <name>buzzerOn</name>
         <value>0x2cf9</value>
         <object_component_ref idref="oc-c0"/>
      </symbol>
      <symbol id="sm-57">
         <name>buzzerOff</name>
         <value>0x2d0d</value>
         <object_component_ref idref="oc-c0"/>
      </symbol>
      <symbol id="sm-99">
         <name>motionISR</name>
         <value>0x172d</value>
         <object_component_ref idref="oc-98"/>
      </symbol>
      <symbol id="sm-9a">
         <name>main</name>
         <value>0x17c9</value>
         <object_component_ref idref="oc-98"/>
      </symbol>
      <symbol id="sm-9b">
         <name>callbackBuzzerPlay</name>
         <value>0x1685</value>
         <object_component_ref idref="oc-98"/>
      </symbol>
      <symbol id="sm-9c">
         <name>pbISR</name>
         <value>0x16d7</value>
         <object_component_ref idref="oc-98"/>
      </symbol>
      <symbol id="sm-9d">
         <name>intrInit</name>
         <value>0x1781</value>
         <object_component_ref idref="oc-98"/>
      </symbol>
      <symbol id="sm-aa">
         <name>motionInit</name>
         <value>0x2dd5</value>
         <object_component_ref idref="oc-100"/>
      </symbol>
      <symbol id="sm-b5">
         <name>motionOnOff</name>
         <value>0x2ed9</value>
         <object_component_ref idref="oc-dd"/>
      </symbol>
      <symbol id="sm-d1">
         <name>ResetISR</name>
         <value>0x2f3b</value>
         <object_component_ref idref="oc-24"/>
      </symbol>
      <symbol id="sm-d2">
         <name>g_pfnVectors</name>
         <value>0x0</value>
         <object_component_ref idref="oc-f"/>
      </symbol>
      <symbol id="sm-eb">
         <name>__TI_zero_init_nomemset</name>
         <value>0x2d9d</value>
         <object_component_ref idref="oc-44"/>
      </symbol>
      <symbol id="sm-102">
         <name>__TI_decompress_none</name>
         <value>0x2f21</value>
         <object_component_ref idref="oc-18"/>
      </symbol>
      <symbol id="sm-125">
         <name>__TI_decompress_lzss</name>
         <value>0x277d</value>
         <object_component_ref idref="oc-12"/>
      </symbol>
      <symbol id="sm-138">
         <name>__stack</name>
         <value>0x20000270</value>
         <object_component_ref idref="oc-21"/>
      </symbol>
      <symbol id="sm-139">
         <name>_c_int00_noargs</name>
         <value>0x2c35</value>
         <object_component_ref idref="oc-56"/>
      </symbol>
      <symbol id="sm-154">
         <name>memcpy</name>
         <value>0x2361</value>
         <object_component_ref idref="oc-38"/>
      </symbol>
      <symbol id="sm-155">
         <name>__aeabi_memcpy</name>
         <value>0x2361</value>
         <object_component_ref idref="oc-38"/>
      </symbol>
      <symbol id="sm-156">
         <name>__aeabi_memcpy8</name>
         <value>0x2361</value>
         <object_component_ref idref="oc-38"/>
      </symbol>
      <symbol id="sm-157">
         <name>__aeabi_memcpy4</name>
         <value>0x2361</value>
         <object_component_ref idref="oc-38"/>
      </symbol>
      <symbol id="sm-166">
         <name>__aeabi_memset</name>
         <value>0x262f</value>
         <object_component_ref idref="oc-8c"/>
      </symbol>
      <symbol id="sm-167">
         <name>memset</name>
         <value>0x2635</value>
         <object_component_ref idref="oc-8c"/>
      </symbol>
      <symbol id="sm-168">
         <name>__aeabi_memset8</name>
         <value>0x262f</value>
         <object_component_ref idref="oc-8c"/>
      </symbol>
      <symbol id="sm-169">
         <name>__aeabi_memset4</name>
         <value>0x262f</value>
         <object_component_ref idref="oc-8c"/>
      </symbol>
      <symbol id="sm-16a">
         <name>__aeabi_memclr8</name>
         <value>0x262d</value>
         <object_component_ref idref="oc-8c"/>
      </symbol>
      <symbol id="sm-16b">
         <name>__aeabi_memclr4</name>
         <value>0x262d</value>
         <object_component_ref idref="oc-8c"/>
      </symbol>
      <symbol id="sm-16c">
         <name>__aeabi_memclr</name>
         <value>0x262d</value>
         <object_component_ref idref="oc-8c"/>
      </symbol>
      <symbol id="sm-194">
         <name>__TI_auto_init_nobinit_nopinit</name>
         <value>0x2b09</value>
         <object_component_ref idref="oc-121"/>
      </symbol>
      <symbol id="sm-19e">
         <name>_system_pre_init</name>
         <value>0x2f7d</value>
         <object_component_ref idref="oc-92"/>
      </symbol>
      <symbol id="sm-1aa">
         <name>C$$EXIT</name>
         <value>0x2f81</value>
         <object_component_ref idref="oc-115"/>
      </symbol>
      <symbol id="sm-1ab">
         <name>abort</name>
         <value>0x2f81</value>
         <object_component_ref idref="oc-115"/>
      </symbol>
      <symbol id="sm-214">
         <name>schdExecute</name>
         <value>0xe65</value>
         <object_component_ref idref="oc-c5"/>
      </symbol>
      <symbol id="sm-215">
         <name>sysTimeWaitAbsolute</name>
         <value>0xd9f</value>
         <object_component_ref idref="oc-c5"/>
      </symbol>
      <symbol id="sm-216">
         <name>lpInit</name>
         <value>0xfc7</value>
         <object_component_ref idref="oc-c5"/>
      </symbol>
      <symbol id="sm-217">
         <name>sysTimeGet</name>
         <value>0xd4f</value>
         <object_component_ref idref="oc-c5"/>
      </symbol>
      <symbol id="sm-218">
         <name>sysTimeReached</name>
         <value>0xd55</value>
         <object_component_ref idref="oc-c5"/>
      </symbol>
      <symbol id="sm-219">
         <name>waitUs</name>
         <value>0xf99</value>
         <object_component_ref idref="oc-c5"/>
      </symbol>
      <symbol id="sm-21a">
         <name>sysTimeWait</name>
         <value>0xd7b</value>
         <object_component_ref idref="oc-c5"/>
      </symbol>
      <symbol id="sm-21b">
         <name>schdCallback</name>
         <value>0xdeb</value>
         <object_component_ref idref="oc-c5"/>
      </symbol>
      <symbol id="sm-21c">
         <name>waitMs</name>
         <value>0xf69</value>
         <object_component_ref idref="oc-c5"/>
      </symbol>
      <symbol id="sm-237">
         <name>ledInit</name>
         <value>0x22e7</value>
         <object_component_ref idref="oc-d7"/>
      </symbol>
      <symbol id="sm-238">
         <name>ledInitForced</name>
         <value>0x22c5</value>
         <object_component_ref idref="oc-d7"/>
      </symbol>
      <symbol id="sm-239">
         <name>ledTurnOnOff</name>
         <value>0x22fb</value>
         <object_component_ref idref="oc-d7"/>
      </symbol>
      <symbol id="sm-257">
         <name>pbInitForced</name>
         <value>0x2495</value>
         <object_component_ref idref="oc-d1"/>
      </symbol>
      <symbol id="sm-258">
         <name>pbInit</name>
         <value>0x24c9</value>
         <object_component_ref idref="oc-d1"/>
      </symbol>
      <symbol id="sm-259">
         <name>pbRead</name>
         <value>0x24dd</value>
         <object_component_ref idref="oc-d1"/>
      </symbol>
      <symbol id="sm-270">
         <name>uartPutString</name>
         <value>0x21ab</value>
         <object_component_ref idref="oc-106"/>
      </symbol>
      <symbol id="sm-271">
         <name>uprintf</name>
         <value>0x21d7</value>
         <object_component_ref idref="oc-106"/>
      </symbol>
      <symbol id="sm-272">
         <name>uartInit</name>
         <value>0x214d</value>
         <object_component_ref idref="oc-106"/>
      </symbol>
      <symbol id="sm-273">
         <name>uartPutChar</name>
         <value>0x2187</value>
         <object_component_ref idref="oc-106"/>
      </symbol>
      <symbol id="sm-274">
         <name>uartGetChar</name>
         <value>0x2199</value>
         <object_component_ref idref="oc-106"/>
      </symbol>
      <symbol id="sm-30d">
         <name>GPIOIntRegister</name>
         <value>0x2e25</value>
         <object_component_ref idref="oc-e2"/>
      </symbol>
      <symbol id="sm-30e">
         <name>GPIOPinConfigure</name>
         <value>0x299d</value>
         <object_component_ref idref="oc-1d6"/>
      </symbol>
      <symbol id="sm-30f">
         <name>GPIOIntEnable</name>
         <value>0x2f2f</value>
         <object_component_ref idref="oc-f4"/>
      </symbol>
      <symbol id="sm-310">
         <name>GPIOIntTypeSet</name>
         <value>0x2849</value>
         <object_component_ref idref="oc-e8"/>
      </symbol>
      <symbol id="sm-311">
         <name>GPIOPinTypeGPIOInput</name>
         <value>0x2e55</value>
         <object_component_ref idref="oc-199"/>
      </symbol>
      <symbol id="sm-312">
         <name>GPIOIntClear</name>
         <value>0x2f65</value>
         <object_component_ref idref="oc-cb"/>
      </symbol>
      <symbol id="sm-313">
         <name>GPIOPinTypeUART</name>
         <value>0x2e6b</value>
         <object_component_ref idref="oc-1dc"/>
      </symbol>
      <symbol id="sm-314">
         <name>GPIOPinTypeGPIOOutput</name>
         <value>0x2df1</value>
         <object_component_ref idref="oc-1af"/>
      </symbol>
      <symbol id="sm-315">
         <name>GPIOPinRead</name>
         <value>0x2f6b</value>
         <object_component_ref idref="oc-1a5"/>
      </symbol>
      <symbol id="sm-316">
         <name>GPIODirModeSet</name>
         <value>0x2cc7</value>
         <object_component_ref idref="oc-245"/>
      </symbol>
      <symbol id="sm-317">
         <name>GPIOPinWrite</name>
         <value>0x2f71</value>
         <object_component_ref idref="oc-155"/>
      </symbol>
      <symbol id="sm-318">
         <name>GPIOPadConfigSet</name>
         <value>0x1831</value>
         <object_component_ref idref="oc-19f"/>
      </symbol>
      <symbol id="sm-35a">
         <name>IntPrioritySet</name>
         <value>0x2d21</value>
         <object_component_ref idref="oc-ee"/>
      </symbol>
      <symbol id="sm-35b">
         <name>IntEnable</name>
         <value>0x2715</value>
         <object_component_ref idref="oc-1c6"/>
      </symbol>
      <symbol id="sm-35c">
         <name>IntRegister</name>
         <value>0x2bcd</value>
         <object_component_ref idref="oc-1c0"/>
      </symbol>
      <symbol id="sm-35d">
         <name>g_pfnRAMVectors</name>
         <value>0x20000000</value>
         <object_component_ref idref="oc-25f"/>
      </symbol>
      <symbol id="sm-3b0">
         <name>SysCtlClockSet</name>
         <value>0x2059</value>
         <object_component_ref idref="oc-168"/>
      </symbol>
      <symbol id="sm-3b1">
         <name>SysCtlDelay</name>
         <value>0x2f77</value>
         <object_component_ref idref="oc-167"/>
      </symbol>
      <symbol id="sm-3b2">
         <name>SysCtlPeripheralEnable</name>
         <value>0x2c01</value>
         <object_component_ref idref="oc-193"/>
      </symbol>
      <symbol id="sm-3b3">
         <name>SysCtlClockGet</name>
         <value>0x1d35</value>
         <object_component_ref idref="oc-16e"/>
      </symbol>
      <symbol id="sm-3e0">
         <name>SysTickEnable</name>
         <value>0x2e99</value>
         <object_component_ref idref="oc-186"/>
      </symbol>
      <symbol id="sm-3e1">
         <name>SysTickIntRegister</name>
         <value>0x2d65</value>
         <object_component_ref idref="oc-17a"/>
      </symbol>
      <symbol id="sm-3e2">
         <name>SysTickIntEnable</name>
         <value>0x2ead</value>
         <object_component_ref idref="oc-180"/>
      </symbol>
      <symbol id="sm-3e3">
         <name>SysTickPeriodSet</name>
         <value>0x2f11</value>
         <object_component_ref idref="oc-174"/>
      </symbol>
      <symbol id="sm-416">
         <name>UARTConfigSetExpClk</name>
         <value>0x2a7d</value>
         <object_component_ref idref="oc-1e2"/>
      </symbol>
      <symbol id="sm-417">
         <name>UARTDisable</name>
         <value>0x2d45</value>
         <object_component_ref idref="oc-270"/>
      </symbol>
      <symbol id="sm-418">
         <name>UARTCharPut</name>
         <value>0x2f51</value>
         <object_component_ref idref="oc-1e8"/>
      </symbol>
      <symbol id="sm-419">
         <name>UARTEnable</name>
         <value>0x2ec1</value>
         <object_component_ref idref="oc-276"/>
      </symbol>
      <symbol id="sm-41a">
         <name>UARTCharGet</name>
         <value>0x2f47</value>
         <object_component_ref idref="oc-1ee"/>
      </symbol>
      <symbol id="sm-44a">
         <name>vsnprintf</name>
         <value>0x2b4d</value>
         <object_component_ref idref="oc-1f4"/>
      </symbol>
      <symbol id="sm-457">
         <name>__aeabi_uldivmod</name>
         <value>0x23fd</value>
         <object_component_ref idref="oc-162"/>
      </symbol>
      <symbol id="sm-5bc">
         <name>__TI_printfi</name>
         <value>0x26d</value>
         <object_component_ref idref="oc-280"/>
      </symbol>
      <symbol id="sm-5c6">
         <name>__aeabi_idiv0</name>
         <value>0xcbb</value>
         <object_component_ref idref="oc-229"/>
      </symbol>
      <symbol id="sm-5c7">
         <name>__aeabi_ldiv0</name>
         <value>0xcbb</value>
         <object_component_ref idref="oc-229"/>
      </symbol>
      <symbol id="sm-5de">
         <name>__aeabi_dsub</name>
         <value>0x14cd</value>
         <object_component_ref idref="oc-36f"/>
      </symbol>
      <symbol id="sm-5df">
         <name>__aeabi_dadd</name>
         <value>0x14d7</value>
         <object_component_ref idref="oc-36f"/>
      </symbol>
      <symbol id="sm-601">
         <name>__aeabi_cdcmpeq</name>
         <value>0x2521</value>
         <object_component_ref idref="oc-2f9"/>
      </symbol>
      <symbol id="sm-602">
         <name>__aeabi_cdcmple</name>
         <value>0x2521</value>
         <object_component_ref idref="oc-2f9"/>
      </symbol>
      <symbol id="sm-603">
         <name>__aeabi_cdrcmple</name>
         <value>0x25a7</value>
         <object_component_ref idref="oc-35a"/>
      </symbol>
      <symbol id="sm-617">
         <name>__aeabi_ddiv</name>
         <value>0x1ad9</value>
         <object_component_ref idref="oc-355"/>
      </symbol>
      <symbol id="sm-622">
         <name>__aeabi_dmul</name>
         <value>0x1f5d</value>
         <object_component_ref idref="oc-350"/>
      </symbol>
      <symbol id="sm-62c">
         <name>__aeabi_d2iz</name>
         <value>0x2a35</value>
         <object_component_ref idref="oc-35f"/>
      </symbol>
      <symbol id="sm-636">
         <name>__aeabi_i2d</name>
         <value>0x2c99</value>
         <object_component_ref idref="oc-36a"/>
      </symbol>
      <symbol id="sm-64c">
         <name>atoi</name>
         <value>0x29e9</value>
         <object_component_ref idref="oc-2ed"/>
      </symbol>
      <symbol id="sm-657">
         <name>_ctypes_</name>
         <value>0x2f84</value>
         <object_component_ref idref="oc-349"/>
      </symbol>
      <symbol id="sm-666">
         <name>ltoa</name>
         <value>0x28f7</value>
         <object_component_ref idref="oc-364"/>
      </symbol>
      <symbol id="sm-676">
         <name>memccpy</name>
         <value>0x2db9</value>
         <object_component_ref idref="oc-316"/>
      </symbol>
      <symbol id="sm-686">
         <name>strchr</name>
         <value>0x2e81</value>
         <object_component_ref idref="oc-39b"/>
      </symbol>
      <symbol id="sm-694">
         <name>strlen</name>
         <value>0x2ee9</value>
         <object_component_ref idref="oc-2e7"/>
      </symbol>
      <symbol id="sm-6aa">
         <name>__aeabi_errno_addr</name>
         <value>0x2f5d</value>
         <object_component_ref idref="oc-322"/>
      </symbol>
      <symbol id="sm-6ab">
         <name>errno</name>
         <value>0x20000784</value>
         <object_component_ref idref="oc-3ab"/>
      </symbol>
      <symbol id="sm-6c4">
         <name>wcslen</name>
         <value>0x2efd</value>
         <object_component_ref idref="oc-31c"/>
      </symbol>
      <symbol id="sm-6e4">
         <name>frexpl</name>
         <value>0x27e5</value>
         <object_component_ref idref="oc-38f"/>
      </symbol>
      <symbol id="sm-6e5">
         <name>frexp</name>
         <value>0x27e5</value>
         <object_component_ref idref="oc-38f"/>
      </symbol>
      <symbol id="sm-702">
         <name>scalbn</name>
         <value>0x1e4d</value>
         <object_component_ref idref="oc-395"/>
      </symbol>
      <symbol id="sm-703">
         <name>scalbnl</name>
         <value>0x1e4d</value>
         <object_component_ref idref="oc-395"/>
      </symbol>
      <symbol id="sm-704">
         <name>ldexpl</name>
         <value>0x1e4d</value>
         <object_component_ref idref="oc-395"/>
      </symbol>
      <symbol id="sm-705">
         <name>ldexp</name>
         <value>0x1e4d</value>
         <object_component_ref idref="oc-395"/>
      </symbol>
      <symbol id="sm-70f">
         <name>copysign</name>
         <value>0x2e0b</value>
         <object_component_ref idref="oc-3d6"/>
      </symbol>
      <symbol id="sm-710">
         <name>copysignl</name>
         <value>0x2e0b</value>
         <object_component_ref idref="oc-3d6"/>
      </symbol>
      <symbol id="sm-711">
         <name>__TI_static_base__</name>
         <value>0x0</value>
      </symbol>
      <symbol id="sm-714">
         <name>__mpu_init</name>
         <value>0x0</value>
      </symbol>
      <symbol id="sm-715">
         <name>_system_post_cinit</name>
         <value>0x0</value>
      </symbol>
   </symbol_table>
   <title>Link successful</title>
</link_info>
