******************************************************************************
                  TI ARM Linker PC v18.12.4                    
******************************************************************************
>> Linked Fri Jul 23 14:11:34 2021

OUTPUT FILE NAME:   <Lab 5.out>
ENTRY POINT SYMBOL: "_c_int00_noargs"  address: 00002c35


MEMORY CONFIGURATION

         name            origin    length      used     unused   attr    fill
----------------------  --------  ---------  --------  --------  ----  --------
  FLASH                 00000000   00040000  00003414  0003cbec  R  X
  SRAM                  20000000   00008000  00000786  0000787a  RW X


SEGMENT ALLOCATION MAP

run origin  load origin   length   init length attrs members
----------  ----------- ---------- ----------- ----- -------
00000000    00000000    00003418   00003418    r-x
  00000000    00000000    0000026c   0000026c    r-- .intvecs
  0000026c    0000026c    00002d18   00002d18    r-x .text
  00002f84    00002f84    00000448   00000448    r-- .const
  000033d0    000033d0    00000048   00000048    r-- .cinit
20000000    20000000    0000078a   00000000    rw-
  20000000    20000000    0000026c   00000000    rw- .vtable
  20000270    20000270    00000400   00000000    rw- .stack
  20000670    20000670    00000104   00000000    rw- .bss
  20000774    20000774    00000016   00000000    rw- .data


SECTION ALLOCATION MAP

 output                                  attributes/
section   page    origin      length       input sections
--------  ----  ----------  ----------   ----------------
.intvecs   0    00000000    0000026c     
                  00000000    0000026c     tm4c123gh6pm_startup_ccs.obj (.intvecs)

.text      0    0000026c    00002d18     
                  0000026c    00000a4e     rtsv7M4_T_le_v4SPD16_eabi.lib : _printfi.c.obj (.text:__TI_printfi)
                  00000cba    00000002                                   : div0.asm.obj (.text)
                  00000cbc    000003d0     Util.lib : launchpad.obj (.text)
                  0000108c    00000270     rtsv7M4_T_le_v4SPD16_eabi.lib : _printfi.c.obj (.text:_pconv_a)
                  000012fc    000001d0                                   : _printfi.c.obj (.text:_pconv_g)
                  000014cc    000001b6                                   : fd_add_t2.asm.obj (.text)
                  00001682    00000002     --HOLE-- [fill = 0]
                  00001684    000001ac     lab5_main.obj (.text)
                  00001830    0000016c     driverlib.lib : gpio.obj (.text:GPIOPadConfigSet)
                  0000199c    0000013c     rtsv7M4_T_le_v4SPD16_eabi.lib : _printfi.c.obj (.text:_pconv_e)
                  00001ad8    00000136                                   : fd_div_t2.asm.obj (.text)
                  00001c0e    00000002     --HOLE-- [fill = 0]
                  00001c10    00000124                                   : _printfi.c.obj (.text:fcvt)
                  00001d34    00000118     driverlib.lib : sysctl.obj (.text:SysCtlClockGet)
                  00001e4c    00000110     rtsv7M4_T_le_v4SPD16_eabi.lib : s_scalbn.c.obj (.text:scalbn)
                  00001f5c    000000fc                                   : fd_mul_t2.asm.obj (.text)
                  00002058    000000f4     driverlib.lib : sysctl.obj (.text:SysCtlClockSet)
                  0000214c    000000c4     Util.lib : uart.obj (.text)
                  00002210    000000b1     rtsv7M4_T_le_v4SPD16_eabi.lib : _printfi.c.obj (.text:_ltostr)
                  000022c1    00000003     --HOLE-- [fill = 0]
                  000022c4    0000009c     Util.lib : led.obj (.text)
                  00002360    0000009c     rtsv7M4_T_le_v4SPD16_eabi.lib : memcpy_t2.asm.obj (.text)
                  000023fc    00000096                                   : ull_div_t2.asm.obj (.text)
                  00002492    00000002     --HOLE-- [fill = 0]
                  00002494    0000008c     Util.lib : pushbutton.obj (.text)
                  00002520    00000086     rtsv7M4_T_le_v4SPD16_eabi.lib : fd_cmp_t2.asm.obj (.text:__aeabi_cdcmple)
                  000025a6    00000086                                   : fd_cmp_t2.asm.obj (.text:__aeabi_cdrcmple)
                  0000262c    0000007a                                   : memset_t2.asm.obj (.text)
                  000026a6    0000006e                                   : _printfi.c.obj (.text:_mcpy)
                  00002714    00000068     driverlib.lib : interrupt.obj (.text:IntEnable)
                  0000277c    00000068     rtsv7M4_T_le_v4SPD16_eabi.lib : copy_decompress_lzss.c.obj (.text:decompress:lzss:__TI_decompress_lzss)
                  000027e4    00000064                                   : s_frexp.c.obj (.text:frexp)
                  00002848    00000058     driverlib.lib : gpio.obj (.text:GPIOIntTypeSet)
                  000028a0    00000056     rtsv7M4_T_le_v4SPD16_eabi.lib : _printfi.c.obj (.text:_pconv_f)
                  000028f6    00000054                                   : ltoa.c.obj (.text:ltoa)
                  0000294a    00000052                                   : _printfi.c.obj (.text:_ecpy)
                  0000299c    0000004c     driverlib.lib : gpio.obj (.text:GPIOPinConfigure)
                  000029e8    0000004c     rtsv7M4_T_le_v4SPD16_eabi.lib : atoi.c.obj (.text:atoi)
                  00002a34    00000048                                   : fd_toi_t2.asm.obj (.text)
                  00002a7c    00000046     driverlib.lib : uart.obj (.text:UARTConfigSetExpClk)
                  00002ac2    00000002     --HOLE-- [fill = 0]
                  00002ac4    00000044                   : gpio.obj (.text:_GPIOIntNumberGet)
                  00002b08    00000044     rtsv7M4_T_le_v4SPD16_eabi.lib : autoinit.c.obj (.text:__TI_auto_init_nobinit_nopinit:__TI_auto_init_nobinit_nopinit)
                  00002b4c    00000040                                   : vsnprintf.c.obj (.text:vsnprintf)
                  00002b8c    0000003e                                   : _printfi.c.obj (.text:_fcpy)
                  00002bca    00000002     --HOLE-- [fill = 0]
                  00002bcc    00000034     driverlib.lib : interrupt.obj (.text:IntRegister)
                  00002c00    00000034                   : sysctl.obj (.text:SysCtlPeripheralEnable)
                  00002c34    00000034     rtsv7M4_T_le_v4SPD16_eabi.lib : boot_cortex_m.c.obj (.text:_c_int00_noargs:_c_int00_noargs)
                  00002c68    00000030                                   : vsnprintf.c.obj (.text:_outs)
                  00002c98    0000002e                                   : i_tofd_t2.asm.obj (.text)
                  00002cc6    0000002c     driverlib.lib : gpio.obj (.text:GPIODirModeSet)
                  00002cf2    00000002     --HOLE-- [fill = 0]
                  00002cf4    0000002c     buzzer_asm.obj (.text)
                  00002d20    00000024     driverlib.lib : interrupt.obj (.text:IntPrioritySet)
                  00002d44    00000020                   : uart.obj (.text:UARTDisable)
                  00002d64    0000001c                   : systick.obj (.text:SysTickIntRegister)
                  00002d80    0000001c     buzzer.obj (.text)
                  00002d9c    0000001c     rtsv7M4_T_le_v4SPD16_eabi.lib : copy_zero_init.c.obj (.text:decompress:ZI:__TI_zero_init_nomemset:__TI_zero_init_nomemset)
                  00002db8    0000001c                                   : memccpy.c.obj (.text:memccpy)
                  00002dd4    0000001c     motion.obj (.text)
                  00002df0    0000001a     driverlib.lib : gpio.obj (.text:GPIOPinTypeGPIOOutput)
                  00002e0a    0000001a     rtsv7M4_T_le_v4SPD16_eabi.lib : s_copysign.c.obj (.text:copysign)
                  00002e24    00000018     driverlib.lib : gpio.obj (.text:GPIOIntRegister)
                  00002e3c    00000018     rtsv7M4_T_le_v4SPD16_eabi.lib : vsnprintf.c.obj (.text:_outc)
                  00002e54    00000016     driverlib.lib : gpio.obj (.text:GPIOPinTypeGPIOInput)
                  00002e6a    00000016                   : gpio.obj (.text:GPIOPinTypeUART)
                  00002e80    00000016     rtsv7M4_T_le_v4SPD16_eabi.lib : strchr.c.obj (.text:strchr)
                  00002e96    00000002     --HOLE-- [fill = 0]
                  00002e98    00000014     driverlib.lib : systick.obj (.text:SysTickEnable)
                  00002eac    00000014                   : systick.obj (.text:SysTickIntEnable)
                  00002ec0    00000014                   : uart.obj (.text:UARTEnable)
                  00002ed4    00000014     motion_asm.obj (.text)
                  00002ee8    00000014     rtsv7M4_T_le_v4SPD16_eabi.lib : strlen.c.obj (.text:strlen)
                  00002efc    00000012                                   : wcslen.c.obj (.text:wcslen)
                  00002f0e    00000002     --HOLE-- [fill = 0]
                  00002f10    00000010     driverlib.lib : systick.obj (.text:SysTickPeriodSet)
                  00002f20    0000000e     rtsv7M4_T_le_v4SPD16_eabi.lib : copy_decompress_none.c.obj (.text:decompress:none:__TI_decompress_none)
                  00002f2e    0000000c     driverlib.lib : gpio.obj (.text:GPIOIntEnable)
                  00002f3a    0000000c     tm4c123gh6pm_startup_ccs.obj (.text)
                  00002f46    0000000a     driverlib.lib : uart.obj (.text:UARTCharGet)
                  00002f50    0000000a                   : uart.obj (.text:UARTCharPut)
                  00002f5a    00000002     --HOLE-- [fill = 0]
                  00002f5c    00000008     rtsv7M4_T_le_v4SPD16_eabi.lib : errno.c.obj (.text:__aeabi_errno_addr)
                  00002f64    00000006     driverlib.lib : gpio.obj (.text:GPIOIntClear)
                  00002f6a    00000006                   : gpio.obj (.text:GPIOPinRead)
                  00002f70    00000006                   : gpio.obj (.text:GPIOPinWrite)
                  00002f76    00000006                   : sysctl.obj (.text:SysCtlDelay)
                  00002f7c    00000004     rtsv7M4_T_le_v4SPD16_eabi.lib : pre_init.c.obj (.text:_system_pre_init)
                  00002f80    00000004                                   : exit.c.obj (.text:abort:abort)

.const     0    00002f84    00000448     
                  00002f84    00000101     rtsv7M4_T_le_v4SPD16_eabi.lib : ctype.c.obj (.const:.string:_ctypes_)
                  00003085    00000003     --HOLE-- [fill = 0]
                  00003088    000000d8     driverlib.lib : gpio.obj (.const:g_ppui32GPIOIntMapSnowflake)
                  00003160    000000c0                   : gpio.obj (.const:g_ppui32GPIOIntMapBlizzard)
                  00003220    0000009c                   : interrupt.obj (.const:g_pui32Regs)
                  000032bc    00000090                   : gpio.obj (.const:g_pui32GPIOBaseAddrs)
                  0000334c    0000006c                   : sysctl.obj (.const:g_pui32Xtals)
                  000033b8    00000014                   : interrupt.obj (.const:g_pui32EnRegs)

.cinit     0    000033d0    00000048     
                  000033d0    00000010     (.cinit..data.load) [load image, compression = lzss]
                  000033e0    0000000c     (__TI_handler_table)
                  000033ec    00000004     --HOLE-- [fill = 0]
                  000033f0    00000008     (.cinit..bss.load) [load image, compression = zero_init]
                  000033f8    00000008     (.cinit..vtable.load) [load image, compression = zero_init]
                  00003400    00000018     (__TI_cinit_table)

.init_array 
*          0    00000000    00000000     UNINITIALIZED

.vtable    0    20000000    0000026c     UNINITIALIZED
                  20000000    0000026c     driverlib.lib : interrupt.obj (.vtable)

.bss       0    20000670    00000104     UNINITIALIZED
                  20000670    00000100     Util.lib : launchpad.obj (.bss:callbackHeap)
                  20000770    00000004              : launchpad.obj (.bss)

.data      0    20000774    00000016     UNINITIALIZED
                  20000774    00000008     Util.lib : launchpad.obj (.data)
                  2000077c    00000008     lab5_main.obj (.data)
                  20000784    00000004     rtsv7M4_T_le_v4SPD16_eabi.lib : errno.c.obj (.data)
                  20000788    00000001     Util.lib : led.obj (.data)
                  20000789    00000001              : pushbutton.obj (.data)

.stack     0    20000270    00000400     UNINITIALIZED
                  20000270    00000004     rtsv7M4_T_le_v4SPD16_eabi.lib : boot_cortex_m.c.obj (.stack)
                  20000274    000003fc     --HOLE--

MODULE SUMMARY

       Module                         code    ro data   rw data
       ------                         ----    -------   -------
    .\
       tm4c123gh6pm_startup_ccs.obj   12      620       0      
       lab5_main.obj                  428     0         8      
       buzzer_asm.obj                 44      0         0      
       buzzer.obj                     28      0         0      
       motion.obj                     28      0         0      
       motion_asm.obj                 20      0         0      
    +--+------------------------------+-------+---------+---------+
       Total:                         560     620       8      
                                                               
    C:/Users/Ayan Deep Hazra/Desktop/Summer 2021/ECE266/Lab2/Group2/Util/Util/Debug/Util.lib
       launchpad.obj                  976     0         268    
       uart.obj                       196     0         0      
       led.obj                        156     0         1      
       pushbutton.obj                 140     0         1      
    +--+------------------------------+-------+---------+---------+
       Total:                         1468    0         270    
                                                               
    C:/ti/TivaWare_C_Series-2.2.0.295/driverlib/ccs/Debug/driverlib.lib
       gpio.obj                       764     552       0      
       interrupt.obj                  192     176       620    
       sysctl.obj                     582     108       0      
       uart.obj                       142     0         0      
       systick.obj                    84      0         0      
    +--+------------------------------+-------+---------+---------+
       Total:                         1764    836       620    
                                                               
    C:\ti\ccs930\ccs\tools\compiler\ti-cgt-arm_18.12.4.LTS\lib\rtsv7M4_T_le_v4SPD16_eabi.lib
       _printfi.c.obj                 4851    0         0      
       fd_add_t2.asm.obj              438     0         0      
       fd_div_t2.asm.obj              310     0         0      
       s_scalbn.c.obj                 272     0         0      
       fd_cmp_t2.asm.obj              268     0         0      
       ctype.c.obj                    0       257       0      
       fd_mul_t2.asm.obj              252     0         0      
       memcpy_t2.asm.obj              156     0         0      
       ull_div_t2.asm.obj             150     0         0      
       vsnprintf.c.obj                136     0         0      
       memset_t2.asm.obj              122     0         0      
       copy_decompress_lzss.c.obj     104     0         0      
       s_frexp.c.obj                  100     0         0      
       ltoa.c.obj                     84      0         0      
       atoi.c.obj                     76      0         0      
       fd_toi_t2.asm.obj              72      0         0      
       autoinit.c.obj                 68      0         0      
       boot_cortex_m.c.obj            52      0         0      
       i_tofd_t2.asm.obj              46      0         0      
       copy_zero_init.c.obj           28      0         0      
       memccpy.c.obj                  28      0         0      
       s_copysign.c.obj               26      0         0      
       strchr.c.obj                   22      0         0      
       strlen.c.obj                   20      0         0      
       wcslen.c.obj                   18      0         0      
       copy_decompress_none.c.obj     14      0         0      
       errno.c.obj                    8       0         4      
       exit.c.obj                     4       0         0      
       pre_init.c.obj                 4       0         0      
       div0.asm.obj                   2       0         0      
    +--+------------------------------+-------+---------+---------+
       Total:                         7731    257       4      
                                                               
       Stack:                         0       0         1024   
       Linker Generated:              0       68        0      
    +--+------------------------------+-------+---------+---------+
       Grand Total:                   11523   1781      1926   


LINKER GENERATED COPY TABLES

__TI_cinit_table @ 00003400 records: 3, size/record: 8, table size: 24
	.data: load addr=000033d0, load size=00000010 bytes, run addr=20000774, run size=00000016 bytes, compression=lzss
	.bss: load addr=000033f0, load size=00000008 bytes, run addr=20000670, run size=00000104 bytes, compression=zero_init
	.vtable: load addr=000033f8, load size=00000008 bytes, run addr=20000000, run size=0000026c bytes, compression=zero_init


LINKER GENERATED HANDLER TABLE

__TI_handler_table @ 000033e0 records: 3, size/record: 4, table size: 12
	index: 0, handler: __TI_zero_init
	index: 1, handler: __TI_decompress_lzss
	index: 2, handler: __TI_decompress_none


GLOBAL SYMBOLS: SORTED ALPHABETICALLY BY Name 

address   name                          
-------   ----                          
00002f81  C$$EXIT                       
00002cc7  GPIODirModeSet                
00002f65  GPIOIntClear                  
00002f2f  GPIOIntEnable                 
00002e25  GPIOIntRegister               
00002849  GPIOIntTypeSet                
00001831  GPIOPadConfigSet              
0000299d  GPIOPinConfigure              
00002f6b  GPIOPinRead                   
00002e55  GPIOPinTypeGPIOInput          
00002df1  GPIOPinTypeGPIOOutput         
00002e6b  GPIOPinTypeUART               
00002f71  GPIOPinWrite                  
00002715  IntEnable                     
00002d21  IntPrioritySet                
00002bcd  IntRegister                   
00002f3b  ResetISR                      
00001d35  SysCtlClockGet                
00002059  SysCtlClockSet                
00002f77  SysCtlDelay                   
00002c01  SysCtlPeripheralEnable        
00002e99  SysTickEnable                 
00002ead  SysTickIntEnable              
00002d65  SysTickIntRegister            
00002f11  SysTickPeriodSet              
00002f47  UARTCharGet                   
00002f51  UARTCharPut                   
00002a7d  UARTConfigSetExpClk           
00002d45  UARTDisable                   
00002ec1  UARTEnable                    
20000670  __STACK_END                   
00000400  __STACK_SIZE                  
20000470  __STACK_TOP                   
00003400  __TI_CINIT_Base               
00003418  __TI_CINIT_Limit              
000033e0  __TI_Handler_Table_Base       
000033ec  __TI_Handler_Table_Limit      
00002b09  __TI_auto_init_nobinit_nopinit
0000277d  __TI_decompress_lzss          
00002f21  __TI_decompress_none          
ffffffff  __TI_pprof_out_hndl           
0000026d  __TI_printfi                  
ffffffff  __TI_prof_data_size           
ffffffff  __TI_prof_data_start          
00000000  __TI_static_base__            
00002d9d  __TI_zero_init_nomemset       
00002521  __aeabi_cdcmpeq               
00002521  __aeabi_cdcmple               
000025a7  __aeabi_cdrcmple              
00002a35  __aeabi_d2iz                  
000014d7  __aeabi_dadd                  
00001ad9  __aeabi_ddiv                  
00001f5d  __aeabi_dmul                  
000014cd  __aeabi_dsub                  
00002f5d  __aeabi_errno_addr            
00002c99  __aeabi_i2d                   
00000cbb  __aeabi_idiv0                 
00000cbb  __aeabi_ldiv0                 
0000262d  __aeabi_memclr                
0000262d  __aeabi_memclr4               
0000262d  __aeabi_memclr8               
00002361  __aeabi_memcpy                
00002361  __aeabi_memcpy4               
00002361  __aeabi_memcpy8               
0000262f  __aeabi_memset                
0000262f  __aeabi_memset4               
0000262f  __aeabi_memset8               
000023fd  __aeabi_uldivmod              
ffffffff  __binit__                     
ffffffff  __c_args__                    
UNDEFED   __mpu_init                    
20000270  __stack                       
00002c35  _c_int00_noargs               
00002f84  _ctypes_                      
UNDEFED   _system_post_cinit            
00002f7d  _system_pre_init              
00002f81  abort                         
000029e9  atoi                          
ffffffff  binit                         
00002d81  buzzerInit                    
00002d0d  buzzerOff                     
00002cf9  buzzerOn                      
00001685  callbackBuzzerPlay            
00002e0b  copysign                      
00002e0b  copysignl                     
20000784  errno                         
000027e5  frexp                         
000027e5  frexpl                        
20000000  g_pfnRAMVectors               
00000000  g_pfnVectors                  
00001781  intrInit                      
00001e4d  ldexp                         
00001e4d  ldexpl                        
000022e7  ledInit                       
000022c5  ledInitForced                 
000022fb  ledTurnOnOff                  
00000fc7  lpInit                        
000028f7  ltoa                          
000017c9  main                          
00002db9  memccpy                       
00002361  memcpy                        
00002635  memset                        
0000172d  motionISR                     
00002dd5  motionInit                    
00002ed9  motionOnOff                   
000016d7  pbISR                         
000024c9  pbInit                        
00002495  pbInitForced                  
000024dd  pbRead                        
00001e4d  scalbn                        
00001e4d  scalbnl                       
00000deb  schdCallback                  
00000e65  schdExecute                   
00002e81  strchr                        
00002ee9  strlen                        
00000d4f  sysTimeGet                    
00000d55  sysTimeReached                
00000d7b  sysTimeWait                   
00000d9f  sysTimeWaitAbsolute           
00002199  uartGetChar                   
0000214d  uartInit                      
00002187  uartPutChar                   
000021ab  uartPutString                 
000021d7  uprintf                       
00002b4d  vsnprintf                     
00000f69  waitMs                        
00000f99  waitUs                        
00002efd  wcslen                        


GLOBAL SYMBOLS: SORTED BY Symbol Address 

address   name                          
-------   ----                          
00000000  __TI_static_base__            
00000000  g_pfnVectors                  
0000026d  __TI_printfi                  
00000400  __STACK_SIZE                  
00000cbb  __aeabi_idiv0                 
00000cbb  __aeabi_ldiv0                 
00000d4f  sysTimeGet                    
00000d55  sysTimeReached                
00000d7b  sysTimeWait                   
00000d9f  sysTimeWaitAbsolute           
00000deb  schdCallback                  
00000e65  schdExecute                   
00000f69  waitMs                        
00000f99  waitUs                        
00000fc7  lpInit                        
000014cd  __aeabi_dsub                  
000014d7  __aeabi_dadd                  
00001685  callbackBuzzerPlay            
000016d7  pbISR                         
0000172d  motionISR                     
00001781  intrInit                      
000017c9  main                          
00001831  GPIOPadConfigSet              
00001ad9  __aeabi_ddiv                  
00001d35  SysCtlClockGet                
00001e4d  ldexp                         
00001e4d  ldexpl                        
00001e4d  scalbn                        
00001e4d  scalbnl                       
00001f5d  __aeabi_dmul                  
00002059  SysCtlClockSet                
0000214d  uartInit                      
00002187  uartPutChar                   
00002199  uartGetChar                   
000021ab  uartPutString                 
000021d7  uprintf                       
000022c5  ledInitForced                 
000022e7  ledInit                       
000022fb  ledTurnOnOff                  
00002361  __aeabi_memcpy                
00002361  __aeabi_memcpy4               
00002361  __aeabi_memcpy8               
00002361  memcpy                        
000023fd  __aeabi_uldivmod              
00002495  pbInitForced                  
000024c9  pbInit                        
000024dd  pbRead                        
00002521  __aeabi_cdcmpeq               
00002521  __aeabi_cdcmple               
000025a7  __aeabi_cdrcmple              
0000262d  __aeabi_memclr                
0000262d  __aeabi_memclr4               
0000262d  __aeabi_memclr8               
0000262f  __aeabi_memset                
0000262f  __aeabi_memset4               
0000262f  __aeabi_memset8               
00002635  memset                        
00002715  IntEnable                     
0000277d  __TI_decompress_lzss          
000027e5  frexp                         
000027e5  frexpl                        
00002849  GPIOIntTypeSet                
000028f7  ltoa                          
0000299d  GPIOPinConfigure              
000029e9  atoi                          
00002a35  __aeabi_d2iz                  
00002a7d  UARTConfigSetExpClk           
00002b09  __TI_auto_init_nobinit_nopinit
00002b4d  vsnprintf                     
00002bcd  IntRegister                   
00002c01  SysCtlPeripheralEnable        
00002c35  _c_int00_noargs               
00002c99  __aeabi_i2d                   
00002cc7  GPIODirModeSet                
00002cf9  buzzerOn                      
00002d0d  buzzerOff                     
00002d21  IntPrioritySet                
00002d45  UARTDisable                   
00002d65  SysTickIntRegister            
00002d81  buzzerInit                    
00002d9d  __TI_zero_init_nomemset       
00002db9  memccpy                       
00002dd5  motionInit                    
00002df1  GPIOPinTypeGPIOOutput         
00002e0b  copysign                      
00002e0b  copysignl                     
00002e25  GPIOIntRegister               
00002e55  GPIOPinTypeGPIOInput          
00002e6b  GPIOPinTypeUART               
00002e81  strchr                        
00002e99  SysTickEnable                 
00002ead  SysTickIntEnable              
00002ec1  UARTEnable                    
00002ed9  motionOnOff                   
00002ee9  strlen                        
00002efd  wcslen                        
00002f11  SysTickPeriodSet              
00002f21  __TI_decompress_none          
00002f2f  GPIOIntEnable                 
00002f3b  ResetISR                      
00002f47  UARTCharGet                   
00002f51  UARTCharPut                   
00002f5d  __aeabi_errno_addr            
00002f65  GPIOIntClear                  
00002f6b  GPIOPinRead                   
00002f71  GPIOPinWrite                  
00002f77  SysCtlDelay                   
00002f7d  _system_pre_init              
00002f81  C$$EXIT                       
00002f81  abort                         
00002f84  _ctypes_                      
000033e0  __TI_Handler_Table_Base       
000033ec  __TI_Handler_Table_Limit      
00003400  __TI_CINIT_Base               
00003418  __TI_CINIT_Limit              
20000000  g_pfnRAMVectors               
20000270  __stack                       
20000470  __STACK_TOP                   
20000670  __STACK_END                   
20000784  errno                         
ffffffff  __TI_pprof_out_hndl           
ffffffff  __TI_prof_data_size           
ffffffff  __TI_prof_data_start          
ffffffff  __binit__                     
ffffffff  __c_args__                    
ffffffff  binit                         
UNDEFED   __mpu_init                    
UNDEFED   _system_post_cinit            

[128 symbols]
