<?xml version="1.0" encoding="ISO-8859-1" ?>
<link_info>
   <banner>TI ARM Linker PC v18.12.4.LTS</banner>
   <copyright>Copyright (c) 1996-2018 Texas Instruments Incorporated</copyright>
   <link_time>0x61095ad6</link_time>
   <link_errors>0x0</link_errors>
   <output_file>Lab6.out</output_file>
   <entry_point>
      <name>_c_int00_noargs</name>
      <address>0x372d</address>
   </entry_point>
   <input_file_list>
      <input_file id="fl-2">
         <path>.\</path>
         <kind>object</kind>
         <file>main.obj</file>
         <name>main.obj</name>
      </input_file>
      <input_file id="fl-3">
         <path>.\</path>
         <kind>object</kind>
         <file>ras.obj</file>
         <name>ras.obj</name>
      </input_file>
      <input_file id="fl-4">
         <path>.\</path>
         <kind>object</kind>
         <file>ras_asm.obj</file>
         <name>ras_asm.obj</name>
      </input_file>
      <input_file id="fl-5">
         <path>.\</path>
         <kind>object</kind>
         <file>seg7.obj</file>
         <name>seg7.obj</name>
      </input_file>
      <input_file id="fl-6">
         <path>.\</path>
         <kind>object</kind>
         <file>seg7digit.obj</file>
         <name>seg7digit.obj</name>
      </input_file>
      <input_file id="fl-7">
         <path>.\</path>
         <kind>object</kind>
         <file>tm4c123gh6pm_startup_ccs.obj</file>
         <name>tm4c123gh6pm_startup_ccs.obj</name>
      </input_file>
      <input_file id="fl-d">
         <kind>object</kind>
         <file>&lt;internal&gt;</file>
         <name>&lt;internal&gt;</name>
      </input_file>
      <input_file id="fl-c3">
         <path>C:\ti\ccs930\ccs\tools\compiler\ti-cgt-arm_18.12.4.LTS\lib\</path>
         <kind>archive</kind>
         <file>rtsv7M4_T_le_v4SPD16_eabi.lib</file>
         <name>copy_zero_init.c.obj</name>
      </input_file>
      <input_file id="fl-c4">
         <path>C:\ti\ccs930\ccs\tools\compiler\ti-cgt-arm_18.12.4.LTS\lib\</path>
         <kind>archive</kind>
         <file>rtsv7M4_T_le_v4SPD16_eabi.lib</file>
         <name>copy_decompress_none.c.obj</name>
      </input_file>
      <input_file id="fl-c5">
         <path>C:\ti\ccs930\ccs\tools\compiler\ti-cgt-arm_18.12.4.LTS\lib\</path>
         <kind>archive</kind>
         <file>rtsv7M4_T_le_v4SPD16_eabi.lib</file>
         <name>copy_decompress_lzss.c.obj</name>
      </input_file>
      <input_file id="fl-c6">
         <path>C:\ti\ccs930\ccs\tools\compiler\ti-cgt-arm_18.12.4.LTS\lib\</path>
         <kind>archive</kind>
         <file>rtsv7M4_T_le_v4SPD16_eabi.lib</file>
         <name>boot_cortex_m.c.obj</name>
      </input_file>
      <input_file id="fl-c7">
         <path>C:\ti\ccs930\ccs\tools\compiler\ti-cgt-arm_18.12.4.LTS\lib\</path>
         <kind>archive</kind>
         <file>rtsv7M4_T_le_v4SPD16_eabi.lib</file>
         <name>memcpy_t2.asm.obj</name>
      </input_file>
      <input_file id="fl-c8">
         <path>C:\ti\ccs930\ccs\tools\compiler\ti-cgt-arm_18.12.4.LTS\lib\</path>
         <kind>archive</kind>
         <file>rtsv7M4_T_le_v4SPD16_eabi.lib</file>
         <name>memset_t2.asm.obj</name>
      </input_file>
      <input_file id="fl-c9">
         <path>C:\ti\ccs930\ccs\tools\compiler\ti-cgt-arm_18.12.4.LTS\lib\</path>
         <kind>archive</kind>
         <file>rtsv7M4_T_le_v4SPD16_eabi.lib</file>
         <name>autoinit.c.obj</name>
      </input_file>
      <input_file id="fl-ca">
         <path>C:\ti\ccs930\ccs\tools\compiler\ti-cgt-arm_18.12.4.LTS\lib\</path>
         <kind>archive</kind>
         <file>rtsv7M4_T_le_v4SPD16_eabi.lib</file>
         <name>pre_init.c.obj</name>
      </input_file>
      <input_file id="fl-cb">
         <path>C:\ti\ccs930\ccs\tools\compiler\ti-cgt-arm_18.12.4.LTS\lib\</path>
         <kind>archive</kind>
         <file>rtsv7M4_T_le_v4SPD16_eabi.lib</file>
         <name>cpy_tbl.c.obj</name>
      </input_file>
      <input_file id="fl-cc">
         <path>C:\ti\ccs930\ccs\tools\compiler\ti-cgt-arm_18.12.4.LTS\lib\</path>
         <kind>archive</kind>
         <file>rtsv7M4_T_le_v4SPD16_eabi.lib</file>
         <name>exit.c.obj</name>
      </input_file>
      <input_file id="fl-cd">
         <path>C:\ti\ccs930\ccs\tools\compiler\ti-cgt-arm_18.12.4.LTS\lib\</path>
         <kind>archive</kind>
         <file>rtsv7M4_T_le_v4SPD16_eabi.lib</file>
         <name>_lock.c.obj</name>
      </input_file>
      <input_file id="fl-ce">
         <path>C:\ti\ccs930\ccs\tools\compiler\ti-cgt-arm_18.12.4.LTS\lib\</path>
         <kind>archive</kind>
         <file>rtsv7M4_T_le_v4SPD16_eabi.lib</file>
         <name>args_main.c.obj</name>
      </input_file>
      <input_file id="fl-cf">
         <path>C:\Users\Ayan Deep Hazra\Desktop\Summer 2021\ECE266\Lab2\Group2\Util\Util\Debug\</path>
         <kind>archive</kind>
         <file>Util.lib</file>
         <name>launchpad.obj</name>
      </input_file>
      <input_file id="fl-d0">
         <path>C:\Users\Ayan Deep Hazra\Desktop\Summer 2021\ECE266\Lab2\Group2\Util\Util\Debug\</path>
         <kind>archive</kind>
         <file>Util.lib</file>
         <name>led.obj</name>
      </input_file>
      <input_file id="fl-d1">
         <path>C:\Users\Ayan Deep Hazra\Desktop\Summer 2021\ECE266\Lab2\Group2\Util\Util\Debug\</path>
         <kind>archive</kind>
         <file>Util.lib</file>
         <name>pushbutton.obj</name>
      </input_file>
      <input_file id="fl-d2">
         <path>C:\Users\Ayan Deep Hazra\Desktop\Summer 2021\ECE266\Lab2\Group2\Util\Util\Debug\</path>
         <kind>archive</kind>
         <file>Util.lib</file>
         <name>uart.obj</name>
      </input_file>
      <input_file id="fl-d3">
         <path>C:\ti\TivaWare_C_Series-2.2.0.295\driverlib\ccs\Debug\</path>
         <kind>archive</kind>
         <file>driverlib.lib</file>
         <name>gpio.obj</name>
      </input_file>
      <input_file id="fl-d4">
         <path>C:\ti\TivaWare_C_Series-2.2.0.295\driverlib\ccs\Debug\</path>
         <kind>archive</kind>
         <file>driverlib.lib</file>
         <name>interrupt.obj</name>
      </input_file>
      <input_file id="fl-d5">
         <path>C:\ti\TivaWare_C_Series-2.2.0.295\driverlib\ccs\Debug\</path>
         <kind>archive</kind>
         <file>driverlib.lib</file>
         <name>sysctl.obj</name>
      </input_file>
      <input_file id="fl-d6">
         <path>C:\ti\TivaWare_C_Series-2.2.0.295\driverlib\ccs\Debug\</path>
         <kind>archive</kind>
         <file>driverlib.lib</file>
         <name>systick.obj</name>
      </input_file>
      <input_file id="fl-d7">
         <path>C:\ti\TivaWare_C_Series-2.2.0.295\driverlib\ccs\Debug\</path>
         <kind>archive</kind>
         <file>driverlib.lib</file>
         <name>uart.obj</name>
      </input_file>
      <input_file id="fl-d8">
         <path>C:\ti\TivaWare_C_Series-2.2.0.295\driverlib\ccs\Debug\</path>
         <kind>archive</kind>
         <file>driverlib.lib</file>
         <name>cpu.obj</name>
      </input_file>
      <input_file id="fl-d9">
         <path>C:\ti\ccs930\ccs\tools\compiler\ti-cgt-arm_18.12.4.LTS\lib\</path>
         <kind>archive</kind>
         <file>rtsv7M4_T_le_v4SPD16_eabi.lib</file>
         <name>vsnprintf.c.obj</name>
      </input_file>
      <input_file id="fl-da">
         <path>C:\ti\ccs930\ccs\tools\compiler\ti-cgt-arm_18.12.4.LTS\lib\</path>
         <kind>archive</kind>
         <file>rtsv7M4_T_le_v4SPD16_eabi.lib</file>
         <name>ull_div_t2.asm.obj</name>
      </input_file>
      <input_file id="fl-db">
         <path>C:\ti\ccs930\ccs\tools\compiler\ti-cgt-arm_18.12.4.LTS\lib\</path>
         <kind>archive</kind>
         <file>rtsv7M4_T_le_v4SPD16_eabi.lib</file>
         <name>_printfi.c.obj</name>
      </input_file>
      <input_file id="fl-dc">
         <path>C:\ti\ccs930\ccs\tools\compiler\ti-cgt-arm_18.12.4.LTS\lib\</path>
         <kind>archive</kind>
         <file>rtsv7M4_T_le_v4SPD16_eabi.lib</file>
         <name>div0.asm.obj</name>
      </input_file>
      <input_file id="fl-dd">
         <path>C:\ti\ccs930\ccs\tools\compiler\ti-cgt-arm_18.12.4.LTS\lib\</path>
         <kind>archive</kind>
         <file>rtsv7M4_T_le_v4SPD16_eabi.lib</file>
         <name>fd_add_t2.asm.obj</name>
      </input_file>
      <input_file id="fl-de">
         <path>C:\ti\ccs930\ccs\tools\compiler\ti-cgt-arm_18.12.4.LTS\lib\</path>
         <kind>archive</kind>
         <file>rtsv7M4_T_le_v4SPD16_eabi.lib</file>
         <name>fd_cmp_t2.asm.obj</name>
      </input_file>
      <input_file id="fl-df">
         <path>C:\ti\ccs930\ccs\tools\compiler\ti-cgt-arm_18.12.4.LTS\lib\</path>
         <kind>archive</kind>
         <file>rtsv7M4_T_le_v4SPD16_eabi.lib</file>
         <name>fd_div_t2.asm.obj</name>
      </input_file>
      <input_file id="fl-e0">
         <path>C:\ti\ccs930\ccs\tools\compiler\ti-cgt-arm_18.12.4.LTS\lib\</path>
         <kind>archive</kind>
         <file>rtsv7M4_T_le_v4SPD16_eabi.lib</file>
         <name>fd_mul_t2.asm.obj</name>
      </input_file>
      <input_file id="fl-e1">
         <path>C:\ti\ccs930\ccs\tools\compiler\ti-cgt-arm_18.12.4.LTS\lib\</path>
         <kind>archive</kind>
         <file>rtsv7M4_T_le_v4SPD16_eabi.lib</file>
         <name>fd_toi_t2.asm.obj</name>
      </input_file>
      <input_file id="fl-e2">
         <path>C:\ti\ccs930\ccs\tools\compiler\ti-cgt-arm_18.12.4.LTS\lib\</path>
         <kind>archive</kind>
         <file>rtsv7M4_T_le_v4SPD16_eabi.lib</file>
         <name>i_tofd_t2.asm.obj</name>
      </input_file>
      <input_file id="fl-e3">
         <path>C:\ti\ccs930\ccs\tools\compiler\ti-cgt-arm_18.12.4.LTS\lib\</path>
         <kind>archive</kind>
         <file>rtsv7M4_T_le_v4SPD16_eabi.lib</file>
         <name>atoi.c.obj</name>
      </input_file>
      <input_file id="fl-e4">
         <path>C:\ti\ccs930\ccs\tools\compiler\ti-cgt-arm_18.12.4.LTS\lib\</path>
         <kind>archive</kind>
         <file>rtsv7M4_T_le_v4SPD16_eabi.lib</file>
         <name>ctype.c.obj</name>
      </input_file>
      <input_file id="fl-e5">
         <path>C:\ti\ccs930\ccs\tools\compiler\ti-cgt-arm_18.12.4.LTS\lib\</path>
         <kind>archive</kind>
         <file>rtsv7M4_T_le_v4SPD16_eabi.lib</file>
         <name>ltoa.c.obj</name>
      </input_file>
      <input_file id="fl-e6">
         <path>C:\ti\ccs930\ccs\tools\compiler\ti-cgt-arm_18.12.4.LTS\lib\</path>
         <kind>archive</kind>
         <file>rtsv7M4_T_le_v4SPD16_eabi.lib</file>
         <name>memccpy.c.obj</name>
      </input_file>
      <input_file id="fl-e7">
         <path>C:\ti\ccs930\ccs\tools\compiler\ti-cgt-arm_18.12.4.LTS\lib\</path>
         <kind>archive</kind>
         <file>rtsv7M4_T_le_v4SPD16_eabi.lib</file>
         <name>strchr.c.obj</name>
      </input_file>
      <input_file id="fl-e8">
         <path>C:\ti\ccs930\ccs\tools\compiler\ti-cgt-arm_18.12.4.LTS\lib\</path>
         <kind>archive</kind>
         <file>rtsv7M4_T_le_v4SPD16_eabi.lib</file>
         <name>strlen.c.obj</name>
      </input_file>
      <input_file id="fl-e9">
         <path>C:\ti\ccs930\ccs\tools\compiler\ti-cgt-arm_18.12.4.LTS\lib\</path>
         <kind>archive</kind>
         <file>rtsv7M4_T_le_v4SPD16_eabi.lib</file>
         <name>errno.c.obj</name>
      </input_file>
      <input_file id="fl-ea">
         <path>C:\ti\ccs930\ccs\tools\compiler\ti-cgt-arm_18.12.4.LTS\lib\</path>
         <kind>archive</kind>
         <file>rtsv7M4_T_le_v4SPD16_eabi.lib</file>
         <name>wcslen.c.obj</name>
      </input_file>
      <input_file id="fl-eb">
         <path>C:\ti\ccs930\ccs\tools\compiler\ti-cgt-arm_18.12.4.LTS\lib\</path>
         <kind>archive</kind>
         <file>rtsv7M4_T_le_v4SPD16_eabi.lib</file>
         <name>s_frexp.c.obj</name>
      </input_file>
      <input_file id="fl-ec">
         <path>C:\ti\ccs930\ccs\tools\compiler\ti-cgt-arm_18.12.4.LTS\lib\</path>
         <kind>archive</kind>
         <file>rtsv7M4_T_le_v4SPD16_eabi.lib</file>
         <name>s_scalbn.c.obj</name>
      </input_file>
      <input_file id="fl-ed">
         <path>C:\ti\ccs930\ccs\tools\compiler\ti-cgt-arm_18.12.4.LTS\lib\</path>
         <kind>archive</kind>
         <file>rtsv7M4_T_le_v4SPD16_eabi.lib</file>
         <name>s_copysign.c.obj</name>
      </input_file>
   </input_file_list>
   <object_component_list>
      <object_component id="oc-f">
         <name>.intvecs</name>
         <load_address>0x0</load_address>
         <run_address>0x0</run_address>
         <size>0x26c</size>
         <input_file_ref idref="fl-7"/>
      </object_component>
      <object_component id="oc-22a">
         <name>.text:__TI_printfi</name>
         <load_address>0x26c</load_address>
         <run_address>0x26c</run_address>
         <size>0xa4e</size>
         <input_file_ref idref="fl-db"/>
      </object_component>
      <object_component id="oc-293">
         <name>.text:_IntDefaultHandler</name>
         <load_address>0xcba</load_address>
         <run_address>0xcba</run_address>
         <size>0x2</size>
         <input_file_ref idref="fl-d4"/>
      </object_component>
      <object_component id="oc-e1">
         <name>.text</name>
         <load_address>0xcbc</load_address>
         <run_address>0xcbc</run_address>
         <size>0x894</size>
         <input_file_ref idref="fl-3"/>
      </object_component>
      <object_component id="oc-d5">
         <name>.text</name>
         <load_address>0x1550</load_address>
         <run_address>0x1550</run_address>
         <size>0x3d0</size>
         <input_file_ref idref="fl-cf"/>
      </object_component>
      <object_component id="oc-2f9">
         <name>.text:_pconv_a</name>
         <load_address>0x1920</load_address>
         <run_address>0x1920</run_address>
         <size>0x270</size>
         <input_file_ref idref="fl-db"/>
      </object_component>
      <object_component id="oc-db">
         <name>.text</name>
         <load_address>0x1b90</load_address>
         <run_address>0x1b90</run_address>
         <size>0x1fc</size>
         <input_file_ref idref="fl-5"/>
      </object_component>
      <object_component id="oc-2e7">
         <name>.text:_pconv_g</name>
         <load_address>0x1d8c</load_address>
         <run_address>0x1d8c</run_address>
         <size>0x1d0</size>
         <input_file_ref idref="fl-db"/>
      </object_component>
      <object_component id="oc-36b">
         <name>.text</name>
         <load_address>0x1f5c</load_address>
         <run_address>0x1f5c</run_address>
         <size>0x1b6</size>
         <input_file_ref idref="fl-dd"/>
      </object_component>
      <object_component id="oc-253">
         <name>.text</name>
         <load_address>0x2112</load_address>
         <run_address>0x2112</run_address>
         <size>0x2</size>
         <input_file_ref idref="fl-dc"/>
      </object_component>
      <object_component id="oc-98">
         <name>.text</name>
         <load_address>0x2114</load_address>
         <run_address>0x2114</run_address>
         <size>0x170</size>
         <input_file_ref idref="fl-2"/>
      </object_component>
      <object_component id="oc-1a9">
         <name>.text:GPIOPadConfigSet</name>
         <load_address>0x2284</load_address>
         <run_address>0x2284</run_address>
         <size>0x16c</size>
         <input_file_ref idref="fl-d3"/>
      </object_component>
      <object_component id="oc-2f3">
         <name>.text:_pconv_e</name>
         <load_address>0x23f0</load_address>
         <run_address>0x23f0</run_address>
         <size>0x13c</size>
         <input_file_ref idref="fl-db"/>
      </object_component>
      <object_component id="oc-351">
         <name>.text</name>
         <load_address>0x252c</load_address>
         <run_address>0x252c</run_address>
         <size>0x136</size>
         <input_file_ref idref="fl-df"/>
      </object_component>
      <object_component id="oc-37d">
         <name>.text:fcvt</name>
         <load_address>0x2664</load_address>
         <run_address>0x2664</run_address>
         <size>0x124</size>
         <input_file_ref idref="fl-db"/>
      </object_component>
      <object_component id="oc-146">
         <name>.text:SysCtlClockGet</name>
         <load_address>0x2788</load_address>
         <run_address>0x2788</run_address>
         <size>0x118</size>
         <input_file_ref idref="fl-d5"/>
      </object_component>
      <object_component id="oc-391">
         <name>.text:scalbn</name>
         <load_address>0x28a0</load_address>
         <run_address>0x28a0</run_address>
         <size>0x110</size>
         <input_file_ref idref="fl-ec"/>
      </object_component>
      <object_component id="oc-34c">
         <name>.text</name>
         <load_address>0x29b0</load_address>
         <run_address>0x29b0</run_address>
         <size>0xfc</size>
         <input_file_ref idref="fl-e0"/>
      </object_component>
      <object_component id="oc-17a">
         <name>.text:SysCtlClockSet</name>
         <load_address>0x2aac</load_address>
         <run_address>0x2aac</run_address>
         <size>0xf4</size>
         <input_file_ref idref="fl-d5"/>
      </object_component>
      <object_component id="oc-ca">
         <name>.text</name>
         <load_address>0x2ba0</load_address>
         <run_address>0x2ba0</run_address>
         <size>0xc4</size>
         <input_file_ref idref="fl-d2"/>
      </object_component>
      <object_component id="oc-2dc">
         <name>.text:_ltostr</name>
         <load_address>0x2c64</load_address>
         <run_address>0x2c64</run_address>
         <size>0xb1</size>
         <input_file_ref idref="fl-db"/>
      </object_component>
      <object_component id="oc-19e">
         <name>.text</name>
         <load_address>0x2d18</load_address>
         <run_address>0x2d18</run_address>
         <size>0x9c</size>
         <input_file_ref idref="fl-d0"/>
      </object_component>
      <object_component id="oc-38">
         <name>.text</name>
         <load_address>0x2db4</load_address>
         <run_address>0x2db4</run_address>
         <size>0x9c</size>
         <input_file_ref idref="fl-c7"/>
      </object_component>
      <object_component id="oc-174">
         <name>.text</name>
         <load_address>0x2e50</load_address>
         <run_address>0x2e50</run_address>
         <size>0x96</size>
         <input_file_ref idref="fl-da"/>
      </object_component>
      <object_component id="oc-198">
         <name>.text</name>
         <load_address>0x2ee8</load_address>
         <run_address>0x2ee8</run_address>
         <size>0x8c</size>
         <input_file_ref idref="fl-d1"/>
      </object_component>
      <object_component id="oc-2e2">
         <name>.text:__aeabi_cdcmple</name>
         <load_address>0x2f74</load_address>
         <run_address>0x2f74</run_address>
         <size>0x86</size>
         <input_file_ref idref="fl-de"/>
      </object_component>
      <object_component id="oc-356">
         <name>.text:__aeabi_cdrcmple</name>
         <load_address>0x2ffa</load_address>
         <run_address>0x2ffa</run_address>
         <size>0x86</size>
         <input_file_ref idref="fl-de"/>
      </object_component>
      <object_component id="oc-8c">
         <name>.text</name>
         <load_address>0x3080</load_address>
         <run_address>0x3080</run_address>
         <size>0x7a</size>
         <input_file_ref idref="fl-c8"/>
      </object_component>
      <object_component id="oc-376">
         <name>.text:_mcpy</name>
         <load_address>0x30fa</load_address>
         <run_address>0x30fa</run_address>
         <size>0x6e</size>
         <input_file_ref idref="fl-db"/>
      </object_component>
      <object_component id="oc-1c9">
         <name>.text:IntDisable</name>
         <load_address>0x3168</load_address>
         <run_address>0x3168</run_address>
         <size>0x68</size>
         <input_file_ref idref="fl-d4"/>
      </object_component>
      <object_component id="oc-1c3">
         <name>.text:IntEnable</name>
         <load_address>0x31d0</load_address>
         <run_address>0x31d0</run_address>
         <size>0x68</size>
         <input_file_ref idref="fl-d4"/>
      </object_component>
      <object_component id="oc-12">
         <name>.text:decompress:lzss:__TI_decompress_lzss</name>
         <load_address>0x3238</load_address>
         <run_address>0x3238</run_address>
         <size>0x68</size>
         <input_file_ref idref="fl-c5"/>
      </object_component>
      <object_component id="oc-38b">
         <name>.text:frexp</name>
         <load_address>0x32a0</load_address>
         <run_address>0x32a0</run_address>
         <size>0x64</size>
         <input_file_ref idref="fl-eb"/>
      </object_component>
      <object_component id="oc-2ed">
         <name>.text:_pconv_f</name>
         <load_address>0x3304</load_address>
         <run_address>0x3304</run_address>
         <size>0x56</size>
         <input_file_ref idref="fl-db"/>
      </object_component>
      <object_component id="oc-360">
         <name>.text:ltoa</name>
         <load_address>0x335a</load_address>
         <run_address>0x335a</run_address>
         <size>0x54</size>
         <input_file_ref idref="fl-e5"/>
      </object_component>
      <object_component id="oc-d0">
         <name>.text</name>
         <load_address>0x33b0</load_address>
         <run_address>0x33b0</run_address>
         <size>0x54</size>
         <input_file_ref idref="fl-6"/>
      </object_component>
      <object_component id="oc-370">
         <name>.text:_ecpy</name>
         <load_address>0x3404</load_address>
         <run_address>0x3404</run_address>
         <size>0x52</size>
         <input_file_ref idref="fl-db"/>
      </object_component>
      <object_component id="oc-13a">
         <name>.text:GPIOPinConfigure</name>
         <load_address>0x3458</load_address>
         <run_address>0x3458</run_address>
         <size>0x4c</size>
         <input_file_ref idref="fl-d3"/>
      </object_component>
      <object_component id="oc-2d6">
         <name>.text:atoi</name>
         <load_address>0x34a4</load_address>
         <run_address>0x34a4</run_address>
         <size>0x4c</size>
         <input_file_ref idref="fl-e3"/>
      </object_component>
      <object_component id="oc-c5">
         <name>.text</name>
         <load_address>0x34f0</load_address>
         <run_address>0x34f0</run_address>
         <size>0x4a</size>
         <input_file_ref idref="fl-4"/>
      </object_component>
      <object_component id="oc-35b">
         <name>.text</name>
         <load_address>0x353a</load_address>
         <run_address>0x353a</run_address>
         <size>0x48</size>
         <input_file_ref idref="fl-e1"/>
      </object_component>
      <object_component id="oc-14c">
         <name>.text:UARTConfigSetExpClk</name>
         <load_address>0x3582</load_address>
         <run_address>0x3582</run_address>
         <size>0x46</size>
         <input_file_ref idref="fl-d7"/>
      </object_component>
      <object_component id="oc-fa">
         <name>.text:__TI_auto_init_nobinit_nopinit:__TI_auto_init_nobinit_nopinit</name>
         <load_address>0x35c8</load_address>
         <run_address>0x35c8</run_address>
         <size>0x44</size>
         <input_file_ref idref="fl-c9"/>
      </object_component>
      <object_component id="oc-15e">
         <name>.text:vsnprintf</name>
         <load_address>0x360c</load_address>
         <run_address>0x360c</run_address>
         <size>0x40</size>
         <input_file_ref idref="fl-d9"/>
      </object_component>
      <object_component id="oc-383">
         <name>.text:_fcpy</name>
         <load_address>0x364c</load_address>
         <run_address>0x364c</run_address>
         <size>0x3e</size>
         <input_file_ref idref="fl-db"/>
      </object_component>
      <object_component id="oc-1d8">
         <name>.text:SysCtlPeripheralReady</name>
         <load_address>0x368c</load_address>
         <run_address>0x368c</run_address>
         <size>0x38</size>
         <input_file_ref idref="fl-d5"/>
      </object_component>
      <object_component id="oc-1bd">
         <name>.text:IntRegister</name>
         <load_address>0x36c4</load_address>
         <run_address>0x36c4</run_address>
         <size>0x34</size>
         <input_file_ref idref="fl-d4"/>
      </object_component>
      <object_component id="oc-134">
         <name>.text:SysCtlPeripheralEnable</name>
         <load_address>0x36f8</load_address>
         <run_address>0x36f8</run_address>
         <size>0x34</size>
         <input_file_ref idref="fl-d5"/>
      </object_component>
      <object_component id="oc-56">
         <name>.text:_c_int00_noargs:_c_int00_noargs</name>
         <load_address>0x372c</load_address>
         <run_address>0x372c</run_address>
         <size>0x34</size>
         <input_file_ref idref="fl-c6"/>
      </object_component>
      <object_component id="oc-230">
         <name>.text:_outs</name>
         <load_address>0x3760</load_address>
         <run_address>0x3760</run_address>
         <size>0x30</size>
         <input_file_ref idref="fl-d9"/>
      </object_component>
      <object_component id="oc-366">
         <name>.text</name>
         <load_address>0x3790</load_address>
         <run_address>0x3790</run_address>
         <size>0x2e</size>
         <input_file_ref idref="fl-e2"/>
      </object_component>
      <object_component id="oc-1af">
         <name>.text:GPIODirModeSet</name>
         <load_address>0x37be</load_address>
         <run_address>0x37be</run_address>
         <size>0x2c</size>
         <input_file_ref idref="fl-d3"/>
      </object_component>
      <object_component id="oc-21a">
         <name>.text:UARTDisable</name>
         <load_address>0x37ec</load_address>
         <run_address>0x37ec</run_address>
         <size>0x20</size>
         <input_file_ref idref="fl-d7"/>
      </object_component>
      <object_component id="oc-186">
         <name>.text:SysTickIntRegister</name>
         <load_address>0x380c</load_address>
         <run_address>0x380c</run_address>
         <size>0x1c</size>
         <input_file_ref idref="fl-d6"/>
      </object_component>
      <object_component id="oc-44">
         <name>.text:decompress:ZI:__TI_zero_init_nomemset:__TI_zero_init_nomemset</name>
         <load_address>0x3828</load_address>
         <run_address>0x3828</run_address>
         <size>0x1c</size>
         <input_file_ref idref="fl-c3"/>
      </object_component>
      <object_component id="oc-2ff">
         <name>.text:memccpy</name>
         <load_address>0x3844</load_address>
         <run_address>0x3844</run_address>
         <size>0x1c</size>
         <input_file_ref idref="fl-e6"/>
      </object_component>
      <object_component id="oc-26f">
         <name>.text:GPIOPinTypeGPIOOutput</name>
         <load_address>0x3860</load_address>
         <run_address>0x3860</run_address>
         <size>0x1a</size>
         <input_file_ref idref="fl-d3"/>
      </object_component>
      <object_component id="oc-3d2">
         <name>.text:copysign</name>
         <load_address>0x387a</load_address>
         <run_address>0x387a</run_address>
         <size>0x1a</size>
         <input_file_ref idref="fl-ed"/>
      </object_component>
      <object_component id="oc-236">
         <name>.text:_outc</name>
         <load_address>0x3894</load_address>
         <run_address>0x3894</run_address>
         <size>0x18</size>
         <input_file_ref idref="fl-d9"/>
      </object_component>
      <object_component id="oc-25f">
         <name>.text:GPIOPinTypeGPIOInput</name>
         <load_address>0x38ac</load_address>
         <run_address>0x38ac</run_address>
         <size>0x16</size>
         <input_file_ref idref="fl-d3"/>
      </object_component>
      <object_component id="oc-140">
         <name>.text:GPIOPinTypeUART</name>
         <load_address>0x38c2</load_address>
         <run_address>0x38c2</run_address>
         <size>0x16</size>
         <input_file_ref idref="fl-d3"/>
      </object_component>
      <object_component id="oc-397">
         <name>.text:strchr</name>
         <load_address>0x38d8</load_address>
         <run_address>0x38d8</run_address>
         <size>0x16</size>
         <input_file_ref idref="fl-e7"/>
      </object_component>
      <object_component id="oc-1cf">
         <name>.text:IntUnregister</name>
         <load_address>0x38f0</load_address>
         <run_address>0x38f0</run_address>
         <size>0x14</size>
         <input_file_ref idref="fl-d4"/>
      </object_component>
      <object_component id="oc-192">
         <name>.text:SysTickEnable</name>
         <load_address>0x3904</load_address>
         <run_address>0x3904</run_address>
         <size>0x14</size>
         <input_file_ref idref="fl-d6"/>
      </object_component>
      <object_component id="oc-18c">
         <name>.text:SysTickIntEnable</name>
         <load_address>0x3918</load_address>
         <run_address>0x3918</run_address>
         <size>0x14</size>
         <input_file_ref idref="fl-d6"/>
      </object_component>
      <object_component id="oc-220">
         <name>.text:UARTEnable</name>
         <load_address>0x392c</load_address>
         <run_address>0x392c</run_address>
         <size>0x14</size>
         <input_file_ref idref="fl-d7"/>
      </object_component>
      <object_component id="oc-2d0">
         <name>.text:strlen</name>
         <load_address>0x3940</load_address>
         <run_address>0x3940</run_address>
         <size>0x14</size>
         <input_file_ref idref="fl-e8"/>
      </object_component>
      <object_component id="oc-305">
         <name>.text:wcslen</name>
         <load_address>0x3954</load_address>
         <run_address>0x3954</run_address>
         <size>0x12</size>
         <input_file_ref idref="fl-ea"/>
      </object_component>
      <object_component id="oc-180">
         <name>.text:SysTickPeriodSet</name>
         <load_address>0x3968</load_address>
         <run_address>0x3968</run_address>
         <size>0x10</size>
         <input_file_ref idref="fl-d6"/>
      </object_component>
      <object_component id="oc-18">
         <name>.text:decompress:none:__TI_decompress_none</name>
         <load_address>0x3978</load_address>
         <run_address>0x3978</run_address>
         <size>0xe</size>
         <input_file_ref idref="fl-c4"/>
      </object_component>
      <object_component id="oc-24">
         <name>.text</name>
         <load_address>0x3986</load_address>
         <run_address>0x3986</run_address>
         <size>0xc</size>
         <input_file_ref idref="fl-7"/>
      </object_component>
      <object_component id="oc-158">
         <name>.text:UARTCharGet</name>
         <load_address>0x3992</load_address>
         <run_address>0x3992</run_address>
         <size>0xa</size>
         <input_file_ref idref="fl-d7"/>
      </object_component>
      <object_component id="oc-152">
         <name>.text:UARTCharPut</name>
         <load_address>0x399c</load_address>
         <run_address>0x399c</run_address>
         <size>0xa</size>
         <input_file_ref idref="fl-d7"/>
      </object_component>
      <object_component id="oc-30b">
         <name>.text:__aeabi_errno_addr</name>
         <load_address>0x39a8</load_address>
         <run_address>0x39a8</run_address>
         <size>0x8</size>
         <input_file_ref idref="fl-e9"/>
      </object_component>
      <object_component id="oc-265">
         <name>.text:GPIOPinRead</name>
         <load_address>0x39b0</load_address>
         <run_address>0x39b0</run_address>
         <size>0x6</size>
         <input_file_ref idref="fl-d3"/>
      </object_component>
      <object_component id="oc-1b5">
         <name>.text:GPIOPinWrite</name>
         <load_address>0x39b6</load_address>
         <run_address>0x39b6</run_address>
         <size>0x6</size>
         <input_file_ref idref="fl-d3"/>
      </object_component>
      <object_component id="oc-179">
         <name>.text:SysCtlDelay</name>
         <load_address>0x39bc</load_address>
         <run_address>0x39bc</run_address>
         <size>0x6</size>
         <input_file_ref idref="fl-d5"/>
      </object_component>
      <object_component id="oc-92">
         <name>.text:_system_pre_init</name>
         <load_address>0x39c2</load_address>
         <run_address>0x39c2</run_address>
         <size>0x4</size>
         <input_file_ref idref="fl-ca"/>
      </object_component>
      <object_component id="oc-ee">
         <name>.text:abort:abort</name>
         <load_address>0x39c6</load_address>
         <run_address>0x39c6</run_address>
         <size>0x4</size>
         <input_file_ref idref="fl-cc"/>
      </object_component>
      <object_component id="oc-345">
         <name>.const:.string:_ctypes_</name>
         <load_address>0x39cc</load_address>
         <run_address>0x39cc</run_address>
         <size>0x101</size>
         <input_file_ref idref="fl-e4"/>
      </object_component>
      <object_component id="oc-210">
         <name>.const:g_pui32GPIOBaseAddrs</name>
         <load_address>0x3ad0</load_address>
         <run_address>0x3ad0</run_address>
         <size>0x90</size>
         <input_file_ref idref="fl-d3"/>
      </object_component>
      <object_component id="oc-216">
         <name>.const:g_pui32Xtals</name>
         <load_address>0x3b60</load_address>
         <run_address>0x3b60</run_address>
         <size>0x6c</size>
         <input_file_ref idref="fl-d5"/>
      </object_component>
      <object_component id="oc-28f">
         <name>.const:g_pui32Dii16Regs</name>
         <load_address>0x3bcc</load_address>
         <run_address>0x3bcc</run_address>
         <size>0x14</size>
         <input_file_ref idref="fl-d4"/>
      </object_component>
      <object_component id="oc-28b">
         <name>.const:g_pui32EnRegs</name>
         <load_address>0x3be0</load_address>
         <run_address>0x3be0</run_address>
         <size>0x14</size>
         <input_file_ref idref="fl-d4"/>
      </object_component>
      <object_component id="oc-428">
         <name>.cinit..data.load</name>
         <load_address>0x3bf8</load_address>
         <run_address>0x3bf8</run_address>
         <size>0x13</size>
      </object_component>
      <object_component id="oc-425">
         <name>__TI_handler_table</name>
         <load_address>0x3c0c</load_address>
         <run_address>0x3c0c</run_address>
         <size>0xc</size>
      </object_component>
      <object_component id="oc-429">
         <name>.cinit..bss.load</name>
         <load_address>0x3c18</load_address>
         <run_address>0x3c18</run_address>
         <size>0x8</size>
      </object_component>
      <object_component id="oc-427">
         <name>.cinit..vtable.load</name>
         <load_address>0x3c20</load_address>
         <run_address>0x3c20</run_address>
         <size>0x8</size>
      </object_component>
      <object_component id="oc-426">
         <name>__TI_cinit_table</name>
         <load_address>0x3c28</load_address>
         <run_address>0x3c28</run_address>
         <size>0x18</size>
      </object_component>
      <object_component id="oc-286">
         <name>.vtable</name>
         <uninitialized>true</uninitialized>
         <run_address>0x20000000</run_address>
         <size>0x26c</size>
         <input_file_ref idref="fl-d4"/>
      </object_component>
      <object_component id="oc-ea">
         <name>.data:seg7Display</name>
         <load_address>0x20000794</load_address>
         <run_address>0x20000794</run_address>
         <size>0x5</size>
         <input_file_ref idref="fl-2"/>
      </object_component>
      <object_component id="oc-e7">
         <name>.data</name>
         <load_address>0x20000799</load_address>
         <run_address>0x20000799</run_address>
         <size>0x1</size>
         <input_file_ref idref="fl-2"/>
      </object_component>
      <object_component id="oc-16b">
         <name>.data</name>
         <load_address>0x20000780</load_address>
         <run_address>0x20000780</run_address>
         <size>0xa</size>
         <input_file_ref idref="fl-6"/>
      </object_component>
      <object_component id="oc-16e">
         <name>.data</name>
         <load_address>0x2000078c</load_address>
         <run_address>0x2000078c</run_address>
         <size>0x8</size>
         <input_file_ref idref="fl-cf"/>
      </object_component>
      <object_component id="oc-275">
         <name>.data</name>
         <load_address>0x2000078a</load_address>
         <run_address>0x2000078a</run_address>
         <size>0x1</size>
         <input_file_ref idref="fl-d0"/>
      </object_component>
      <object_component id="oc-26b">
         <name>.data</name>
         <load_address>0x2000078b</load_address>
         <run_address>0x2000078b</run_address>
         <size>0x1</size>
         <input_file_ref idref="fl-d1"/>
      </object_component>
      <object_component id="oc-3a7">
         <name>.data</name>
         <load_address>0x2000079c</load_address>
         <run_address>0x2000079c</run_address>
         <size>0x4</size>
         <input_file_ref idref="fl-e9"/>
      </object_component>
      <object_component id="oc-1d5">
         <name>.bss:g_pui8OversampleFactor</name>
         <uninitialized>true</uninitialized>
         <run_address>0x20000770</run_address>
         <size>0x8</size>
         <input_file_ref idref="fl-3"/>
      </object_component>
      <object_component id="oc-16c">
         <name>.bss</name>
         <uninitialized>true</uninitialized>
         <run_address>0x2000077c</run_address>
         <size>0x4</size>
         <input_file_ref idref="fl-6"/>
      </object_component>
      <object_component id="oc-1a4">
         <name>.bss</name>
         <uninitialized>true</uninitialized>
         <run_address>0x20000778</run_address>
         <size>0x4</size>
         <input_file_ref idref="fl-cf"/>
      </object_component>
      <object_component id="oc-171">
         <name>.bss:callbackHeap</name>
         <uninitialized>true</uninitialized>
         <run_address>0x20000670</run_address>
         <size>0x100</size>
         <input_file_ref idref="fl-cf"/>
      </object_component>
      <object_component id="oc-21">
         <name>.stack</name>
         <uninitialized>true</uninitialized>
         <run_address>0x20000270</run_address>
         <size>0x4</size>
         <input_file_ref idref="fl-c6"/>
      </object_component>
      <object_component id="oc-42a">
         <name>.stack</name>
         <uninitialized>true</uninitialized>
         <run_address>0x20000270</run_address>
         <size>0x0</size>
      </object_component>
      <object_component id="oc-b4">
         <name>.debug_info</name>
         <load_address>0x0</load_address>
         <run_address>0x0</run_address>
         <size>0x3ba</size>
         <input_file_ref idref="fl-2"/>
      </object_component>
      <object_component id="oc-eb">
         <name>.debug_info</name>
         <load_address>0x3ba</load_address>
         <run_address>0x3ba</run_address>
         <size>0xf1</size>
         <input_file_ref idref="fl-2"/>
      </object_component>
      <object_component id="oc-e8">
         <name>.debug_info</name>
         <load_address>0x4ab</load_address>
         <run_address>0x4ab</run_address>
         <size>0xea</size>
         <input_file_ref idref="fl-2"/>
      </object_component>
      <object_component id="oc-99">
         <name>.debug_info</name>
         <load_address>0x595</load_address>
         <run_address>0x595</run_address>
         <size>0x2c9</size>
         <input_file_ref idref="fl-2"/>
      </object_component>
      <object_component id="oc-1e7">
         <name>.debug_info</name>
         <load_address>0x85e</load_address>
         <run_address>0x85e</run_address>
         <size>0x48</size>
         <input_file_ref idref="fl-2"/>
      </object_component>
      <object_component id="oc-12e">
         <name>.debug_info</name>
         <load_address>0x8a6</load_address>
         <run_address>0x8a6</run_address>
         <size>0x9a</size>
         <input_file_ref idref="fl-2"/>
      </object_component>
      <object_component id="oc-6d">
         <name>.debug_info</name>
         <load_address>0x940</load_address>
         <run_address>0x940</run_address>
         <size>0x26b</size>
         <input_file_ref idref="fl-2"/>
      </object_component>
      <object_component id="oc-af">
         <name>.debug_info</name>
         <load_address>0xbab</load_address>
         <run_address>0xbab</run_address>
         <size>0x8b</size>
         <input_file_ref idref="fl-2"/>
      </object_component>
      <object_component id="oc-aa">
         <name>.debug_info</name>
         <load_address>0xc36</load_address>
         <run_address>0xc36</run_address>
         <size>0x297</size>
         <input_file_ref idref="fl-2"/>
      </object_component>
      <object_component id="oc-1df">
         <name>.debug_info</name>
         <load_address>0xecd</load_address>
         <run_address>0xecd</run_address>
         <size>0xef</size>
         <input_file_ref idref="fl-2"/>
      </object_component>
      <object_component id="oc-72">
         <name>.debug_info</name>
         <load_address>0xfbc</load_address>
         <run_address>0xfbc</run_address>
         <size>0xbb</size>
         <input_file_ref idref="fl-2"/>
      </object_component>
      <object_component id="oc-24a">
         <name>.debug_info</name>
         <load_address>0x1077</load_address>
         <run_address>0x1077</run_address>
         <size>0xcc</size>
         <input_file_ref idref="fl-2"/>
      </object_component>
      <object_component id="oc-166">
         <name>.debug_info</name>
         <load_address>0x1143</load_address>
         <run_address>0x1143</run_address>
         <size>0x2c</size>
         <input_file_ref idref="fl-2"/>
      </object_component>
      <object_component id="oc-1e4">
         <name>.debug_info</name>
         <load_address>0x116f</load_address>
         <run_address>0x116f</run_address>
         <size>0x3c4</size>
         <input_file_ref idref="fl-3"/>
      </object_component>
      <object_component id="oc-1d6">
         <name>.debug_info</name>
         <load_address>0x1533</load_address>
         <run_address>0x1533</run_address>
         <size>0x105</size>
         <input_file_ref idref="fl-3"/>
      </object_component>
      <object_component id="oc-e2">
         <name>.debug_info</name>
         <load_address>0x1638</load_address>
         <run_address>0x1638</run_address>
         <size>0x364f</size>
         <input_file_ref idref="fl-3"/>
      </object_component>
      <object_component id="oc-c8">
         <name>.debug_info</name>
         <load_address>0x4c87</load_address>
         <run_address>0x4c87</run_address>
         <size>0x14f</size>
         <input_file_ref idref="fl-4"/>
      </object_component>
      <object_component id="oc-1bc">
         <name>.debug_info</name>
         <load_address>0x4dd6</load_address>
         <run_address>0x4dd6</run_address>
         <size>0x386</size>
         <input_file_ref idref="fl-5"/>
      </object_component>
      <object_component id="oc-dc">
         <name>.debug_info</name>
         <load_address>0x515c</load_address>
         <run_address>0x515c</run_address>
         <size>0x6cb</size>
         <input_file_ref idref="fl-5"/>
      </object_component>
      <object_component id="oc-d3">
         <name>.debug_info</name>
         <load_address>0x5827</load_address>
         <run_address>0x5827</run_address>
         <size>0x10c</size>
         <input_file_ref idref="fl-6"/>
      </object_component>
      <object_component id="oc-2c">
         <name>.debug_info</name>
         <load_address>0x5933</load_address>
         <run_address>0x5933</run_address>
         <size>0x2c8</size>
         <input_file_ref idref="fl-7"/>
      </object_component>
      <object_component id="oc-10">
         <name>.debug_info</name>
         <load_address>0x5bfb</load_address>
         <run_address>0x5bfb</run_address>
         <size>0x107</size>
         <input_file_ref idref="fl-7"/>
      </object_component>
      <object_component id="oc-26">
         <name>.debug_info</name>
         <load_address>0x5d02</load_address>
         <run_address>0x5d02</run_address>
         <size>0x283</size>
         <input_file_ref idref="fl-7"/>
      </object_component>
      <object_component id="oc-33">
         <name>.debug_info</name>
         <load_address>0x5f85</load_address>
         <run_address>0x5f85</run_address>
         <size>0x84</size>
         <input_file_ref idref="fl-7"/>
      </object_component>
      <object_component id="oc-8b">
         <name>.debug_info</name>
         <load_address>0x6009</load_address>
         <run_address>0x6009</run_address>
         <size>0x2d3</size>
         <input_file_ref idref="fl-c3"/>
      </object_component>
      <object_component id="oc-48">
         <name>.debug_info</name>
         <load_address>0x62dc</load_address>
         <run_address>0x62dc</run_address>
         <size>0x1d1</size>
         <input_file_ref idref="fl-c3"/>
      </object_component>
      <object_component id="oc-86">
         <name>.debug_info</name>
         <load_address>0x64ad</load_address>
         <run_address>0x64ad</run_address>
         <size>0x46</size>
         <input_file_ref idref="fl-c3"/>
      </object_component>
      <object_component id="oc-bc">
         <name>.debug_info</name>
         <load_address>0x64f3</load_address>
         <run_address>0x64f3</run_address>
         <size>0x2c</size>
         <input_file_ref idref="fl-c3"/>
      </object_component>
      <object_component id="oc-43">
         <name>.debug_info</name>
         <load_address>0x651f</load_address>
         <run_address>0x651f</run_address>
         <size>0x2a7</size>
         <input_file_ref idref="fl-c4"/>
      </object_component>
      <object_component id="oc-1a">
         <name>.debug_info</name>
         <load_address>0x67c6</load_address>
         <run_address>0x67c6</run_address>
         <size>0x1e9</size>
         <input_file_ref idref="fl-c4"/>
      </object_component>
      <object_component id="oc-3e">
         <name>.debug_info</name>
         <load_address>0x69af</load_address>
         <run_address>0x69af</run_address>
         <size>0x46</size>
         <input_file_ref idref="fl-c4"/>
      </object_component>
      <object_component id="oc-7e">
         <name>.debug_info</name>
         <load_address>0x69f5</load_address>
         <run_address>0x69f5</run_address>
         <size>0x2c</size>
         <input_file_ref idref="fl-c4"/>
      </object_component>
      <object_component id="oc-7c">
         <name>.debug_info</name>
         <load_address>0x6a21</load_address>
         <run_address>0x6a21</run_address>
         <size>0x29d</size>
         <input_file_ref idref="fl-c5"/>
      </object_component>
      <object_component id="oc-13">
         <name>.debug_info</name>
         <load_address>0x6cbe</load_address>
         <run_address>0x6cbe</run_address>
         <size>0x24f</size>
         <input_file_ref idref="fl-c5"/>
      </object_component>
      <object_component id="oc-2e">
         <name>.debug_info</name>
         <load_address>0x6f0d</load_address>
         <run_address>0x6f0d</run_address>
         <size>0x60</size>
         <input_file_ref idref="fl-c5"/>
      </object_component>
      <object_component id="oc-b5">
         <name>.debug_info</name>
         <load_address>0x6f6d</load_address>
         <run_address>0x6f6d</run_address>
         <size>0x46</size>
         <input_file_ref idref="fl-c5"/>
      </object_component>
      <object_component id="oc-77">
         <name>.debug_info</name>
         <load_address>0x6fb3</load_address>
         <run_address>0x6fb3</run_address>
         <size>0x39</size>
         <input_file_ref idref="fl-c5"/>
      </object_component>
      <object_component id="oc-22">
         <name>.debug_info</name>
         <load_address>0x6fec</load_address>
         <run_address>0x6fec</run_address>
         <size>0x10a</size>
         <input_file_ref idref="fl-c6"/>
      </object_component>
      <object_component id="oc-57">
         <name>.debug_info</name>
         <load_address>0x70f6</load_address>
         <run_address>0x70f6</run_address>
         <size>0x1a8</size>
         <input_file_ref idref="fl-c6"/>
      </object_component>
      <object_component id="oc-3b">
         <name>.debug_info</name>
         <load_address>0x729e</load_address>
         <run_address>0x729e</run_address>
         <size>0x118</size>
         <input_file_ref idref="fl-c7"/>
      </object_component>
      <object_component id="oc-8e">
         <name>.debug_info</name>
         <load_address>0x73b6</load_address>
         <run_address>0x73b6</run_address>
         <size>0x146</size>
         <input_file_ref idref="fl-c8"/>
      </object_component>
      <object_component id="oc-1f9">
         <name>.debug_info</name>
         <load_address>0x74fc</load_address>
         <run_address>0x74fc</run_address>
         <size>0x4b2</size>
         <input_file_ref idref="fl-c9"/>
      </object_component>
      <object_component id="oc-fc">
         <name>.debug_info</name>
         <load_address>0x79ae</load_address>
         <run_address>0x79ae</run_address>
         <size>0x1a5</size>
         <input_file_ref idref="fl-c9"/>
      </object_component>
      <object_component id="oc-2af">
         <name>.debug_info</name>
         <load_address>0x7b53</load_address>
         <run_address>0x7b53</run_address>
         <size>0x39</size>
         <input_file_ref idref="fl-c9"/>
      </object_component>
      <object_component id="oc-337">
         <name>.debug_info</name>
         <load_address>0x7b8c</load_address>
         <run_address>0x7b8c</run_address>
         <size>0x39</size>
         <input_file_ref idref="fl-c9"/>
      </object_component>
      <object_component id="oc-2b4">
         <name>.debug_info</name>
         <load_address>0x7bc5</load_address>
         <run_address>0x7bc5</run_address>
         <size>0x39</size>
         <input_file_ref idref="fl-c9"/>
      </object_component>
      <object_component id="oc-2b9">
         <name>.debug_info</name>
         <load_address>0x7bfe</load_address>
         <run_address>0x7bfe</run_address>
         <size>0xcd</size>
         <input_file_ref idref="fl-c9"/>
      </object_component>
      <object_component id="oc-96">
         <name>.debug_info</name>
         <load_address>0x7ccb</load_address>
         <run_address>0x7ccb</run_address>
         <size>0x152</size>
         <input_file_ref idref="fl-ca"/>
      </object_component>
      <object_component id="oc-ef">
         <name>.debug_info</name>
         <load_address>0x7e1d</load_address>
         <run_address>0x7e1d</run_address>
         <size>0x121</size>
         <input_file_ref idref="fl-cc"/>
      </object_component>
      <object_component id="oc-1a8">
         <name>.debug_info</name>
         <load_address>0x7f3e</load_address>
         <run_address>0x7f3e</run_address>
         <size>0x454</size>
         <input_file_ref idref="fl-cf"/>
      </object_component>
      <object_component id="oc-1a5">
         <name>.debug_info</name>
         <load_address>0x8392</load_address>
         <run_address>0x8392</run_address>
         <size>0xf6</size>
         <input_file_ref idref="fl-cf"/>
      </object_component>
      <object_component id="oc-16f">
         <name>.debug_info</name>
         <load_address>0x8488</load_address>
         <run_address>0x8488</run_address>
         <size>0x122</size>
         <input_file_ref idref="fl-cf"/>
      </object_component>
      <object_component id="oc-172">
         <name>.debug_info</name>
         <load_address>0x85aa</load_address>
         <run_address>0x85aa</run_address>
         <size>0xfc</size>
         <input_file_ref idref="fl-cf"/>
      </object_component>
      <object_component id="oc-d7">
         <name>.debug_info</name>
         <load_address>0x86a6</load_address>
         <run_address>0x86a6</run_address>
         <size>0x9ed</size>
         <input_file_ref idref="fl-cf"/>
      </object_component>
      <object_component id="oc-27d">
         <name>.debug_info</name>
         <load_address>0x9093</load_address>
         <run_address>0x9093</run_address>
         <size>0x51</size>
         <input_file_ref idref="fl-cf"/>
      </object_component>
      <object_component id="oc-276">
         <name>.debug_info</name>
         <load_address>0x90e4</load_address>
         <run_address>0x90e4</run_address>
         <size>0xf4</size>
         <input_file_ref idref="fl-d0"/>
      </object_component>
      <object_component id="oc-19f">
         <name>.debug_info</name>
         <load_address>0x91d8</load_address>
         <run_address>0x91d8</run_address>
         <size>0x2c4</size>
         <input_file_ref idref="fl-d0"/>
      </object_component>
      <object_component id="oc-26c">
         <name>.debug_info</name>
         <load_address>0x949c</load_address>
         <run_address>0x949c</run_address>
         <size>0xfb</size>
         <input_file_ref idref="fl-d1"/>
      </object_component>
      <object_component id="oc-199">
         <name>.debug_info</name>
         <load_address>0x9597</load_address>
         <run_address>0x9597</run_address>
         <size>0x25c</size>
         <input_file_ref idref="fl-d1"/>
      </object_component>
      <object_component id="oc-165">
         <name>.debug_info</name>
         <load_address>0x97f3</load_address>
         <run_address>0x97f3</run_address>
         <size>0x451</size>
         <input_file_ref idref="fl-d2"/>
      </object_component>
      <object_component id="oc-cd">
         <name>.debug_info</name>
         <load_address>0x9c44</load_address>
         <run_address>0x9c44</run_address>
         <size>0x3f9</size>
         <input_file_ref idref="fl-d2"/>
      </object_component>
      <object_component id="oc-214">
         <name>.debug_info</name>
         <load_address>0xa03d</load_address>
         <run_address>0xa03d</run_address>
         <size>0x3e4</size>
         <input_file_ref idref="fl-d3"/>
      </object_component>
      <object_component id="oc-211">
         <name>.debug_info</name>
         <load_address>0xa421</load_address>
         <run_address>0xa421</run_address>
         <size>0x164</size>
         <input_file_ref idref="fl-d3"/>
      </object_component>
      <object_component id="oc-1b7">
         <name>.debug_info</name>
         <load_address>0xa585</load_address>
         <run_address>0xa585</run_address>
         <size>0x2ac</size>
         <input_file_ref idref="fl-d3"/>
      </object_component>
      <object_component id="oc-1b1">
         <name>.debug_info</name>
         <load_address>0xa831</load_address>
         <run_address>0xa831</run_address>
         <size>0x2bc</size>
         <input_file_ref idref="fl-d3"/>
      </object_component>
      <object_component id="oc-1ab">
         <name>.debug_info</name>
         <load_address>0xaaed</load_address>
         <run_address>0xaaed</run_address>
         <size>0x31f</size>
         <input_file_ref idref="fl-d3"/>
      </object_component>
      <object_component id="oc-142">
         <name>.debug_info</name>
         <load_address>0xae0c</load_address>
         <run_address>0xae0c</run_address>
         <size>0x29b</size>
         <input_file_ref idref="fl-d3"/>
      </object_component>
      <object_component id="oc-270">
         <name>.debug_info</name>
         <load_address>0xb0a7</load_address>
         <run_address>0xb0a7</run_address>
         <size>0x2c0</size>
         <input_file_ref idref="fl-d3"/>
      </object_component>
      <object_component id="oc-260">
         <name>.debug_info</name>
         <load_address>0xb367</load_address>
         <run_address>0xb367</run_address>
         <size>0x2a5</size>
         <input_file_ref idref="fl-d3"/>
      </object_component>
      <object_component id="oc-266">
         <name>.debug_info</name>
         <load_address>0xb60c</load_address>
         <run_address>0xb60c</run_address>
         <size>0x284</size>
         <input_file_ref idref="fl-d3"/>
      </object_component>
      <object_component id="oc-13b">
         <name>.debug_info</name>
         <load_address>0xb890</load_address>
         <run_address>0xb890</run_address>
         <size>0x289</size>
         <input_file_ref idref="fl-d3"/>
      </object_component>
      <object_component id="oc-28a">
         <name>.debug_info</name>
         <load_address>0xbb19</load_address>
         <run_address>0xbb19</run_address>
         <size>0x3b7</size>
         <input_file_ref idref="fl-d4"/>
      </object_component>
      <object_component id="oc-28c">
         <name>.debug_info</name>
         <load_address>0xbed0</load_address>
         <run_address>0xbed0</run_address>
         <size>0x15b</size>
         <input_file_ref idref="fl-d4"/>
      </object_component>
      <object_component id="oc-290">
         <name>.debug_info</name>
         <load_address>0xc02b</load_address>
         <run_address>0xc02b</run_address>
         <size>0x161</size>
         <input_file_ref idref="fl-d4"/>
      </object_component>
      <object_component id="oc-287">
         <name>.debug_info</name>
         <load_address>0xc18c</load_address>
         <run_address>0xc18c</run_address>
         <size>0x160</size>
         <input_file_ref idref="fl-d4"/>
      </object_component>
      <object_component id="oc-295">
         <name>.debug_info</name>
         <load_address>0xc2ec</load_address>
         <run_address>0xc2ec</run_address>
         <size>0x22e</size>
         <input_file_ref idref="fl-d4"/>
      </object_component>
      <object_component id="oc-1d1">
         <name>.debug_info</name>
         <load_address>0xc51a</load_address>
         <run_address>0xc51a</run_address>
         <size>0x279</size>
         <input_file_ref idref="fl-d4"/>
      </object_component>
      <object_component id="oc-1c0">
         <name>.debug_info</name>
         <load_address>0xc793</load_address>
         <run_address>0xc793</run_address>
         <size>0x2ca</size>
         <input_file_ref idref="fl-d4"/>
      </object_component>
      <object_component id="oc-1c5">
         <name>.debug_info</name>
         <load_address>0xca5d</load_address>
         <run_address>0xca5d</run_address>
         <size>0x271</size>
         <input_file_ref idref="fl-d4"/>
      </object_component>
      <object_component id="oc-1cb">
         <name>.debug_info</name>
         <load_address>0xccce</load_address>
         <run_address>0xccce</run_address>
         <size>0x273</size>
         <input_file_ref idref="fl-d4"/>
      </object_component>
      <object_component id="oc-20f">
         <name>.debug_info</name>
         <load_address>0xcf41</load_address>
         <run_address>0xcf41</run_address>
         <size>0x441</size>
         <input_file_ref idref="fl-d5"/>
      </object_component>
      <object_component id="oc-217">
         <name>.debug_info</name>
         <load_address>0xd382</load_address>
         <run_address>0xd382</run_address>
         <size>0x156</size>
         <input_file_ref idref="fl-d5"/>
      </object_component>
      <object_component id="oc-1d9">
         <name>.debug_info</name>
         <load_address>0xd4d8</load_address>
         <run_address>0xd4d8</run_address>
         <size>0x288</size>
         <input_file_ref idref="fl-d5"/>
      </object_component>
      <object_component id="oc-135">
         <name>.debug_info</name>
         <load_address>0xd760</load_address>
         <run_address>0xd760</run_address>
         <size>0x286</size>
         <input_file_ref idref="fl-d5"/>
      </object_component>
      <object_component id="oc-17c">
         <name>.debug_info</name>
         <load_address>0xd9e6</load_address>
         <run_address>0xd9e6</run_address>
         <size>0x2e4</size>
         <input_file_ref idref="fl-d5"/>
      </object_component>
      <object_component id="oc-148">
         <name>.debug_info</name>
         <load_address>0xdcca</load_address>
         <run_address>0xdcca</run_address>
         <size>0x2be</size>
         <input_file_ref idref="fl-d5"/>
      </object_component>
      <object_component id="oc-2c2">
         <name>.debug_info</name>
         <load_address>0xdf88</load_address>
         <run_address>0xdf88</run_address>
         <size>0x51</size>
         <input_file_ref idref="fl-d5"/>
      </object_component>
      <object_component id="oc-25b">
         <name>.debug_info</name>
         <load_address>0xdfd9</load_address>
         <run_address>0xdfd9</run_address>
         <size>0x346</size>
         <input_file_ref idref="fl-d6"/>
      </object_component>
      <object_component id="oc-182">
         <name>.debug_info</name>
         <load_address>0xe31f</load_address>
         <run_address>0xe31f</run_address>
         <size>0x26a</size>
         <input_file_ref idref="fl-d6"/>
      </object_component>
      <object_component id="oc-188">
         <name>.debug_info</name>
         <load_address>0xe589</load_address>
         <run_address>0xe589</run_address>
         <size>0x280</size>
         <input_file_ref idref="fl-d6"/>
      </object_component>
      <object_component id="oc-18e">
         <name>.debug_info</name>
         <load_address>0xe809</load_address>
         <run_address>0xe809</run_address>
         <size>0x230</size>
         <input_file_ref idref="fl-d6"/>
      </object_component>
      <object_component id="oc-194">
         <name>.debug_info</name>
         <load_address>0xea39</load_address>
         <run_address>0xea39</run_address>
         <size>0x22a</size>
         <input_file_ref idref="fl-d6"/>
      </object_component>
      <object_component id="oc-227">
         <name>.debug_info</name>
         <load_address>0xec63</load_address>
         <run_address>0xec63</run_address>
         <size>0x3cb</size>
         <input_file_ref idref="fl-d7"/>
      </object_component>
      <object_component id="oc-221">
         <name>.debug_info</name>
         <load_address>0xf02e</load_address>
         <run_address>0xf02e</run_address>
         <size>0x250</size>
         <input_file_ref idref="fl-d7"/>
      </object_component>
      <object_component id="oc-21b">
         <name>.debug_info</name>
         <load_address>0xf27e</load_address>
         <run_address>0xf27e</run_address>
         <size>0x252</size>
         <input_file_ref idref="fl-d7"/>
      </object_component>
      <object_component id="oc-14d">
         <name>.debug_info</name>
         <load_address>0xf4d0</load_address>
         <run_address>0xf4d0</run_address>
         <size>0x32f</size>
         <input_file_ref idref="fl-d7"/>
      </object_component>
      <object_component id="oc-153">
         <name>.debug_info</name>
         <load_address>0xf7ff</load_address>
         <run_address>0xf7ff</run_address>
         <size>0x27c</size>
         <input_file_ref idref="fl-d7"/>
      </object_component>
      <object_component id="oc-159">
         <name>.debug_info</name>
         <load_address>0xfa7b</load_address>
         <run_address>0xfa7b</run_address>
         <size>0x256</size>
         <input_file_ref idref="fl-d7"/>
      </object_component>
      <object_component id="oc-23d">
         <name>.debug_info</name>
         <load_address>0xfcd1</load_address>
         <run_address>0xfcd1</run_address>
         <size>0x33f</size>
         <input_file_ref idref="fl-d9"/>
      </object_component>
      <object_component id="oc-15f">
         <name>.debug_info</name>
         <load_address>0x10010</load_address>
         <run_address>0x10010</run_address>
         <size>0x207</size>
         <input_file_ref idref="fl-d9"/>
      </object_component>
      <object_component id="oc-231">
         <name>.debug_info</name>
         <load_address>0x10217</load_address>
         <run_address>0x10217</run_address>
         <size>0x1c5</size>
         <input_file_ref idref="fl-d9"/>
      </object_component>
      <object_component id="oc-237">
         <name>.debug_info</name>
         <load_address>0x103dc</load_address>
         <run_address>0x103dc</run_address>
         <size>0x178</size>
         <input_file_ref idref="fl-d9"/>
      </object_component>
      <object_component id="oc-23e">
         <name>.debug_info</name>
         <load_address>0x10554</load_address>
         <run_address>0x10554</run_address>
         <size>0x2c</size>
         <input_file_ref idref="fl-d9"/>
      </object_component>
      <object_component id="oc-243">
         <name>.debug_info</name>
         <load_address>0x10580</load_address>
         <run_address>0x10580</run_address>
         <size>0x69</size>
         <input_file_ref idref="fl-d9"/>
      </object_component>
      <object_component id="oc-175">
         <name>.debug_info</name>
         <load_address>0x105e9</load_address>
         <run_address>0x105e9</run_address>
         <size>0x133</size>
         <input_file_ref idref="fl-da"/>
      </object_component>
      <object_component id="oc-312">
         <name>.debug_info</name>
         <load_address>0x1071c</load_address>
         <run_address>0x1071c</run_address>
         <size>0x57a</size>
         <input_file_ref idref="fl-db"/>
      </object_component>
      <object_component id="oc-2dd">
         <name>.debug_info</name>
         <load_address>0x10c96</load_address>
         <run_address>0x10c96</run_address>
         <size>0x21d</size>
         <input_file_ref idref="fl-db"/>
      </object_component>
      <object_component id="oc-371">
         <name>.debug_info</name>
         <load_address>0x10eb3</load_address>
         <run_address>0x10eb3</run_address>
         <size>0x1b2</size>
         <input_file_ref idref="fl-db"/>
      </object_component>
      <object_component id="oc-377">
         <name>.debug_info</name>
         <load_address>0x11065</load_address>
         <run_address>0x11065</run_address>
         <size>0x21a</size>
         <input_file_ref idref="fl-db"/>
      </object_component>
      <object_component id="oc-2e8">
         <name>.debug_info</name>
         <load_address>0x1127f</load_address>
         <run_address>0x1127f</run_address>
         <size>0x3ba</size>
         <input_file_ref idref="fl-db"/>
      </object_component>
      <object_component id="oc-37e">
         <name>.debug_info</name>
         <load_address>0x11639</load_address>
         <run_address>0x11639</run_address>
         <size>0x304</size>
         <input_file_ref idref="fl-db"/>
      </object_component>
      <object_component id="oc-384">
         <name>.debug_info</name>
         <load_address>0x1193d</load_address>
         <run_address>0x1193d</run_address>
         <size>0x214</size>
         <input_file_ref idref="fl-db"/>
      </object_component>
      <object_component id="oc-2ee">
         <name>.debug_info</name>
         <load_address>0x11b51</load_address>
         <run_address>0x11b51</run_address>
         <size>0x214</size>
         <input_file_ref idref="fl-db"/>
      </object_component>
      <object_component id="oc-2f4">
         <name>.debug_info</name>
         <load_address>0x11d65</load_address>
         <run_address>0x11d65</run_address>
         <size>0x303</size>
         <input_file_ref idref="fl-db"/>
      </object_component>
      <object_component id="oc-2fb">
         <name>.debug_info</name>
         <load_address>0x12068</load_address>
         <run_address>0x12068</run_address>
         <size>0x4af</size>
         <input_file_ref idref="fl-db"/>
      </object_component>
      <object_component id="oc-22b">
         <name>.debug_info</name>
         <load_address>0x12517</load_address>
         <run_address>0x12517</run_address>
         <size>0x5f3</size>
         <input_file_ref idref="fl-db"/>
      </object_component>
      <object_component id="oc-313">
         <name>.debug_info</name>
         <load_address>0x12b0a</load_address>
         <run_address>0x12b0a</run_address>
         <size>0x86</size>
         <input_file_ref idref="fl-db"/>
      </object_component>
      <object_component id="oc-3ae">
         <name>.debug_info</name>
         <load_address>0x12b90</load_address>
         <run_address>0x12b90</run_address>
         <size>0x39</size>
         <input_file_ref idref="fl-db"/>
      </object_component>
      <object_component id="oc-3e9">
         <name>.debug_info</name>
         <load_address>0x12bc9</load_address>
         <run_address>0x12bc9</run_address>
         <size>0xb6</size>
         <input_file_ref idref="fl-db"/>
      </object_component>
      <object_component id="oc-3b3">
         <name>.debug_info</name>
         <load_address>0x12c7f</load_address>
         <run_address>0x12c7f</run_address>
         <size>0x46</size>
         <input_file_ref idref="fl-db"/>
      </object_component>
      <object_component id="oc-318">
         <name>.debug_info</name>
         <load_address>0x12cc5</load_address>
         <run_address>0x12cc5</run_address>
         <size>0x46</size>
         <input_file_ref idref="fl-db"/>
      </object_component>
      <object_component id="oc-256">
         <name>.debug_info</name>
         <load_address>0x12d0b</load_address>
         <run_address>0x12d0b</run_address>
         <size>0x114</size>
         <input_file_ref idref="fl-dc"/>
      </object_component>
      <object_component id="oc-36d">
         <name>.debug_info</name>
         <load_address>0x12e1f</load_address>
         <run_address>0x12e1f</run_address>
         <size>0x14b</size>
         <input_file_ref idref="fl-dd"/>
      </object_component>
      <object_component id="oc-2e4">
         <name>.debug_info</name>
         <load_address>0x12f6a</load_address>
         <run_address>0x12f6a</run_address>
         <size>0x127</size>
         <input_file_ref idref="fl-de"/>
      </object_component>
      <object_component id="oc-358">
         <name>.debug_info</name>
         <load_address>0x13091</load_address>
         <run_address>0x13091</run_address>
         <size>0x129</size>
         <input_file_ref idref="fl-de"/>
      </object_component>
      <object_component id="oc-354">
         <name>.debug_info</name>
         <load_address>0x131ba</load_address>
         <run_address>0x131ba</run_address>
         <size>0x139</size>
         <input_file_ref idref="fl-df"/>
      </object_component>
      <object_component id="oc-34d">
         <name>.debug_info</name>
         <load_address>0x132f3</load_address>
         <run_address>0x132f3</run_address>
         <size>0x139</size>
         <input_file_ref idref="fl-e0"/>
      </object_component>
      <object_component id="oc-35c">
         <name>.debug_info</name>
         <load_address>0x1342c</load_address>
         <run_address>0x1342c</run_address>
         <size>0x12d</size>
         <input_file_ref idref="fl-e1"/>
      </object_component>
      <object_component id="oc-369">
         <name>.debug_info</name>
         <load_address>0x13559</load_address>
         <run_address>0x13559</run_address>
         <size>0x12b</size>
         <input_file_ref idref="fl-e2"/>
      </object_component>
      <object_component id="oc-349">
         <name>.debug_info</name>
         <load_address>0x13684</load_address>
         <run_address>0x13684</run_address>
         <size>0x2b8</size>
         <input_file_ref idref="fl-e3"/>
      </object_component>
      <object_component id="oc-2d9">
         <name>.debug_info</name>
         <load_address>0x1393c</load_address>
         <run_address>0x1393c</run_address>
         <size>0x17b</size>
         <input_file_ref idref="fl-e3"/>
      </object_component>
      <object_component id="oc-3bc">
         <name>.debug_info</name>
         <load_address>0x13ab7</load_address>
         <run_address>0x13ab7</run_address>
         <size>0xf8</size>
         <input_file_ref idref="fl-e4"/>
      </object_component>
      <object_component id="oc-346">
         <name>.debug_info</name>
         <load_address>0x13baf</load_address>
         <run_address>0x13baf</run_address>
         <size>0x104</size>
         <input_file_ref idref="fl-e4"/>
      </object_component>
      <object_component id="oc-3c4">
         <name>.debug_info</name>
         <load_address>0x13cb3</load_address>
         <run_address>0x13cb3</run_address>
         <size>0x29a</size>
         <input_file_ref idref="fl-e5"/>
      </object_component>
      <object_component id="oc-361">
         <name>.debug_info</name>
         <load_address>0x13f4d</load_address>
         <run_address>0x13f4d</run_address>
         <size>0x1cc</size>
         <input_file_ref idref="fl-e5"/>
      </object_component>
      <object_component id="oc-39f">
         <name>.debug_info</name>
         <load_address>0x14119</load_address>
         <run_address>0x14119</run_address>
         <size>0x295</size>
         <input_file_ref idref="fl-e6"/>
      </object_component>
      <object_component id="oc-302">
         <name>.debug_info</name>
         <load_address>0x143ae</load_address>
         <run_address>0x143ae</run_address>
         <size>0x1b5</size>
         <input_file_ref idref="fl-e6"/>
      </object_component>
      <object_component id="oc-3db">
         <name>.debug_info</name>
         <load_address>0x14563</load_address>
         <run_address>0x14563</run_address>
         <size>0x299</size>
         <input_file_ref idref="fl-e7"/>
      </object_component>
      <object_component id="oc-398">
         <name>.debug_info</name>
         <load_address>0x147fc</load_address>
         <run_address>0x147fc</run_address>
         <size>0x25d</size>
         <input_file_ref idref="fl-e7"/>
      </object_component>
      <object_component id="oc-344">
         <name>.debug_info</name>
         <load_address>0x14a59</load_address>
         <run_address>0x14a59</run_address>
         <size>0x28e</size>
         <input_file_ref idref="fl-e8"/>
      </object_component>
      <object_component id="oc-2d4">
         <name>.debug_info</name>
         <load_address>0x14ce7</load_address>
         <run_address>0x14ce7</run_address>
         <size>0x240</size>
         <input_file_ref idref="fl-e8"/>
      </object_component>
      <object_component id="oc-3ab">
         <name>.debug_info</name>
         <load_address>0x14f27</load_address>
         <run_address>0x14f27</run_address>
         <size>0x288</size>
         <input_file_ref idref="fl-e9"/>
      </object_component>
      <object_component id="oc-3a8">
         <name>.debug_info</name>
         <load_address>0x151af</load_address>
         <run_address>0x151af</run_address>
         <size>0x10d</size>
         <input_file_ref idref="fl-e9"/>
      </object_component>
      <object_component id="oc-30e">
         <name>.debug_info</name>
         <load_address>0x152bc</load_address>
         <run_address>0x152bc</run_address>
         <size>0x14d</size>
         <input_file_ref idref="fl-e9"/>
      </object_component>
      <object_component id="oc-3a6">
         <name>.debug_info</name>
         <load_address>0x15409</load_address>
         <run_address>0x15409</run_address>
         <size>0x28e</size>
         <input_file_ref idref="fl-ea"/>
      </object_component>
      <object_component id="oc-307">
         <name>.debug_info</name>
         <load_address>0x15697</load_address>
         <run_address>0x15697</run_address>
         <size>0x159</size>
         <input_file_ref idref="fl-ea"/>
      </object_component>
      <object_component id="oc-3de">
         <name>.debug_info</name>
         <load_address>0x157f0</load_address>
         <run_address>0x157f0</run_address>
         <size>0x46</size>
         <input_file_ref idref="fl-ea"/>
      </object_component>
      <object_component id="oc-3a1">
         <name>.debug_info</name>
         <load_address>0x15836</load_address>
         <run_address>0x15836</run_address>
         <size>0x39</size>
         <input_file_ref idref="fl-ea"/>
      </object_component>
      <object_component id="oc-3cc">
         <name>.debug_info</name>
         <load_address>0x1586f</load_address>
         <run_address>0x1586f</run_address>
         <size>0x299</size>
         <input_file_ref idref="fl-eb"/>
      </object_component>
      <object_component id="oc-38d">
         <name>.debug_info</name>
         <load_address>0x15b08</load_address>
         <run_address>0x15b08</run_address>
         <size>0x194</size>
         <input_file_ref idref="fl-eb"/>
      </object_component>
      <object_component id="oc-3f4">
         <name>.debug_info</name>
         <load_address>0x15c9c</load_address>
         <run_address>0x15c9c</run_address>
         <size>0x39</size>
         <input_file_ref idref="fl-eb"/>
      </object_component>
      <object_component id="oc-3cd">
         <name>.debug_info</name>
         <load_address>0x15cd5</load_address>
         <run_address>0x15cd5</run_address>
         <size>0x2c</size>
         <input_file_ref idref="fl-eb"/>
      </object_component>
      <object_component id="oc-3d9">
         <name>.debug_info</name>
         <load_address>0x15d01</load_address>
         <run_address>0x15d01</run_address>
         <size>0x2fc</size>
         <input_file_ref idref="fl-ec"/>
      </object_component>
      <object_component id="oc-392">
         <name>.debug_info</name>
         <load_address>0x15ffd</load_address>
         <run_address>0x15ffd</run_address>
         <size>0x224</size>
         <input_file_ref idref="fl-ec"/>
      </object_component>
      <object_component id="oc-3d3">
         <name>.debug_info</name>
         <load_address>0x16221</load_address>
         <run_address>0x16221</run_address>
         <size>0x160</size>
         <input_file_ref idref="fl-ed"/>
      </object_component>
      <object_component id="oc-42b">
         <name>.debug_info</name>
         <load_address>0x16381</load_address>
         <run_address>0x16381</run_address>
         <size>0xba</size>
      </object_component>
      <object_component id="oc-12d">
         <name>.debug_line</name>
         <load_address>0x0</load_address>
         <run_address>0x0</run_address>
         <size>0xa4</size>
         <input_file_ref idref="fl-2"/>
      </object_component>
      <object_component id="oc-1ed">
         <name>.debug_line</name>
         <load_address>0xa4</load_address>
         <run_address>0xa4</run_address>
         <size>0x2d</size>
         <input_file_ref idref="fl-2"/>
      </object_component>
      <object_component id="oc-1e6">
         <name>.debug_line</name>
         <load_address>0xd1</load_address>
         <run_address>0xd1</run_address>
         <size>0x2d</size>
         <input_file_ref idref="fl-2"/>
      </object_component>
      <object_component id="oc-9c">
         <name>.debug_line</name>
         <load_address>0xfe</load_address>
         <run_address>0xfe</run_address>
         <size>0x8c</size>
         <input_file_ref idref="fl-2"/>
      </object_component>
      <object_component id="oc-1ea">
         <name>.debug_line</name>
         <load_address>0x18a</load_address>
         <run_address>0x18a</run_address>
         <size>0x2d</size>
         <input_file_ref idref="fl-2"/>
      </object_component>
      <object_component id="oc-131">
         <name>.debug_line</name>
         <load_address>0x1b7</load_address>
         <run_address>0x1b7</run_address>
         <size>0x32</size>
         <input_file_ref idref="fl-2"/>
      </object_component>
      <object_component id="oc-70">
         <name>.debug_line</name>
         <load_address>0x1e9</load_address>
         <run_address>0x1e9</run_address>
         <size>0x6f</size>
         <input_file_ref idref="fl-2"/>
      </object_component>
      <object_component id="oc-b2">
[...]
         <value>0x13d5</value>
         <object_component_ref idref="oc-e1"/>
      </symbol>
      <symbol id="sm-104">
         <name>ADCIntUnregister</name>
         <value>0xd3f</value>
         <object_component_ref idref="oc-e1"/>
      </symbol>
      <symbol id="sm-105">
         <name>ADCSequenceOverflow</name>
         <value>0xfcb</value>
         <object_component_ref idref="oc-e1"/>
      </symbol>
      <symbol id="sm-106">
         <name>ADCSequenceConfigure</name>
         <value>0xe41</value>
         <object_component_ref idref="oc-e1"/>
      </symbol>
      <symbol id="sm-107">
         <name>ADCIntEnable</name>
         <value>0xd79</value>
         <object_component_ref idref="oc-e1"/>
      </symbol>
      <symbol id="sm-108">
         <name>ADCComparatorIntDisable</name>
         <value>0x130d</value>
         <object_component_ref idref="oc-e1"/>
      </symbol>
      <symbol id="sm-109">
         <name>ADCBusy</name>
         <value>0x146d</value>
         <object_component_ref idref="oc-e1"/>
      </symbol>
      <symbol id="sm-10a">
         <name>ADCComparatorReset</name>
         <value>0x12c7</value>
         <object_component_ref idref="oc-e1"/>
      </symbol>
      <symbol id="sm-10b">
         <name>ADCReferenceSet</name>
         <value>0x13e7</value>
         <object_component_ref idref="oc-e1"/>
      </symbol>
      <symbol id="sm-10c">
         <name>ADCPhaseDelayGet</name>
         <value>0x1427</value>
         <object_component_ref idref="oc-e1"/>
      </symbol>
      <symbol id="sm-10d">
         <name>ADCSequenceStepConfigure</name>
         <value>0xedd</value>
         <object_component_ref idref="oc-e1"/>
      </symbol>
      <symbol id="sm-10e">
         <name>ADCSequenceDMADisable</name>
         <value>0x1451</value>
         <object_component_ref idref="oc-e1"/>
      </symbol>
      <symbol id="sm-10f">
         <name>ADCIntClear</name>
         <value>0xdf7</value>
         <object_component_ref idref="oc-e1"/>
      </symbol>
      <symbol id="sm-110">
         <name>ADCHardwareOversampleConfigure</name>
         <value>0x1255</value>
         <object_component_ref idref="oc-e1"/>
      </symbol>
      <symbol id="sm-111">
         <name>ADCIntStatus</name>
         <value>0xd9f</value>
         <object_component_ref idref="oc-e1"/>
      </symbol>
      <symbol id="sm-112">
         <name>ADCIntRegister</name>
         <value>0xd17</value>
         <object_component_ref idref="oc-e1"/>
      </symbol>
      <symbol id="sm-113">
         <name>ADCSequenceDisable</name>
         <value>0xe27</value>
         <object_component_ref idref="oc-e1"/>
      </symbol>
      <symbol id="sm-114">
         <name>ADCClockConfigSet</name>
         <value>0x148b</value>
         <object_component_ref idref="oc-e1"/>
      </symbol>
      <symbol id="sm-115">
         <name>ADCSoftwareOversampleDataGet</name>
         <value>0x11c1</value>
         <object_component_ref idref="oc-e1"/>
      </symbol>
      <symbol id="sm-116">
         <name>ADCSequenceDataGet</name>
         <value>0x1027</value>
         <object_component_ref idref="oc-e1"/>
      </symbol>
      <symbol id="sm-117">
         <name>RASInit</name>
         <value>0x14f3</value>
         <object_component_ref idref="oc-e1"/>
      </symbol>
      <symbol id="sm-124">
         <name>RASreturn</name>
         <value>0x34f5</value>
         <object_component_ref idref="oc-c5"/>
      </symbol>
      <symbol id="sm-143">
         <name>seg7Init</name>
         <value>0x1b91</value>
         <object_component_ref idref="oc-db"/>
      </symbol>
      <symbol id="sm-144">
         <name>seg7Update</name>
         <value>0x1d1d</value>
         <object_component_ref idref="oc-db"/>
      </symbol>
      <symbol id="sm-155">
         <name>seg7DigitUpdate</name>
         <value>0x33b9</value>
         <object_component_ref idref="oc-d0"/>
      </symbol>
      <symbol id="sm-176">
         <name>ResetISR</name>
         <value>0x3987</value>
         <object_component_ref idref="oc-24"/>
      </symbol>
      <symbol id="sm-177">
         <name>g_pfnVectors</name>
         <value>0x0</value>
         <object_component_ref idref="oc-f"/>
      </symbol>
      <symbol id="sm-190">
         <name>__TI_zero_init_nomemset</name>
         <value>0x3829</value>
         <object_component_ref idref="oc-44"/>
      </symbol>
      <symbol id="sm-1a7">
         <name>__TI_decompress_none</name>
         <value>0x3979</value>
         <object_component_ref idref="oc-18"/>
      </symbol>
      <symbol id="sm-1ca">
         <name>__TI_decompress_lzss</name>
         <value>0x3239</value>
         <object_component_ref idref="oc-12"/>
      </symbol>
      <symbol id="sm-1dd">
         <name>__stack</name>
         <value>0x20000270</value>
         <object_component_ref idref="oc-21"/>
      </symbol>
      <symbol id="sm-1de">
         <name>_c_int00_noargs</name>
         <value>0x372d</value>
         <object_component_ref idref="oc-56"/>
      </symbol>
      <symbol id="sm-1f9">
         <name>memcpy</name>
         <value>0x2db5</value>
         <object_component_ref idref="oc-38"/>
      </symbol>
      <symbol id="sm-1fa">
         <name>__aeabi_memcpy</name>
         <value>0x2db5</value>
         <object_component_ref idref="oc-38"/>
      </symbol>
      <symbol id="sm-1fb">
         <name>__aeabi_memcpy8</name>
         <value>0x2db5</value>
         <object_component_ref idref="oc-38"/>
      </symbol>
      <symbol id="sm-1fc">
         <name>__aeabi_memcpy4</name>
         <value>0x2db5</value>
         <object_component_ref idref="oc-38"/>
      </symbol>
      <symbol id="sm-20b">
         <name>__aeabi_memset</name>
         <value>0x3083</value>
         <object_component_ref idref="oc-8c"/>
      </symbol>
      <symbol id="sm-20c">
         <name>memset</name>
         <value>0x3089</value>
         <object_component_ref idref="oc-8c"/>
      </symbol>
      <symbol id="sm-20d">
         <name>__aeabi_memset8</name>
         <value>0x3083</value>
         <object_component_ref idref="oc-8c"/>
      </symbol>
      <symbol id="sm-20e">
         <name>__aeabi_memset4</name>
         <value>0x3083</value>
         <object_component_ref idref="oc-8c"/>
      </symbol>
      <symbol id="sm-20f">
         <name>__aeabi_memclr8</name>
         <value>0x3081</value>
         <object_component_ref idref="oc-8c"/>
      </symbol>
      <symbol id="sm-210">
         <name>__aeabi_memclr4</name>
         <value>0x3081</value>
         <object_component_ref idref="oc-8c"/>
      </symbol>
      <symbol id="sm-211">
         <name>__aeabi_memclr</name>
         <value>0x3081</value>
         <object_component_ref idref="oc-8c"/>
      </symbol>
      <symbol id="sm-239">
         <name>__TI_auto_init_nobinit_nopinit</name>
         <value>0x35c9</value>
         <object_component_ref idref="oc-fa"/>
      </symbol>
      <symbol id="sm-243">
         <name>_system_pre_init</name>
         <value>0x39c3</value>
         <object_component_ref idref="oc-92"/>
      </symbol>
      <symbol id="sm-24f">
         <name>C$$EXIT</name>
         <value>0x39c7</value>
         <object_component_ref idref="oc-ee"/>
      </symbol>
      <symbol id="sm-250">
         <name>abort</name>
         <value>0x39c7</value>
         <object_component_ref idref="oc-ee"/>
      </symbol>
      <symbol id="sm-2af">
         <name>schdExecute</name>
         <value>0x16f9</value>
         <object_component_ref idref="oc-d5"/>
      </symbol>
      <symbol id="sm-2b0">
         <name>sysTimeWaitAbsolute</name>
         <value>0x1633</value>
         <object_component_ref idref="oc-d5"/>
      </symbol>
      <symbol id="sm-2b1">
         <name>lpInit</name>
         <value>0x185b</value>
         <object_component_ref idref="oc-d5"/>
      </symbol>
      <symbol id="sm-2b2">
         <name>sysTimeGet</name>
         <value>0x15e3</value>
         <object_component_ref idref="oc-d5"/>
      </symbol>
      <symbol id="sm-2b3">
         <name>sysTimeReached</name>
         <value>0x15e9</value>
         <object_component_ref idref="oc-d5"/>
      </symbol>
      <symbol id="sm-2b4">
         <name>waitUs</name>
         <value>0x182d</value>
         <object_component_ref idref="oc-d5"/>
      </symbol>
      <symbol id="sm-2b5">
         <name>sysTimeWait</name>
         <value>0x160f</value>
         <object_component_ref idref="oc-d5"/>
      </symbol>
      <symbol id="sm-2b6">
         <name>schdCallback</name>
         <value>0x167f</value>
         <object_component_ref idref="oc-d5"/>
      </symbol>
      <symbol id="sm-2b7">
         <name>waitMs</name>
         <value>0x17fd</value>
         <object_component_ref idref="oc-d5"/>
      </symbol>
      <symbol id="sm-2d2">
         <name>ledInit</name>
         <value>0x2d3b</value>
         <object_component_ref idref="oc-19e"/>
      </symbol>
      <symbol id="sm-2d3">
         <name>ledInitForced</name>
         <value>0x2d19</value>
         <object_component_ref idref="oc-19e"/>
      </symbol>
      <symbol id="sm-2d4">
         <name>ledTurnOnOff</name>
         <value>0x2d4f</value>
         <object_component_ref idref="oc-19e"/>
      </symbol>
      <symbol id="sm-2f2">
         <name>pbInitForced</name>
         <value>0x2ee9</value>
         <object_component_ref idref="oc-198"/>
      </symbol>
      <symbol id="sm-2f3">
         <name>pbInit</name>
         <value>0x2f1d</value>
         <object_component_ref idref="oc-198"/>
      </symbol>
      <symbol id="sm-2f4">
         <name>pbRead</name>
         <value>0x2f31</value>
         <object_component_ref idref="oc-198"/>
      </symbol>
      <symbol id="sm-30b">
         <name>uartPutString</name>
         <value>0x2bff</value>
         <object_component_ref idref="oc-ca"/>
      </symbol>
      <symbol id="sm-30c">
         <name>uprintf</name>
         <value>0x2c2b</value>
         <object_component_ref idref="oc-ca"/>
      </symbol>
      <symbol id="sm-30d">
         <name>uartInit</name>
         <value>0x2ba1</value>
         <object_component_ref idref="oc-ca"/>
      </symbol>
      <symbol id="sm-30e">
         <name>uartPutChar</name>
         <value>0x2bdb</value>
         <object_component_ref idref="oc-ca"/>
      </symbol>
      <symbol id="sm-30f">
         <name>uartGetChar</name>
         <value>0x2bed</value>
         <object_component_ref idref="oc-ca"/>
      </symbol>
      <symbol id="sm-369">
         <name>GPIOPinConfigure</name>
         <value>0x3459</value>
         <object_component_ref idref="oc-13a"/>
      </symbol>
      <symbol id="sm-36a">
         <name>GPIOPinTypeGPIOInput</name>
         <value>0x38ad</value>
         <object_component_ref idref="oc-25f"/>
      </symbol>
      <symbol id="sm-36b">
         <name>GPIOPinTypeUART</name>
         <value>0x38c3</value>
         <object_component_ref idref="oc-140"/>
      </symbol>
      <symbol id="sm-36c">
         <name>GPIOPinTypeGPIOOutput</name>
         <value>0x3861</value>
         <object_component_ref idref="oc-26f"/>
      </symbol>
      <symbol id="sm-36d">
         <name>GPIOPinRead</name>
         <value>0x39b1</value>
         <object_component_ref idref="oc-265"/>
      </symbol>
      <symbol id="sm-36e">
         <name>GPIODirModeSet</name>
         <value>0x37bf</value>
         <object_component_ref idref="oc-1af"/>
      </symbol>
      <symbol id="sm-36f">
         <name>GPIOPinWrite</name>
         <value>0x39b7</value>
         <object_component_ref idref="oc-1b5"/>
      </symbol>
      <symbol id="sm-370">
         <name>GPIOPadConfigSet</name>
         <value>0x2285</value>
         <object_component_ref idref="oc-1a9"/>
      </symbol>
      <symbol id="sm-3d0">
         <name>IntEnable</name>
         <value>0x31d1</value>
         <object_component_ref idref="oc-1c3"/>
      </symbol>
      <symbol id="sm-3d1">
         <name>IntDisable</name>
         <value>0x3169</value>
         <object_component_ref idref="oc-1c9"/>
      </symbol>
      <symbol id="sm-3d2">
         <name>IntRegister</name>
         <value>0x36c5</value>
         <object_component_ref idref="oc-1bd"/>
      </symbol>
      <symbol id="sm-3d3">
         <name>IntUnregister</name>
         <value>0x38f1</value>
         <object_component_ref idref="oc-1cf"/>
      </symbol>
      <symbol id="sm-3d4">
         <name>g_pfnRAMVectors</name>
         <value>0x20000000</value>
         <object_component_ref idref="oc-286"/>
      </symbol>
      <symbol id="sm-432">
         <name>SysCtlClockSet</name>
         <value>0x2aad</value>
         <object_component_ref idref="oc-17a"/>
      </symbol>
      <symbol id="sm-433">
         <name>SysCtlDelay</name>
         <value>0x39bd</value>
         <object_component_ref idref="oc-179"/>
      </symbol>
      <symbol id="sm-434">
         <name>SysCtlPeripheralEnable</name>
         <value>0x36f9</value>
         <object_component_ref idref="oc-134"/>
      </symbol>
      <symbol id="sm-435">
         <name>SysCtlClockGet</name>
         <value>0x2789</value>
         <object_component_ref idref="oc-146"/>
      </symbol>
      <symbol id="sm-436">
         <name>SysCtlPeripheralReady</name>
         <value>0x368d</value>
         <object_component_ref idref="oc-1d8"/>
      </symbol>
      <symbol id="sm-463">
         <name>SysTickEnable</name>
         <value>0x3905</value>
         <object_component_ref idref="oc-192"/>
      </symbol>
      <symbol id="sm-464">
         <name>SysTickIntRegister</name>
         <value>0x380d</value>
         <object_component_ref idref="oc-186"/>
      </symbol>
      <symbol id="sm-465">
         <name>SysTickIntEnable</name>
         <value>0x3919</value>
         <object_component_ref idref="oc-18c"/>
      </symbol>
      <symbol id="sm-466">
         <name>SysTickPeriodSet</name>
         <value>0x3969</value>
         <object_component_ref idref="oc-180"/>
      </symbol>
      <symbol id="sm-499">
         <name>UARTConfigSetExpClk</name>
         <value>0x3583</value>
         <object_component_ref idref="oc-14c"/>
      </symbol>
      <symbol id="sm-49a">
         <name>UARTDisable</name>
         <value>0x37ed</value>
         <object_component_ref idref="oc-21a"/>
      </symbol>
      <symbol id="sm-49b">
         <name>UARTCharPut</name>
         <value>0x399d</value>
         <object_component_ref idref="oc-152"/>
      </symbol>
      <symbol id="sm-49c">
         <name>UARTEnable</name>
         <value>0x392d</value>
         <object_component_ref idref="oc-220"/>
      </symbol>
      <symbol id="sm-49d">
         <name>UARTCharGet</name>
         <value>0x3993</value>
         <object_component_ref idref="oc-158"/>
      </symbol>
      <symbol id="sm-4cd">
         <name>vsnprintf</name>
         <value>0x360d</value>
         <object_component_ref idref="oc-15e"/>
      </symbol>
      <symbol id="sm-4da">
         <name>__aeabi_uldivmod</name>
         <value>0x2e51</value>
         <object_component_ref idref="oc-174"/>
      </symbol>
      <symbol id="sm-63f">
         <name>__TI_printfi</name>
         <value>0x26d</value>
         <object_component_ref idref="oc-22a"/>
      </symbol>
      <symbol id="sm-649">
         <name>__aeabi_idiv0</name>
         <value>0x2113</value>
         <object_component_ref idref="oc-253"/>
      </symbol>
      <symbol id="sm-64a">
         <name>__aeabi_ldiv0</name>
         <value>0x2113</value>
         <object_component_ref idref="oc-253"/>
      </symbol>
      <symbol id="sm-661">
         <name>__aeabi_dsub</name>
         <value>0x1f5d</value>
         <object_component_ref idref="oc-36b"/>
      </symbol>
      <symbol id="sm-662">
         <name>__aeabi_dadd</name>
         <value>0x1f67</value>
         <object_component_ref idref="oc-36b"/>
      </symbol>
      <symbol id="sm-684">
         <name>__aeabi_cdcmpeq</name>
         <value>0x2f75</value>
         <object_component_ref idref="oc-2e2"/>
      </symbol>
      <symbol id="sm-685">
         <name>__aeabi_cdcmple</name>
         <value>0x2f75</value>
         <object_component_ref idref="oc-2e2"/>
      </symbol>
      <symbol id="sm-686">
         <name>__aeabi_cdrcmple</name>
         <value>0x2ffb</value>
         <object_component_ref idref="oc-356"/>
      </symbol>
      <symbol id="sm-69a">
         <name>__aeabi_ddiv</name>
         <value>0x252d</value>
         <object_component_ref idref="oc-351"/>
      </symbol>
      <symbol id="sm-6a5">
         <name>__aeabi_dmul</name>
         <value>0x29b1</value>
         <object_component_ref idref="oc-34c"/>
      </symbol>
      <symbol id="sm-6af">
         <name>__aeabi_d2iz</name>
         <value>0x353b</value>
         <object_component_ref idref="oc-35b"/>
      </symbol>
      <symbol id="sm-6b9">
         <name>__aeabi_i2d</name>
         <value>0x3791</value>
         <object_component_ref idref="oc-366"/>
      </symbol>
      <symbol id="sm-6cf">
         <name>atoi</name>
         <value>0x34a5</value>
         <object_component_ref idref="oc-2d6"/>
      </symbol>
      <symbol id="sm-6da">
         <name>_ctypes_</name>
         <value>0x39cc</value>
         <object_component_ref idref="oc-345"/>
      </symbol>
      <symbol id="sm-6e9">
         <name>ltoa</name>
         <value>0x335b</value>
         <object_component_ref idref="oc-360"/>
      </symbol>
      <symbol id="sm-6f9">
         <name>memccpy</name>
         <value>0x3845</value>
         <object_component_ref idref="oc-2ff"/>
      </symbol>
      <symbol id="sm-709">
         <name>strchr</name>
         <value>0x38d9</value>
         <object_component_ref idref="oc-397"/>
      </symbol>
      <symbol id="sm-717">
         <name>strlen</name>
         <value>0x3941</value>
         <object_component_ref idref="oc-2d0"/>
      </symbol>
      <symbol id="sm-72d">
         <name>__aeabi_errno_addr</name>
         <value>0x39a9</value>
         <object_component_ref idref="oc-30b"/>
      </symbol>
      <symbol id="sm-72e">
         <name>errno</name>
         <value>0x2000079c</value>
         <object_component_ref idref="oc-3a7"/>
      </symbol>
      <symbol id="sm-747">
         <name>wcslen</name>
         <value>0x3955</value>
         <object_component_ref idref="oc-305"/>
      </symbol>
      <symbol id="sm-767">
         <name>frexpl</name>
         <value>0x32a1</value>
         <object_component_ref idref="oc-38b"/>
      </symbol>
      <symbol id="sm-768">
         <name>frexp</name>
         <value>0x32a1</value>
         <object_component_ref idref="oc-38b"/>
      </symbol>
      <symbol id="sm-785">
         <name>scalbn</name>
         <value>0x28a1</value>
         <object_component_ref idref="oc-391"/>
      </symbol>
      <symbol id="sm-786">
         <name>scalbnl</name>
         <value>0x28a1</value>
         <object_component_ref idref="oc-391"/>
      </symbol>
      <symbol id="sm-787">
         <name>ldexpl</name>
         <value>0x28a1</value>
         <object_component_ref idref="oc-391"/>
      </symbol>
      <symbol id="sm-788">
         <name>ldexp</name>
         <value>0x28a1</value>
         <object_component_ref idref="oc-391"/>
      </symbol>
      <symbol id="sm-792">
         <name>copysign</name>
         <value>0x387b</value>
         <object_component_ref idref="oc-3d2"/>
      </symbol>
      <symbol id="sm-793">
         <name>copysignl</name>
         <value>0x387b</value>
         <object_component_ref idref="oc-3d2"/>
      </symbol>
      <symbol id="sm-794">
         <name>__TI_static_base__</name>
         <value>0x0</value>
      </symbol>
      <symbol id="sm-797">
         <name>__mpu_init</name>
         <value>0x0</value>
      </symbol>
      <symbol id="sm-798">
         <name>_system_post_cinit</name>
         <value>0x0</value>
      </symbol>
   </symbol_table>
   <title>Link successful</title>
</link_info>
