******************************************************************************
                  TI ARM Linker PC v18.12.4                    
******************************************************************************
>> Linked Tue Aug  3 10:03:50 2021

OUTPUT FILE NAME:   <Lab6.out>
ENTRY POINT SYMBOL: "_c_int00_noargs"  address: 0000372d


MEMORY CONFIGURATION

         name            origin    length      used     unused   attr    fill
----------------------  --------  ---------  --------  --------  ----  --------
  FLASH                 00000000   00040000  00003c3a  0003c3c6  R  X
  SRAM                  20000000   00008000  0000079c  00007864  RW X


SEGMENT ALLOCATION MAP

run origin  load origin   length   init length attrs members
----------  ----------- ---------- ----------- ----- -------
00000000    00000000    00003c40   00003c40    r-x
  00000000    00000000    0000026c   0000026c    r-- .intvecs
  0000026c    0000026c    0000375e   0000375e    r-x .text
  000039cc    000039cc    00000228   00000228    r-- .const
  00003bf8    00003bf8    00000048   00000048    r-- .cinit
20000000    20000000    000007a0   00000000    rw-
  20000000    20000000    0000026c   00000000    rw- .vtable
  20000270    20000270    00000400   00000000    rw- .stack
  20000670    20000670    00000110   00000000    rw- .bss
  20000780    20000780    00000020   00000000    rw- .data


SECTION ALLOCATION MAP

 output                                  attributes/
section   page    origin      length       input sections
--------  ----  ----------  ----------   ----------------
.intvecs   0    00000000    0000026c     
                  00000000    0000026c     tm4c123gh6pm_startup_ccs.obj (.intvecs)

.text      0    0000026c    0000375e     
                  0000026c    00000a4e     rtsv7M4_T_le_v4SPD16_eabi.lib : _printfi.c.obj (.text:__TI_printfi)
                  00000cba    00000002     driverlib.lib : interrupt.obj (.text:_IntDefaultHandler)
                  00000cbc    00000894     ras.obj (.text)
                  00001550    000003d0     Util.lib : launchpad.obj (.text)
                  00001920    00000270     rtsv7M4_T_le_v4SPD16_eabi.lib : _printfi.c.obj (.text:_pconv_a)
                  00001b90    000001fc     seg7.obj (.text)
                  00001d8c    000001d0     rtsv7M4_T_le_v4SPD16_eabi.lib : _printfi.c.obj (.text:_pconv_g)
                  00001f5c    000001b6                                   : fd_add_t2.asm.obj (.text)
                  00002112    00000002                                   : div0.asm.obj (.text)
                  00002114    00000170     main.obj (.text)
                  00002284    0000016c     driverlib.lib : gpio.obj (.text:GPIOPadConfigSet)
                  000023f0    0000013c     rtsv7M4_T_le_v4SPD16_eabi.lib : _printfi.c.obj (.text:_pconv_e)
                  0000252c    00000136                                   : fd_div_t2.asm.obj (.text)
                  00002662    00000002     --HOLE-- [fill = 0]
                  00002664    00000124                                   : _printfi.c.obj (.text:fcvt)
                  00002788    00000118     driverlib.lib : sysctl.obj (.text:SysCtlClockGet)
                  000028a0    00000110     rtsv7M4_T_le_v4SPD16_eabi.lib : s_scalbn.c.obj (.text:scalbn)
                  000029b0    000000fc                                   : fd_mul_t2.asm.obj (.text)
                  00002aac    000000f4     driverlib.lib : sysctl.obj (.text:SysCtlClockSet)
                  00002ba0    000000c4     Util.lib : uart.obj (.text)
                  00002c64    000000b1     rtsv7M4_T_le_v4SPD16_eabi.lib : _printfi.c.obj (.text:_ltostr)
                  00002d15    00000003     --HOLE-- [fill = 0]
                  00002d18    0000009c     Util.lib : led.obj (.text)
                  00002db4    0000009c     rtsv7M4_T_le_v4SPD16_eabi.lib : memcpy_t2.asm.obj (.text)
                  00002e50    00000096                                   : ull_div_t2.asm.obj (.text)
                  00002ee6    00000002     --HOLE-- [fill = 0]
                  00002ee8    0000008c     Util.lib : pushbutton.obj (.text)
                  00002f74    00000086     rtsv7M4_T_le_v4SPD16_eabi.lib : fd_cmp_t2.asm.obj (.text:__aeabi_cdcmple)
                  00002ffa    00000086                                   : fd_cmp_t2.asm.obj (.text:__aeabi_cdrcmple)
                  00003080    0000007a                                   : memset_t2.asm.obj (.text)
                  000030fa    0000006e                                   : _printfi.c.obj (.text:_mcpy)
                  00003168    00000068     driverlib.lib : interrupt.obj (.text:IntDisable)
                  000031d0    00000068                   : interrupt.obj (.text:IntEnable)
                  00003238    00000068     rtsv7M4_T_le_v4SPD16_eabi.lib : copy_decompress_lzss.c.obj (.text:decompress:lzss:__TI_decompress_lzss)
                  000032a0    00000064                                   : s_frexp.c.obj (.text:frexp)
                  00003304    00000056                                   : _printfi.c.obj (.text:_pconv_f)
                  0000335a    00000054                                   : ltoa.c.obj (.text:ltoa)
                  000033ae    00000002     --HOLE-- [fill = 0]
                  000033b0    00000054     seg7digit.obj (.text)
                  00003404    00000052     rtsv7M4_T_le_v4SPD16_eabi.lib : _printfi.c.obj (.text:_ecpy)
                  00003456    00000002     --HOLE-- [fill = 0]
                  00003458    0000004c     driverlib.lib : gpio.obj (.text:GPIOPinConfigure)
                  000034a4    0000004c     rtsv7M4_T_le_v4SPD16_eabi.lib : atoi.c.obj (.text:atoi)
                  000034f0    0000004a     ras_asm.obj (.text)
                  0000353a    00000048     rtsv7M4_T_le_v4SPD16_eabi.lib : fd_toi_t2.asm.obj (.text)
                  00003582    00000046     driverlib.lib : uart.obj (.text:UARTConfigSetExpClk)
                  000035c8    00000044     rtsv7M4_T_le_v4SPD16_eabi.lib : autoinit.c.obj (.text:__TI_auto_init_nobinit_nopinit:__TI_auto_init_nobinit_nopinit)
                  0000360c    00000040                                   : vsnprintf.c.obj (.text:vsnprintf)
                  0000364c    0000003e                                   : _printfi.c.obj (.text:_fcpy)
                  0000368a    00000002     --HOLE-- [fill = 0]
                  0000368c    00000038     driverlib.lib : sysctl.obj (.text:SysCtlPeripheralReady)
                  000036c4    00000034                   : interrupt.obj (.text:IntRegister)
                  000036f8    00000034                   : sysctl.obj (.text:SysCtlPeripheralEnable)
                  0000372c    00000034     rtsv7M4_T_le_v4SPD16_eabi.lib : boot_cortex_m.c.obj (.text:_c_int00_noargs:_c_int00_noargs)
                  00003760    00000030                                   : vsnprintf.c.obj (.text:_outs)
                  00003790    0000002e                                   : i_tofd_t2.asm.obj (.text)
                  000037be    0000002c     driverlib.lib : gpio.obj (.text:GPIODirModeSet)
                  000037ea    00000002     --HOLE-- [fill = 0]
                  000037ec    00000020                   : uart.obj (.text:UARTDisable)
                  0000380c    0000001c                   : systick.obj (.text:SysTickIntRegister)
                  00003828    0000001c     rtsv7M4_T_le_v4SPD16_eabi.lib : copy_zero_init.c.obj (.text:decompress:ZI:__TI_zero_init_nomemset:__TI_zero_init_nomemset)
                  00003844    0000001c                                   : memccpy.c.obj (.text:memccpy)
                  00003860    0000001a     driverlib.lib : gpio.obj (.text:GPIOPinTypeGPIOOutput)
                  0000387a    0000001a     rtsv7M4_T_le_v4SPD16_eabi.lib : s_copysign.c.obj (.text:copysign)
                  00003894    00000018                                   : vsnprintf.c.obj (.text:_outc)
                  000038ac    00000016     driverlib.lib : gpio.obj (.text:GPIOPinTypeGPIOInput)
                  000038c2    00000016                   : gpio.obj (.text:GPIOPinTypeUART)
                  000038d8    00000016     rtsv7M4_T_le_v4SPD16_eabi.lib : strchr.c.obj (.text:strchr)
                  000038ee    00000002     --HOLE-- [fill = 0]
                  000038f0    00000014     driverlib.lib : interrupt.obj (.text:IntUnregister)
                  00003904    00000014                   : systick.obj (.text:SysTickEnable)
                  00003918    00000014                   : systick.obj (.text:SysTickIntEnable)
                  0000392c    00000014                   : uart.obj (.text:UARTEnable)
                  00003940    00000014     rtsv7M4_T_le_v4SPD16_eabi.lib : strlen.c.obj (.text:strlen)
                  00003954    00000012                                   : wcslen.c.obj (.text:wcslen)
                  00003966    00000002     --HOLE-- [fill = 0]
                  00003968    00000010     driverlib.lib : systick.obj (.text:SysTickPeriodSet)
                  00003978    0000000e     rtsv7M4_T_le_v4SPD16_eabi.lib : copy_decompress_none.c.obj (.text:decompress:none:__TI_decompress_none)
                  00003986    0000000c     tm4c123gh6pm_startup_ccs.obj (.text)
                  00003992    0000000a     driverlib.lib : uart.obj (.text:UARTCharGet)
                  0000399c    0000000a                   : uart.obj (.text:UARTCharPut)
                  000039a6    00000002     --HOLE-- [fill = 0]
                  000039a8    00000008     rtsv7M4_T_le_v4SPD16_eabi.lib : errno.c.obj (.text:__aeabi_errno_addr)
                  000039b0    00000006     driverlib.lib : gpio.obj (.text:GPIOPinRead)
                  000039b6    00000006                   : gpio.obj (.text:GPIOPinWrite)
                  000039bc    00000006                   : sysctl.obj (.text:SysCtlDelay)
                  000039c2    00000004     rtsv7M4_T_le_v4SPD16_eabi.lib : pre_init.c.obj (.text:_system_pre_init)
                  000039c6    00000004                                   : exit.c.obj (.text:abort:abort)

.const     0    000039cc    00000228     
                  000039cc    00000101     rtsv7M4_T_le_v4SPD16_eabi.lib : ctype.c.obj (.const:.string:_ctypes_)
                  00003acd    00000003     --HOLE-- [fill = 0]
                  00003ad0    00000090     driverlib.lib : gpio.obj (.const:g_pui32GPIOBaseAddrs)
                  00003b60    0000006c                   : sysctl.obj (.const:g_pui32Xtals)
                  00003bcc    00000014                   : interrupt.obj (.const:g_pui32Dii16Regs)
                  00003be0    00000014                   : interrupt.obj (.const:g_pui32EnRegs)

.cinit     0    00003bf8    00000048     
                  00003bf8    00000013     (.cinit..data.load) [load image, compression = lzss]
                  00003c0b    00000001     --HOLE-- [fill = 0]
                  00003c0c    0000000c     (__TI_handler_table)
                  00003c18    00000008     (.cinit..bss.load) [load image, compression = zero_init]
                  00003c20    00000008     (.cinit..vtable.load) [load image, compression = zero_init]
                  00003c28    00000018     (__TI_cinit_table)

.init_array 
*          0    00000000    00000000     UNINITIALIZED

.vtable    0    20000000    0000026c     UNINITIALIZED
                  20000000    0000026c     driverlib.lib : interrupt.obj (.vtable)

.bss       0    20000670    00000110     UNINITIALIZED
                  20000670    00000100     Util.lib : launchpad.obj (.bss:callbackHeap)
                  20000770    00000008     ras.obj (.bss:g_pui8OversampleFactor)
                  20000778    00000004     Util.lib : launchpad.obj (.bss)
                  2000077c    00000004     seg7digit.obj (.bss)

.data      0    20000780    00000020     UNINITIALIZED
                  20000780    0000000a     seg7digit.obj (.data)
                  2000078a    00000001     Util.lib : led.obj (.data)
                  2000078b    00000001              : pushbutton.obj (.data)
                  2000078c    00000008              : launchpad.obj (.data)
                  20000794    00000005     main.obj (.data:seg7Display)
                  20000799    00000001     main.obj (.data)
                  2000079a    00000002     --HOLE--
                  2000079c    00000004     rtsv7M4_T_le_v4SPD16_eabi.lib : errno.c.obj (.data)

.stack     0    20000270    00000400     UNINITIALIZED
                  20000270    00000004     rtsv7M4_T_le_v4SPD16_eabi.lib : boot_cortex_m.c.obj (.stack)
                  20000274    000003fc     --HOLE--

MODULE SUMMARY

       Module                         code    ro data   rw data
       ------                         ----    -------   -------
    .\
       ras.obj                        2196    0         8      
       tm4c123gh6pm_startup_ccs.obj   12      620       0      
       seg7.obj                       508     0         0      
       main.obj                       368     0         6      
       seg7digit.obj                  84      0         14     
       ras_asm.obj                    74      0         0      
    +--+------------------------------+-------+---------+---------+
       Total:                         3242    620       28     
                                                               
    C:/Users/Ayan Deep Hazra/Desktop/Summer 2021/ECE266/Lab2/Group2/Util/Util/Debug/Util.lib
       launchpad.obj                  976     0         268    
       uart.obj                       196     0         0      
       led.obj                        156     0         1      
       pushbutton.obj                 140     0         1      
    +--+------------------------------+-------+---------+---------+
       Total:                         1468    0         270    
                                                               
    C:/ti/TivaWare_C_Series-2.2.0.295/driverlib/ccs/Debug/driverlib.lib
       interrupt.obj                  282     40        620    
       sysctl.obj                     638     108       0      
       gpio.obj                       566     144       0      
       uart.obj                       142     0         0      
       systick.obj                    84      0         0      
    +--+------------------------------+-------+---------+---------+
       Total:                         1712    292       620    
                                                               
    C:\ti\ccs930\ccs\tools\compiler\ti-cgt-arm_18.12.4.LTS\lib\rtsv7M4_T_le_v4SPD16_eabi.lib
       _printfi.c.obj                 4851    0         0      
       fd_add_t2.asm.obj              438     0         0      
       fd_div_t2.asm.obj              310     0         0      
       s_scalbn.c.obj                 272     0         0      
       fd_cmp_t2.asm.obj              268     0         0      
       ctype.c.obj                    0       257       0      
       fd_mul_t2.asm.obj              252     0         0      
       memcpy_t2.asm.obj              156     0         0      
       ull_div_t2.asm.obj             150     0         0      
       vsnprintf.c.obj                136     0         0      
       memset_t2.asm.obj              122     0         0      
       copy_decompress_lzss.c.obj     104     0         0      
       s_frexp.c.obj                  100     0         0      
       ltoa.c.obj                     84      0         0      
       atoi.c.obj                     76      0         0      
       fd_toi_t2.asm.obj              72      0         0      
       autoinit.c.obj                 68      0         0      
       boot_cortex_m.c.obj            52      0         0      
       i_tofd_t2.asm.obj              46      0         0      
       copy_zero_init.c.obj           28      0         0      
       memccpy.c.obj                  28      0         0      
       s_copysign.c.obj               26      0         0      
       strchr.c.obj                   22      0         0      
       strlen.c.obj                   20      0         0      
       wcslen.c.obj                   18      0         0      
       copy_decompress_none.c.obj     14      0         0      
       errno.c.obj                    8       0         4      
       exit.c.obj                     4       0         0      
       pre_init.c.obj                 4       0         0      
       div0.asm.obj                   2       0         0      
    +--+------------------------------+-------+---------+---------+
       Total:                         7731    257       4      
                                                               
       Stack:                         0       0         1024   
       Linker Generated:              0       71        0      
    +--+------------------------------+-------+---------+---------+
       Grand Total:                   14153   1240      1946   


LINKER GENERATED COPY TABLES

__TI_cinit_table @ 00003c28 records: 3, size/record: 8, table size: 24
	.data: load addr=00003bf8, load size=00000013 bytes, run addr=20000780, run size=00000020 bytes, compression=lzss
	.bss: load addr=00003c18, load size=00000008 bytes, run addr=20000670, run size=00000110 bytes, compression=zero_init
	.vtable: load addr=00003c20, load size=00000008 bytes, run addr=20000000, run size=0000026c bytes, compression=zero_init


LINKER GENERATED HANDLER TABLE

__TI_handler_table @ 00003c0c records: 3, size/record: 4, table size: 12
	index: 0, handler: __TI_zero_init
	index: 1, handler: __TI_decompress_lzss
	index: 2, handler: __TI_decompress_none


GLOBAL SYMBOLS: SORTED ALPHABETICALLY BY Name 

address   name                              
-------   ----                              
0000146d  ADCBusy                           
000014b5  ADCClockConfigGet                 
0000148b  ADCClockConfigSet                 
00001287  ADCComparatorConfigure            
00001361  ADCComparatorIntClear             
0000130d  ADCComparatorIntDisable           
0000132b  ADCComparatorIntEnable            
0000134d  ADCComparatorIntStatus            
000012a3  ADCComparatorRegionSet            
000012c7  ADCComparatorReset                
00001255  ADCHardwareOversampleConfigure    
00000df7  ADCIntClear                       
000013d5  ADCIntClearEx                     
00000d5d  ADCIntDisable                     
00001373  ADCIntDisableEx                   
00000d79  ADCIntEnable                      
0000138b  ADCIntEnableEx                    
00000d17  ADCIntRegister                    
00000d9f  ADCIntStatus                      
000013a3  ADCIntStatusEx                    
00000d3f  ADCIntUnregister                  
00001427  ADCPhaseDelayGet                  
00001415  ADCPhaseDelaySet                  
00001069  ADCProcessorTrigger               
00001403  ADCReferenceGet                   
000013e7  ADCReferenceSet                   
00000e41  ADCSequenceConfigure              
00001451  ADCSequenceDMADisable             
00001435  ADCSequenceDMAEnable              
00001027  ADCSequenceDataGet                
00000e27  ADCSequenceDisable                
00000e0d  ADCSequenceEnable                 
00000fcb  ADCSequenceOverflow               
00000fe3  ADCSequenceOverflowClear          
00000edd  ADCSequenceStepConfigure          
00000ff9  ADCSequenceUnderflow              
00001011  ADCSequenceUnderflowClear         
0000108d  ADCSoftwareOversampleConfigure    
000011c1  ADCSoftwareOversampleDataGet      
000010df  ADCSoftwareOversampleStepConfigure
000039c7  C$$EXIT                           
000037bf  GPIODirModeSet                    
00002285  GPIOPadConfigSet                  
00003459  GPIOPinConfigure                  
000039b1  GPIOPinRead                       
000038ad  GPIOPinTypeGPIOInput              
00003861  GPIOPinTypeGPIOOutput             
000038c3  GPIOPinTypeUART                   
000039b7  GPIOPinWrite                      
00003169  IntDisable                        
000031d1  IntEnable                         
000036c5  IntRegister                       
000038f1  IntUnregister                     
000014f3  RASInit                           
000034f5  RASreturn                         
00003987  ResetISR                          
00002789  SysCtlClockGet                    
00002aad  SysCtlClockSet                    
000039bd  SysCtlDelay                       
000036f9  SysCtlPeripheralEnable            
0000368d  SysCtlPeripheralReady             
00003905  SysTickEnable                     
00003919  SysTickIntEnable                  
0000380d  SysTickIntRegister                
00003969  SysTickPeriodSet                  
00003993  UARTCharGet                       
0000399d  UARTCharPut                       
00003583  UARTConfigSetExpClk               
000037ed  UARTDisable                       
0000392d  UARTEnable                        
20000670  __STACK_END                       
00000400  __STACK_SIZE                      
20000470  __STACK_TOP                       
00003c28  __TI_CINIT_Base                   
00003c40  __TI_CINIT_Limit                  
00003c0c  __TI_Handler_Table_Base           
00003c18  __TI_Handler_Table_Limit          
000035c9  __TI_auto_init_nobinit_nopinit    
00003239  __TI_decompress_lzss              
00003979  __TI_decompress_none              
ffffffff  __TI_pprof_out_hndl               
0000026d  __TI_printfi                      
ffffffff  __TI_prof_data_size               
ffffffff  __TI_prof_data_start              
00000000  __TI_static_base__                
00003829  __TI_zero_init_nomemset           
00002f75  __aeabi_cdcmpeq                   
00002f75  __aeabi_cdcmple                   
00002ffb  __aeabi_cdrcmple                  
0000353b  __aeabi_d2iz                      
00001f67  __aeabi_dadd                      
0000252d  __aeabi_ddiv                      
000029b1  __aeabi_dmul                      
00001f5d  __aeabi_dsub                      
000039a9  __aeabi_errno_addr                
00003791  __aeabi_i2d                       
00002113  __aeabi_idiv0                     
00002113  __aeabi_ldiv0                     
00003081  __aeabi_memclr                    
00003081  __aeabi_memclr4                   
00003081  __aeabi_memclr8                   
00002db5  __aeabi_memcpy                    
00002db5  __aeabi_memcpy4                   
00002db5  __aeabi_memcpy8                   
00003083  __aeabi_memset                    
00003083  __aeabi_memset4                   
00003083  __aeabi_memset8                   
00002e51  __aeabi_uldivmod                  
ffffffff  __binit__                         
ffffffff  __c_args__                        
UNDEFED   __mpu_init                        
20000270  __stack                           
0000372d  _c_int00_noargs                   
000039cc  _ctypes_                          
UNDEFED   _system_post_cinit                
000039c3  _system_pre_init                  
000039c7  abort                             
000034a5  atoi                              
ffffffff  binit                             
00002115  callbackRAS                       
0000387b  copysign                          
0000387b  copysignl                         
2000079c  errno                             
000032a1  frexp                             
000032a1  frexpl                            
20000000  g_pfnRAMVectors                   
00000000  g_pfnVectors                      
000028a1  ldexp                             
000028a1  ldexpl                            
00002d3b  ledInit                           
00002d19  ledInitForced                     
00002d4f  ledTurnOnOff                      
0000185b  lpInit                            
0000335b  ltoa                              
00002233  main                              
00003845  memccpy                           
00002db5  memcpy                            
00003089  memset                            
00002f1d  pbInit                            
00002ee9  pbInitForced                      
00002f31  pbRead                            
000028a1  scalbn                            
000028a1  scalbnl                           
0000167f  schdCallback                      
000016f9  schdExecute                       
000033b9  seg7DigitUpdate                   
20000794  seg7Display                       
00001b91  seg7Init                          
00001d1d  seg7Update                        
000038d9  strchr                            
00003941  strlen                            
000015e3  sysTimeGet                        
000015e9  sysTimeReached                    
0000160f  sysTimeWait                       
00001633  sysTimeWaitAbsolute               
00002bed  uartGetChar                       
00002ba1  uartInit                          
00002bdb  uartPutChar                       
00002bff  uartPutString                     
00002c2b  uprintf                           
0000360d  vsnprintf                         
000017fd  waitMs                            
0000182d  waitUs                            
00003955  wcslen                            


GLOBAL SYMBOLS: SORTED BY Symbol Address 

address   name                              
-------   ----                              
00000000  __TI_static_base__                
00000000  g_pfnVectors                      
0000026d  __TI_printfi                      
00000400  __STACK_SIZE                      
00000d17  ADCIntRegister                    
00000d3f  ADCIntUnregister                  
00000d5d  ADCIntDisable                     
00000d79  ADCIntEnable                      
00000d9f  ADCIntStatus                      
00000df7  ADCIntClear                       
00000e0d  ADCSequenceEnable                 
00000e27  ADCSequenceDisable                
00000e41  ADCSequenceConfigure              
00000edd  ADCSequenceStepConfigure          
00000fcb  ADCSequenceOverflow               
00000fe3  ADCSequenceOverflowClear          
00000ff9  ADCSequenceUnderflow              
00001011  ADCSequenceUnderflowClear         
00001027  ADCSequenceDataGet                
00001069  ADCProcessorTrigger               
0000108d  ADCSoftwareOversampleConfigure    
000010df  ADCSoftwareOversampleStepConfigure
000011c1  ADCSoftwareOversampleDataGet      
00001255  ADCHardwareOversampleConfigure    
00001287  ADCComparatorConfigure            
000012a3  ADCComparatorRegionSet            
000012c7  ADCComparatorReset                
0000130d  ADCComparatorIntDisable           
0000132b  ADCComparatorIntEnable            
0000134d  ADCComparatorIntStatus            
00001361  ADCComparatorIntClear             
00001373  ADCIntDisableEx                   
0000138b  ADCIntEnableEx                    
000013a3  ADCIntStatusEx                    
000013d5  ADCIntClearEx                     
000013e7  ADCReferenceSet                   
00001403  ADCReferenceGet                   
00001415  ADCPhaseDelaySet                  
00001427  ADCPhaseDelayGet                  
00001435  ADCSequenceDMAEnable              
00001451  ADCSequenceDMADisable             
0000146d  ADCBusy                           
0000148b  ADCClockConfigSet                 
000014b5  ADCClockConfigGet                 
000014f3  RASInit                           
000015e3  sysTimeGet                        
000015e9  sysTimeReached                    
0000160f  sysTimeWait                       
00001633  sysTimeWaitAbsolute               
0000167f  schdCallback                      
000016f9  schdExecute                       
000017fd  waitMs                            
0000182d  waitUs                            
0000185b  lpInit                            
00001b91  seg7Init                          
00001d1d  seg7Update                        
00001f5d  __aeabi_dsub                      
00001f67  __aeabi_dadd                      
00002113  __aeabi_idiv0                     
00002113  __aeabi_ldiv0                     
00002115  callbackRAS                       
00002233  main                              
00002285  GPIOPadConfigSet                  
0000252d  __aeabi_ddiv                      
00002789  SysCtlClockGet                    
000028a1  ldexp                             
000028a1  ldexpl                            
000028a1  scalbn                            
000028a1  scalbnl                           
000029b1  __aeabi_dmul                      
00002aad  SysCtlClockSet                    
00002ba1  uartInit                          
00002bdb  uartPutChar                       
00002bed  uartGetChar                       
00002bff  uartPutString                     
00002c2b  uprintf                           
00002d19  ledInitForced                     
00002d3b  ledInit                           
00002d4f  ledTurnOnOff                      
00002db5  __aeabi_memcpy                    
00002db5  __aeabi_memcpy4                   
00002db5  __aeabi_memcpy8                   
00002db5  memcpy                            
00002e51  __aeabi_uldivmod                  
00002ee9  pbInitForced                      
00002f1d  pbInit                            
00002f31  pbRead                            
00002f75  __aeabi_cdcmpeq                   
00002f75  __aeabi_cdcmple                   
00002ffb  __aeabi_cdrcmple                  
00003081  __aeabi_memclr                    
00003081  __aeabi_memclr4                   
00003081  __aeabi_memclr8                   
00003083  __aeabi_memset                    
00003083  __aeabi_memset4                   
00003083  __aeabi_memset8                   
00003089  memset                            
00003169  IntDisable                        
000031d1  IntEnable                         
00003239  __TI_decompress_lzss              
000032a1  frexp                             
000032a1  frexpl                            
0000335b  ltoa                              
000033b9  seg7DigitUpdate                   
00003459  GPIOPinConfigure                  
000034a5  atoi                              
000034f5  RASreturn                         
0000353b  __aeabi_d2iz                      
00003583  UARTConfigSetExpClk               
000035c9  __TI_auto_init_nobinit_nopinit    
0000360d  vsnprintf                         
0000368d  SysCtlPeripheralReady             
000036c5  IntRegister                       
000036f9  SysCtlPeripheralEnable            
0000372d  _c_int00_noargs                   
00003791  __aeabi_i2d                       
000037bf  GPIODirModeSet                    
000037ed  UARTDisable                       
0000380d  SysTickIntRegister                
00003829  __TI_zero_init_nomemset           
00003845  memccpy                           
00003861  GPIOPinTypeGPIOOutput             
0000387b  copysign                          
0000387b  copysignl                         
000038ad  GPIOPinTypeGPIOInput              
000038c3  GPIOPinTypeUART                   
000038d9  strchr                            
000038f1  IntUnregister                     
00003905  SysTickEnable                     
00003919  SysTickIntEnable                  
0000392d  UARTEnable                        
00003941  strlen                            
00003955  wcslen                            
00003969  SysTickPeriodSet                  
00003979  __TI_decompress_none              
00003987  ResetISR                          
00003993  UARTCharGet                       
0000399d  UARTCharPut                       
000039a9  __aeabi_errno_addr                
000039b1  GPIOPinRead                       
000039b7  GPIOPinWrite                      
000039bd  SysCtlDelay                       
000039c3  _system_pre_init                  
000039c7  C$$EXIT                           
000039c7  abort                             
000039cc  _ctypes_                          
00003c0c  __TI_Handler_Table_Base           
00003c18  __TI_Handler_Table_Limit          
00003c28  __TI_CINIT_Base                   
00003c40  __TI_CINIT_Limit                  
20000000  g_pfnRAMVectors                   
20000270  __stack                           
20000470  __STACK_TOP                       
20000670  __STACK_END                       
20000794  seg7Display                       
2000079c  errno                             
ffffffff  __TI_pprof_out_hndl               
ffffffff  __TI_prof_data_size               
ffffffff  __TI_prof_data_start              
ffffffff  __binit__                         
ffffffff  __c_args__                        
ffffffff  binit                             
UNDEFED   __mpu_init                        
UNDEFED   _system_post_cinit                

[164 symbols]
