******************************************************************************
                  TI ARM Linker PC v18.12.4                    
******************************************************************************
>> Linked Thu Jul 15 16:04:24 2021

OUTPUT FILE NAME:   <Lab3.out>
ENTRY POINT SYMBOL: "_c_int00_noargs"  address: 00002d2d


MEMORY CONFIGURATION

         name            origin    length      used     unused   attr    fill
----------------------  --------  ---------  --------  --------  ----  --------
  FLASH                 00000000   00040000  00003206  0003cdfa  R  X
  SRAM                  20000000   00008000  00000794  0000786c  RW X


SEGMENT ALLOCATION MAP

run origin  load origin   length   init length attrs members
----------  ----------- ---------- ----------- ----- -------
00000000    00000000    00003208   00003208    r-x
  00000000    00000000    0000026c   0000026c    r-- .intvecs
  0000026c    0000026c    00002d4a   00002d4a    r-x .text
  00002fb8    00002fb8    00000200   00000200    r-- .const
  000031b8    000031b8    00000050   00000050    r-- .cinit
20000000    20000000    00000798   00000000    rw-
  20000000    20000000    0000026c   00000000    rw- .vtable
  20000270    20000270    00000400   00000000    rw- .stack
  20000670    20000670    00000108   00000000    rw- .bss
  20000778    20000778    00000020   00000000    rw- .data


SECTION ALLOCATION MAP

 output                                  attributes/
section   page    origin      length       input sections
--------  ----  ----------  ----------   ----------------
.intvecs   0    00000000    0000026c     
                  00000000    0000026c     tm4c123gh6pm_startup_ccs.obj (.intvecs)

.text      0    0000026c    00002d4a     
                  0000026c    00000a4e     rtsv7M4_T_le_v4SPD16_eabi.lib : _printfi.c.obj (.text:__TI_printfi)
                  00000cba    00000002                                   : div0.asm.obj (.text)
                  00000cbc    000003d0     Util.lib : launchpad.obj (.text)
                  0000108c    00000270     rtsv7M4_T_le_v4SPD16_eabi.lib : _printfi.c.obj (.text:_pconv_a)
                  000012fc    000001fc     seg7.obj (.text)
                  000014f8    000001d0     rtsv7M4_T_le_v4SPD16_eabi.lib : _printfi.c.obj (.text:_pconv_g)
                  000016c8    000001b6                                   : fd_add_t2.asm.obj (.text)
                  0000187e    00000002     --HOLE-- [fill = 0]
                  00001880    0000016c     driverlib.lib : gpio.obj (.text:GPIOPadConfigSet)
                  000019ec    0000013c     rtsv7M4_T_le_v4SPD16_eabi.lib : _printfi.c.obj (.text:_pconv_e)
                  00001b28    00000136                                   : fd_div_t2.asm.obj (.text)
                  00001c5e    00000002     --HOLE-- [fill = 0]
                  00001c60    00000124                                   : _printfi.c.obj (.text:fcvt)
                  00001d84    00000118     driverlib.lib : sysctl.obj (.text:SysCtlClockGet)
                  00001e9c    00000110     rtsv7M4_T_le_v4SPD16_eabi.lib : s_scalbn.c.obj (.text:scalbn)
                  00001fac    0000010c     lab3_main.obj (.text)
                  000020b8    000000fc     rtsv7M4_T_le_v4SPD16_eabi.lib : fd_mul_t2.asm.obj (.text)
                  000021b4    000000f4     driverlib.lib : sysctl.obj (.text:SysCtlClockSet)
                  000022a8    000000c4     Util.lib : uart.obj (.text)
                  0000236c    000000b1     rtsv7M4_T_le_v4SPD16_eabi.lib : _printfi.c.obj (.text:_ltostr)
                  0000241d    00000003     --HOLE-- [fill = 0]
                  00002420    0000009c     Util.lib : led.obj (.text)
                  000024bc    0000009c     rtsv7M4_T_le_v4SPD16_eabi.lib : memcpy_t2.asm.obj (.text)
                  00002558    00000096                                   : ull_div_t2.asm.obj (.text)
                  000025ee    00000002     --HOLE-- [fill = 0]
                  000025f0    0000008c     Util.lib : pushbutton.obj (.text)
                  0000267c    00000086     rtsv7M4_T_le_v4SPD16_eabi.lib : fd_cmp_t2.asm.obj (.text:__aeabi_cdcmple)
                  00002702    00000086                                   : fd_cmp_t2.asm.obj (.text:__aeabi_cdrcmple)
                  00002788    0000007a                                   : memset_t2.asm.obj (.text)
                  00002802    0000006e                                   : _printfi.c.obj (.text:_mcpy)
                  00002870    00000068                                   : copy_decompress_lzss.c.obj (.text:decompress:lzss:__TI_decompress_lzss)
                  000028d8    00000064                                   : s_frexp.c.obj (.text:frexp)
                  0000293c    00000056                                   : _printfi.c.obj (.text:_pconv_f)
                  00002992    00000054                                   : ltoa.c.obj (.text:ltoa)
                  000029e6    00000002     --HOLE-- [fill = 0]
                  000029e8    00000054     sig7digit.obj (.text)
                  00002a3c    00000052     rtsv7M4_T_le_v4SPD16_eabi.lib : _printfi.c.obj (.text:_ecpy)
                  00002a8e    00000002     --HOLE-- [fill = 0]
                  00002a90    0000004c     driverlib.lib : gpio.obj (.text:GPIOPinConfigure)
                  00002adc    0000004c     rtsv7M4_T_le_v4SPD16_eabi.lib : atoi.c.obj (.text:atoi)
                  00002b28    0000004a     sw_increment.obj (.text)
                  00002b72    00000048     rtsv7M4_T_le_v4SPD16_eabi.lib : fd_toi_t2.asm.obj (.text)
                  00002bba    00000046     driverlib.lib : uart.obj (.text:UARTConfigSetExpClk)
                  00002c00    00000044     rtsv7M4_T_le_v4SPD16_eabi.lib : autoinit.c.obj (.text:__TI_auto_init_nobinit_nopinit:__TI_auto_init_nobinit_nopinit)
                  00002c44    00000040                                   : vsnprintf.c.obj (.text:vsnprintf)
                  00002c84    0000003e                                   : _printfi.c.obj (.text:_fcpy)
                  00002cc2    00000002     --HOLE-- [fill = 0]
                  00002cc4    00000034     driverlib.lib : interrupt.obj (.text:IntRegister)
                  00002cf8    00000034                   : sysctl.obj (.text:SysCtlPeripheralEnable)
                  00002d2c    00000034     rtsv7M4_T_le_v4SPD16_eabi.lib : boot_cortex_m.c.obj (.text:_c_int00_noargs:_c_int00_noargs)
                  00002d60    00000030                                   : vsnprintf.c.obj (.text:_outs)
                  00002d90    0000002e                                   : i_tofd_t2.asm.obj (.text)
                  00002dbe    0000002c     driverlib.lib : gpio.obj (.text:GPIODirModeSet)
                  00002dea    00000002     --HOLE-- [fill = 0]
                  00002dec    00000020                   : uart.obj (.text:UARTDisable)
                  00002e0c    0000001c                   : systick.obj (.text:SysTickIntRegister)
                  00002e28    0000001c     rtsv7M4_T_le_v4SPD16_eabi.lib : copy_zero_init.c.obj (.text:decompress:ZI:__TI_zero_init_nomemset:__TI_zero_init_nomemset)
                  00002e44    0000001c                                   : memccpy.c.obj (.text:memccpy)
                  00002e60    0000001a     driverlib.lib : gpio.obj (.text:GPIOPinTypeGPIOOutput)
                  00002e7a    0000001a     rtsv7M4_T_le_v4SPD16_eabi.lib : s_copysign.c.obj (.text:copysign)
                  00002e94    00000018                                   : vsnprintf.c.obj (.text:_outc)
                  00002eac    00000016     driverlib.lib : gpio.obj (.text:GPIOPinTypeGPIOInput)
                  00002ec2    00000016                   : gpio.obj (.text:GPIOPinTypeUART)
                  00002ed8    00000016     rtsv7M4_T_le_v4SPD16_eabi.lib : strchr.c.obj (.text:strchr)
                  00002eee    00000002     --HOLE-- [fill = 0]
                  00002ef0    00000014     driverlib.lib : systick.obj (.text:SysTickEnable)
                  00002f04    00000014                   : systick.obj (.text:SysTickIntEnable)
                  00002f18    00000014                   : uart.obj (.text:UARTEnable)
                  00002f2c    00000014     rtsv7M4_T_le_v4SPD16_eabi.lib : strlen.c.obj (.text:strlen)
                  00002f40    00000012                                   : wcslen.c.obj (.text:wcslen)
                  00002f52    00000002     --HOLE-- [fill = 0]
                  00002f54    00000010     driverlib.lib : systick.obj (.text:SysTickPeriodSet)
                  00002f64    0000000e     rtsv7M4_T_le_v4SPD16_eabi.lib : copy_decompress_none.c.obj (.text:decompress:none:__TI_decompress_none)
                  00002f72    0000000c     tm4c123gh6pm_startup_ccs.obj (.text)
                  00002f7e    0000000a     driverlib.lib : uart.obj (.text:UARTCharGet)
                  00002f88    0000000a                   : uart.obj (.text:UARTCharPut)
                  00002f92    00000002     --HOLE-- [fill = 0]
                  00002f94    00000008     rtsv7M4_T_le_v4SPD16_eabi.lib : errno.c.obj (.text:__aeabi_errno_addr)
                  00002f9c    00000006     driverlib.lib : gpio.obj (.text:GPIOPinRead)
                  00002fa2    00000006                   : gpio.obj (.text:GPIOPinWrite)
                  00002fa8    00000006                   : sysctl.obj (.text:SysCtlDelay)
                  00002fae    00000004     rtsv7M4_T_le_v4SPD16_eabi.lib : pre_init.c.obj (.text:_system_pre_init)
                  00002fb2    00000004                                   : exit.c.obj (.text:abort:abort)

.const     0    00002fb8    00000200     
                  00002fb8    00000101     rtsv7M4_T_le_v4SPD16_eabi.lib : ctype.c.obj (.const:.string:_ctypes_)
                  000030b9    00000003     --HOLE-- [fill = 0]
                  000030bc    00000090     driverlib.lib : gpio.obj (.const:g_pui32GPIOBaseAddrs)
                  0000314c    0000006c                   : sysctl.obj (.const:g_pui32Xtals)

.cinit     0    000031b8    00000050     
                  000031b8    00000016     (.cinit..data.load) [load image, compression = lzss]
                  000031ce    00000002     --HOLE-- [fill = 0]
                  000031d0    0000000c     (__TI_handler_table)
                  000031dc    00000004     --HOLE-- [fill = 0]
                  000031e0    00000008     (.cinit..bss.load) [load image, compression = zero_init]
                  000031e8    00000008     (.cinit..vtable.load) [load image, compression = zero_init]
                  000031f0    00000018     (__TI_cinit_table)

.init_array 
*          0    00000000    00000000     UNINITIALIZED

.vtable    0    20000000    0000026c     UNINITIALIZED
                  20000000    0000026c     driverlib.lib : interrupt.obj (.vtable)

.bss       0    20000670    00000108     UNINITIALIZED
                  20000670    00000100     Util.lib : launchpad.obj (.bss:callbackHeap)
                  20000770    00000004              : launchpad.obj (.bss)
                  20000774    00000004     sig7digit.obj (.bss)

.data      0    20000778    00000020     UNINITIALIZED
                  20000778    0000000a     sig7digit.obj (.data)
                  20000782    00000001     Util.lib : led.obj (.data)
                  20000783    00000001              : pushbutton.obj (.data)
                  20000784    00000008              : launchpad.obj (.data)
                  2000078c    00000005     lab3_main.obj (.data:seg7Display)
                  20000791    00000001     lab3_main.obj (.data)
                  20000792    00000002     --HOLE--
                  20000794    00000004     rtsv7M4_T_le_v4SPD16_eabi.lib : errno.c.obj (.data)

.stack     0    20000270    00000400     UNINITIALIZED
                  20000270    00000004     rtsv7M4_T_le_v4SPD16_eabi.lib : boot_cortex_m.c.obj (.stack)
                  20000274    000003fc     --HOLE--

MODULE SUMMARY

       Module                         code    ro data   rw data
       ------                         ----    -------   -------
    .\
       tm4c123gh6pm_startup_ccs.obj   12      620       0      
       seg7.obj                       508     0         0      
       lab3_main.obj                  268     0         6      
       sig7digit.obj                  84      0         14     
       sw_increment.obj               74      0         0      
    +--+------------------------------+-------+---------+---------+
       Total:                         946     620       20     
                                                               
    C:/Users/Ayan Deep Hazra/Desktop/Summer 2021/ECE266/Lab2/Group2/Util/Util/Debug/Util.lib
       launchpad.obj                  976     0         268    
       uart.obj                       196     0         0      
       led.obj                        156     0         1      
       pushbutton.obj                 140     0         1      
    +--+------------------------------+-------+---------+---------+
       Total:                         1468    0         270    
                                                               
    C:/ti/TivaWare_C_Series-2.2.0.295/driverlib/ccs/Debug/driverlib.lib
       gpio.obj                       566     144       0      
       sysctl.obj                     582     108       0      
       interrupt.obj                  52      0         620    
       uart.obj                       142     0         0      
       systick.obj                    84      0         0      
    +--+------------------------------+-------+---------+---------+
       Total:                         1426    252       620    
                                                               
    C:\ti\ccs930\ccs\tools\compiler\ti-cgt-arm_18.12.4.LTS\lib\rtsv7M4_T_le_v4SPD16_eabi.lib
       _printfi.c.obj                 4851    0         0      
       fd_add_t2.asm.obj              438     0         0      
       fd_div_t2.asm.obj              310     0         0      
       s_scalbn.c.obj                 272     0         0      
       fd_cmp_t2.asm.obj              268     0         0      
       ctype.c.obj                    0       257       0      
       fd_mul_t2.asm.obj              252     0         0      
       memcpy_t2.asm.obj              156     0         0      
       ull_div_t2.asm.obj             150     0         0      
       vsnprintf.c.obj                136     0         0      
       memset_t2.asm.obj              122     0         0      
       copy_decompress_lzss.c.obj     104     0         0      
       s_frexp.c.obj                  100     0         0      
       ltoa.c.obj                     84      0         0      
       atoi.c.obj                     76      0         0      
       fd_toi_t2.asm.obj              72      0         0      
       autoinit.c.obj                 68      0         0      
       boot_cortex_m.c.obj            52      0         0      
       i_tofd_t2.asm.obj              46      0         0      
       copy_zero_init.c.obj           28      0         0      
       memccpy.c.obj                  28      0         0      
       s_copysign.c.obj               26      0         0      
       strchr.c.obj                   22      0         0      
       strlen.c.obj                   20      0         0      
       wcslen.c.obj                   18      0         0      
       copy_decompress_none.c.obj     14      0         0      
       errno.c.obj                    8       0         4      
       exit.c.obj                     4       0         0      
       pre_init.c.obj                 4       0         0      
       div0.asm.obj                   2       0         0      
    +--+------------------------------+-------+---------+---------+
       Total:                         7731    257       4      
                                                               
       Stack:                         0       0         1024   
       Linker Generated:              0       74        0      
    +--+------------------------------+-------+---------+---------+
       Grand Total:                   11571   1203      1938   


LINKER GENERATED COPY TABLES

__TI_cinit_table @ 000031f0 records: 3, size/record: 8, table size: 24
	.data: load addr=000031b8, load size=00000016 bytes, run addr=20000778, run size=00000020 bytes, compression=lzss
	.bss: load addr=000031e0, load size=00000008 bytes, run addr=20000670, run size=00000108 bytes, compression=zero_init
	.vtable: load addr=000031e8, load size=00000008 bytes, run addr=20000000, run size=0000026c bytes, compression=zero_init


LINKER GENERATED HANDLER TABLE

__TI_handler_table @ 000031d0 records: 3, size/record: 4, table size: 12
	index: 0, handler: __TI_zero_init
	index: 1, handler: __TI_decompress_lzss
	index: 2, handler: __TI_decompress_none


GLOBAL SYMBOLS: SORTED ALPHABETICALLY BY Name 

address   name                          
-------   ----                          
00002fb3  C$$EXIT                       
00002dbf  GPIODirModeSet                
00001881  GPIOPadConfigSet              
00002a91  GPIOPinConfigure              
00002f9d  GPIOPinRead                   
00002ead  GPIOPinTypeGPIOInput          
00002e61  GPIOPinTypeGPIOOutput         
00002ec3  GPIOPinTypeUART               
00002fa3  GPIOPinWrite                  
00002cc5  IntRegister                   
00002f73  ResetISR                      
00001d85  SysCtlClockGet                
000021b5  SysCtlClockSet                
00002fa9  SysCtlDelay                   
00002cf9  SysCtlPeripheralEnable        
00002ef1  SysTickEnable                 
00002f05  SysTickIntEnable              
00002e0d  SysTickIntRegister            
00002f55  SysTickPeriodSet              
00002f7f  UARTCharGet                   
00002f89  UARTCharPut                   
00002bbb  UARTConfigSetExpClk           
00002ded  UARTDisable                   
00002f19  UARTEnable                    
20000670  __STACK_END                   
00000400  __STACK_SIZE                  
20000470  __STACK_TOP                   
000031f0  __TI_CINIT_Base               
00003208  __TI_CINIT_Limit              
000031d0  __TI_Handler_Table_Base       
000031dc  __TI_Handler_Table_Limit      
00002c01  __TI_auto_init_nobinit_nopinit
00002871  __TI_decompress_lzss          
00002f65  __TI_decompress_none          
ffffffff  __TI_pprof_out_hndl           
0000026d  __TI_printfi                  
ffffffff  __TI_prof_data_size           
ffffffff  __TI_prof_data_start          
00000000  __TI_static_base__            
00002e29  __TI_zero_init_nomemset       
0000267d  __aeabi_cdcmpeq               
0000267d  __aeabi_cdcmple               
00002703  __aeabi_cdrcmple              
00002b73  __aeabi_d2iz                  
000016d3  __aeabi_dadd                  
00001b29  __aeabi_ddiv                  
000020b9  __aeabi_dmul                  
000016c9  __aeabi_dsub                  
00002f95  __aeabi_errno_addr            
00002d91  __aeabi_i2d                   
00000cbb  __aeabi_idiv0                 
00000cbb  __aeabi_ldiv0                 
00002789  __aeabi_memclr                
00002789  __aeabi_memclr4               
00002789  __aeabi_memclr8               
000024bd  __aeabi_memcpy                
000024bd  __aeabi_memcpy4               
000024bd  __aeabi_memcpy8               
0000278b  __aeabi_memset                
0000278b  __aeabi_memset4               
0000278b  __aeabi_memset8               
00002559  __aeabi_uldivmod              
ffffffff  __binit__                     
ffffffff  __c_args__                    
UNDEFED   __mpu_init                    
20000270  __stack                       
00002d2d  _c_int00_noargs               
00002fb8  _ctypes_                      
UNDEFED   _system_post_cinit            
00002faf  _system_pre_init              
00002fb3  abort                         
00002add  atoi                          
ffffffff  binit                         
00001ff1  checkPushButton               
00002e7b  copysign                      
00002e7b  copysignl                     
20000794  errno                         
000028d9  frexp                         
000028d9  frexpl                        
20000000  g_pfnRAMVectors               
00000000  g_pfnVectors                  
00001e9d  ldexp                         
00001e9d  ldexpl                        
00002443  ledInit                       
00002421  ledInitForced                 
00002457  ledTurnOnOff                  
00000fc7  lpInit                        
00002993  ltoa                          
0000204d  main                          
00002e45  memccpy                       
000024bd  memcpy                        
00002791  memset                        
00002625  pbInit                        
000025f1  pbInitForced                  
00002639  pbRead                        
00001e9d  scalbn                        
00001e9d  scalbnl                       
00000deb  schdCallback                  
00000e65  schdExecute                   
000029f1  seg7DigitUpdate               
2000078c  seg7Display                   
000012fd  seg7Init                      
00001489  seg7Update                    
00002b29  stopWatchIncrement            
00001fad  stopWatchUpdate               
00002ed9  strchr                        
00002f2d  strlen                        
20000791  sysState                      
00000d4f  sysTimeGet                    
00000d55  sysTimeReached                
00000d7b  sysTimeWait                   
00000d9f  sysTimeWaitAbsolute           
000022f5  uartGetChar                   
000022a9  uartInit                      
000022e3  uartPutChar                   
00002307  uartPutString                 
00002333  uprintf                       
00002c45  vsnprintf                     
00000f69  waitMs                        
00000f99  waitUs                        
00002f41  wcslen                        


GLOBAL SYMBOLS: SORTED BY Symbol Address 

address   name                          
-------   ----                          
00000000  __TI_static_base__            
00000000  g_pfnVectors                  
0000026d  __TI_printfi                  
00000400  __STACK_SIZE                  
00000cbb  __aeabi_idiv0                 
00000cbb  __aeabi_ldiv0                 
00000d4f  sysTimeGet                    
00000d55  sysTimeReached                
00000d7b  sysTimeWait                   
00000d9f  sysTimeWaitAbsolute           
00000deb  schdCallback                  
00000e65  schdExecute                   
00000f69  waitMs                        
00000f99  waitUs                        
00000fc7  lpInit                        
000012fd  seg7Init                      
00001489  seg7Update                    
000016c9  __aeabi_dsub                  
000016d3  __aeabi_dadd                  
00001881  GPIOPadConfigSet              
00001b29  __aeabi_ddiv                  
00001d85  SysCtlClockGet                
00001e9d  ldexp                         
00001e9d  ldexpl                        
00001e9d  scalbn                        
00001e9d  scalbnl                       
00001fad  stopWatchUpdate               
00001ff1  checkPushButton               
0000204d  main                          
000020b9  __aeabi_dmul                  
000021b5  SysCtlClockSet                
000022a9  uartInit                      
000022e3  uartPutChar                   
000022f5  uartGetChar                   
00002307  uartPutString                 
00002333  uprintf                       
00002421  ledInitForced                 
00002443  ledInit                       
00002457  ledTurnOnOff                  
000024bd  __aeabi_memcpy                
000024bd  __aeabi_memcpy4               
000024bd  __aeabi_memcpy8               
000024bd  memcpy                        
00002559  __aeabi_uldivmod              
000025f1  pbInitForced                  
00002625  pbInit                        
00002639  pbRead                        
0000267d  __aeabi_cdcmpeq               
0000267d  __aeabi_cdcmple               
00002703  __aeabi_cdrcmple              
00002789  __aeabi_memclr                
00002789  __aeabi_memclr4               
00002789  __aeabi_memclr8               
0000278b  __aeabi_memset                
0000278b  __aeabi_memset4               
0000278b  __aeabi_memset8               
00002791  memset                        
00002871  __TI_decompress_lzss          
000028d9  frexp                         
000028d9  frexpl                        
00002993  ltoa                          
000029f1  seg7DigitUpdate               
00002a91  GPIOPinConfigure              
00002add  atoi                          
00002b29  stopWatchIncrement            
00002b73  __aeabi_d2iz                  
00002bbb  UARTConfigSetExpClk           
00002c01  __TI_auto_init_nobinit_nopinit
00002c45  vsnprintf                     
00002cc5  IntRegister                   
00002cf9  SysCtlPeripheralEnable        
00002d2d  _c_int00_noargs               
00002d91  __aeabi_i2d                   
00002dbf  GPIODirModeSet                
00002ded  UARTDisable                   
00002e0d  SysTickIntRegister            
00002e29  __TI_zero_init_nomemset       
00002e45  memccpy                       
00002e61  GPIOPinTypeGPIOOutput         
00002e7b  copysign                      
00002e7b  copysignl                     
00002ead  GPIOPinTypeGPIOInput          
00002ec3  GPIOPinTypeUART               
00002ed9  strchr                        
00002ef1  SysTickEnable                 
00002f05  SysTickIntEnable              
00002f19  UARTEnable                    
00002f2d  strlen                        
00002f41  wcslen                        
00002f55  SysTickPeriodSet              
00002f65  __TI_decompress_none          
00002f73  ResetISR                      
00002f7f  UARTCharGet                   
00002f89  UARTCharPut                   
00002f95  __aeabi_errno_addr            
00002f9d  GPIOPinRead                   
00002fa3  GPIOPinWrite                  
00002fa9  SysCtlDelay                   
00002faf  _system_pre_init              
00002fb3  C$$EXIT                       
00002fb3  abort                         
00002fb8  _ctypes_                      
000031d0  __TI_Handler_Table_Base       
000031dc  __TI_Handler_Table_Limit      
000031f0  __TI_CINIT_Base               
00003208  __TI_CINIT_Limit              
20000000  g_pfnRAMVectors               
20000270  __stack                       
20000470  __STACK_TOP                   
20000670  __STACK_END                   
2000078c  seg7Display                   
20000791  sysState                      
20000794  errno                         
ffffffff  __TI_pprof_out_hndl           
ffffffff  __TI_prof_data_size           
ffffffff  __TI_prof_data_start          
ffffffff  __binit__                     
ffffffff  __c_args__                    
ffffffff  binit                         
UNDEFED   __mpu_init                    
UNDEFED   _system_post_cinit            

[121 symbols]
