<?xml version="1.0" encoding="ISO-8859-1" ?>
<link_info>
   <banner>TI ARM Linker PC v18.12.4.LTS</banner>
   <copyright>Copyright (c) 1996-2018 Texas Instruments Incorporated</copyright>
   <link_time>0x60f0638c</link_time>
   <link_errors>0x0</link_errors>
   <output_file>Lab4.out</output_file>
   <entry_point>
      <name>_c_int00_noargs</name>
      <address>0x3609</address>
   </entry_point>
   <input_file_list>
      <input_file id="fl-2">
         <path>.\</path>
         <kind>object</kind>
         <file>buzzer.obj</file>
         <name>buzzer.obj</name>
      </input_file>
      <input_file id="fl-3">
         <path>.\</path>
         <kind>object</kind>
         <file>buzzer_asm.obj</file>
         <name>buzzer_asm.obj</name>
      </input_file>
      <input_file id="fl-4">
         <path>.\</path>
         <kind>object</kind>
         <file>lab4_main.obj</file>
         <name>lab4_main.obj</name>
      </input_file>
      <input_file id="fl-5">
         <path>.\</path>
         <kind>object</kind>
         <file>motion.obj</file>
         <name>motion.obj</name>
      </input_file>
      <input_file id="fl-6">
         <path>.\</path>
         <kind>object</kind>
         <file>motion_asm.obj</file>
         <name>motion_asm.obj</name>
      </input_file>
      <input_file id="fl-7">
         <path>.\</path>
         <kind>object</kind>
         <file>tm4c123gh6pm_startup_ccs.obj</file>
         <name>tm4c123gh6pm_startup_ccs.obj</name>
      </input_file>
      <input_file id="fl-d">
         <kind>object</kind>
         <file>&lt;internal&gt;</file>
         <name>&lt;internal&gt;</name>
      </input_file>
      <input_file id="fl-c3">
         <path>C:\ti\ccs930\ccs\tools\compiler\ti-cgt-arm_18.12.4.LTS\lib\</path>
         <kind>archive</kind>
         <file>rtsv7M4_T_le_v4SPD16_eabi.lib</file>
         <name>copy_zero_init.c.obj</name>
      </input_file>
      <input_file id="fl-c4">
         <path>C:\ti\ccs930\ccs\tools\compiler\ti-cgt-arm_18.12.4.LTS\lib\</path>
         <kind>archive</kind>
         <file>rtsv7M4_T_le_v4SPD16_eabi.lib</file>
         <name>copy_decompress_none.c.obj</name>
      </input_file>
      <input_file id="fl-c5">
         <path>C:\ti\ccs930\ccs\tools\compiler\ti-cgt-arm_18.12.4.LTS\lib\</path>
         <kind>archive</kind>
         <file>rtsv7M4_T_le_v4SPD16_eabi.lib</file>
         <name>copy_decompress_lzss.c.obj</name>
      </input_file>
      <input_file id="fl-c6">
         <path>C:\ti\ccs930\ccs\tools\compiler\ti-cgt-arm_18.12.4.LTS\lib\</path>
         <kind>archive</kind>
         <file>rtsv7M4_T_le_v4SPD16_eabi.lib</file>
         <name>assert.c.obj</name>
      </input_file>
      <input_file id="fl-c7">
         <path>C:\ti\ccs930\ccs\tools\compiler\ti-cgt-arm_18.12.4.LTS\lib\</path>
         <kind>archive</kind>
         <file>rtsv7M4_T_le_v4SPD16_eabi.lib</file>
         <name>defs.c.obj</name>
      </input_file>
      <input_file id="fl-c8">
         <path>C:\ti\ccs930\ccs\tools\compiler\ti-cgt-arm_18.12.4.LTS\lib\</path>
         <kind>archive</kind>
         <file>rtsv7M4_T_le_v4SPD16_eabi.lib</file>
         <name>boot_cortex_m.c.obj</name>
      </input_file>
      <input_file id="fl-c9">
         <path>C:\ti\ccs930\ccs\tools\compiler\ti-cgt-arm_18.12.4.LTS\lib\</path>
         <kind>archive</kind>
         <file>rtsv7M4_T_le_v4SPD16_eabi.lib</file>
         <name>fflush.c.obj</name>
      </input_file>
      <input_file id="fl-ca">
         <path>C:\ti\ccs930\ccs\tools\compiler\ti-cgt-arm_18.12.4.LTS\lib\</path>
         <kind>archive</kind>
         <file>rtsv7M4_T_le_v4SPD16_eabi.lib</file>
         <name>fputs.c.obj</name>
      </input_file>
      <input_file id="fl-cb">
         <path>C:\ti\ccs930\ccs\tools\compiler\ti-cgt-arm_18.12.4.LTS\lib\</path>
         <kind>archive</kind>
         <file>rtsv7M4_T_le_v4SPD16_eabi.lib</file>
         <name>_io_perm.c.obj</name>
      </input_file>
      <input_file id="fl-cc">
         <path>C:\ti\ccs930\ccs\tools\compiler\ti-cgt-arm_18.12.4.LTS\lib\</path>
         <kind>archive</kind>
         <file>rtsv7M4_T_le_v4SPD16_eabi.lib</file>
         <name>setvbuf.c.obj</name>
      </input_file>
      <input_file id="fl-cd">
         <path>C:\ti\ccs930\ccs\tools\compiler\ti-cgt-arm_18.12.4.LTS\lib\</path>
         <kind>archive</kind>
         <file>rtsv7M4_T_le_v4SPD16_eabi.lib</file>
         <name>memcpy_t2.asm.obj</name>
      </input_file>
      <input_file id="fl-ce">
         <path>C:\ti\ccs930\ccs\tools\compiler\ti-cgt-arm_18.12.4.LTS\lib\</path>
         <kind>archive</kind>
         <file>rtsv7M4_T_le_v4SPD16_eabi.lib</file>
         <name>memset_t2.asm.obj</name>
      </input_file>
      <input_file id="fl-cf">
         <path>C:\ti\ccs930\ccs\tools\compiler\ti-cgt-arm_18.12.4.LTS\lib\</path>
         <kind>archive</kind>
         <file>rtsv7M4_T_le_v4SPD16_eabi.lib</file>
         <name>autoinit.c.obj</name>
      </input_file>
      <input_file id="fl-d0">
         <path>C:\ti\ccs930\ccs\tools\compiler\ti-cgt-arm_18.12.4.LTS\lib\</path>
         <kind>archive</kind>
         <file>rtsv7M4_T_le_v4SPD16_eabi.lib</file>
         <name>pre_init.c.obj</name>
      </input_file>
      <input_file id="fl-d1">
         <path>C:\ti\ccs930\ccs\tools\compiler\ti-cgt-arm_18.12.4.LTS\lib\</path>
         <kind>archive</kind>
         <file>rtsv7M4_T_le_v4SPD16_eabi.lib</file>
         <name>cpy_tbl.c.obj</name>
      </input_file>
      <input_file id="fl-d2">
         <path>C:\ti\ccs930\ccs\tools\compiler\ti-cgt-arm_18.12.4.LTS\lib\</path>
         <kind>archive</kind>
         <file>rtsv7M4_T_le_v4SPD16_eabi.lib</file>
         <name>exit.c.obj</name>
      </input_file>
      <input_file id="fl-d3">
         <path>C:\ti\ccs930\ccs\tools\compiler\ti-cgt-arm_18.12.4.LTS\lib\</path>
         <kind>archive</kind>
         <file>rtsv7M4_T_le_v4SPD16_eabi.lib</file>
         <name>_lock.c.obj</name>
      </input_file>
      <input_file id="fl-d4">
         <path>C:\ti\ccs930\ccs\tools\compiler\ti-cgt-arm_18.12.4.LTS\lib\</path>
         <kind>archive</kind>
         <file>rtsv7M4_T_le_v4SPD16_eabi.lib</file>
         <name>args_main.c.obj</name>
      </input_file>
      <input_file id="fl-d5">
         <path>C:\ti\ccs930\ccs\tools\compiler\ti-cgt-arm_18.12.4.LTS\lib\</path>
         <kind>archive</kind>
         <file>rtsv7M4_T_le_v4SPD16_eabi.lib</file>
         <name>memchr.c.obj</name>
      </input_file>
      <input_file id="fl-d6">
         <path>C:\ti\ccs930\ccs\tools\compiler\ti-cgt-arm_18.12.4.LTS\lib\</path>
         <kind>archive</kind>
         <file>rtsv7M4_T_le_v4SPD16_eabi.lib</file>
         <name>memory.c.obj</name>
      </input_file>
      <input_file id="fl-d7">
         <path>C:\ti\ccs930\ccs\tools\compiler\ti-cgt-arm_18.12.4.LTS\lib\</path>
         <kind>archive</kind>
         <file>rtsv7M4_T_le_v4SPD16_eabi.lib</file>
         <name>strlen.c.obj</name>
      </input_file>
      <input_file id="fl-d8">
         <path>C:\ti\ccs930\ccs\tools\compiler\ti-cgt-arm_18.12.4.LTS\lib\</path>
         <kind>archive</kind>
         <file>rtsv7M4_T_le_v4SPD16_eabi.lib</file>
         <name>write.c.obj</name>
      </input_file>
      <input_file id="fl-d9">
         <path>C:\ti\ccs930\ccs\tools\compiler\ti-cgt-arm_18.12.4.LTS\lib\</path>
         <kind>archive</kind>
         <file>rtsv7M4_T_le_v4SPD16_eabi.lib</file>
         <name>host_device.c.obj</name>
      </input_file>
      <input_file id="fl-da">
         <path>C:\ti\ccs930\ccs\tools\compiler\ti-cgt-arm_18.12.4.LTS\lib\</path>
         <kind>archive</kind>
         <file>rtsv7M4_T_le_v4SPD16_eabi.lib</file>
         <name>fopen.c.obj</name>
      </input_file>
      <input_file id="fl-db">
         <path>C:\ti\ccs930\ccs\tools\compiler\ti-cgt-arm_18.12.4.LTS\lib\</path>
         <kind>archive</kind>
         <file>rtsv7M4_T_le_v4SPD16_eabi.lib</file>
         <name>fseek.c.obj</name>
      </input_file>
      <input_file id="fl-dc">
         <path>C:\ti\ccs930\ccs\tools\compiler\ti-cgt-arm_18.12.4.LTS\lib\</path>
         <kind>archive</kind>
         <file>rtsv7M4_T_le_v4SPD16_eabi.lib</file>
         <name>hostclose.c.obj</name>
      </input_file>
      <input_file id="fl-dd">
         <path>C:\ti\ccs930\ccs\tools\compiler\ti-cgt-arm_18.12.4.LTS\lib\</path>
         <kind>archive</kind>
         <file>rtsv7M4_T_le_v4SPD16_eabi.lib</file>
         <name>hostlseek.c.obj</name>
      </input_file>
      <input_file id="fl-de">
         <path>C:\ti\ccs930\ccs\tools\compiler\ti-cgt-arm_18.12.4.LTS\lib\</path>
         <kind>archive</kind>
         <file>rtsv7M4_T_le_v4SPD16_eabi.lib</file>
         <name>hostopen.c.obj</name>
      </input_file>
      <input_file id="fl-df">
         <path>C:\ti\ccs930\ccs\tools\compiler\ti-cgt-arm_18.12.4.LTS\lib\</path>
         <kind>archive</kind>
         <file>rtsv7M4_T_le_v4SPD16_eabi.lib</file>
         <name>hostread.c.obj</name>
      </input_file>
      <input_file id="fl-e0">
         <path>C:\ti\ccs930\ccs\tools\compiler\ti-cgt-arm_18.12.4.LTS\lib\</path>
         <kind>archive</kind>
         <file>rtsv7M4_T_le_v4SPD16_eabi.lib</file>
         <name>hostrename.c.obj</name>
      </input_file>
      <input_file id="fl-e1">
         <path>C:\ti\ccs930\ccs\tools\compiler\ti-cgt-arm_18.12.4.LTS\lib\</path>
         <kind>archive</kind>
         <file>rtsv7M4_T_le_v4SPD16_eabi.lib</file>
         <name>hostunlink.c.obj</name>
      </input_file>
      <input_file id="fl-e2">
         <path>C:\ti\ccs930\ccs\tools\compiler\ti-cgt-arm_18.12.4.LTS\lib\</path>
         <kind>archive</kind>
         <file>rtsv7M4_T_le_v4SPD16_eabi.lib</file>
         <name>hostwrite.c.obj</name>
      </input_file>
      <input_file id="fl-e3">
         <path>C:\ti\ccs930\ccs\tools\compiler\ti-cgt-arm_18.12.4.LTS\lib\</path>
         <kind>archive</kind>
         <file>rtsv7M4_T_le_v4SPD16_eabi.lib</file>
         <name>trgmsg.c.obj</name>
      </input_file>
      <input_file id="fl-e4">
         <path>C:\ti\ccs930\ccs\tools\compiler\ti-cgt-arm_18.12.4.LTS\lib\</path>
         <kind>archive</kind>
         <file>rtsv7M4_T_le_v4SPD16_eabi.lib</file>
         <name>open.c.obj</name>
      </input_file>
      <input_file id="fl-e5">
         <path>C:\ti\ccs930\ccs\tools\compiler\ti-cgt-arm_18.12.4.LTS\lib\</path>
         <kind>archive</kind>
         <file>rtsv7M4_T_le_v4SPD16_eabi.lib</file>
         <name>lseek.c.obj</name>
      </input_file>
      <input_file id="fl-e6">
         <path>C:\ti\ccs930\ccs\tools\compiler\ti-cgt-arm_18.12.4.LTS\lib\</path>
         <kind>archive</kind>
         <file>rtsv7M4_T_le_v4SPD16_eabi.lib</file>
         <name>fclose.c.obj</name>
      </input_file>
      <input_file id="fl-e7">
         <path>C:\ti\ccs930\ccs\tools\compiler\ti-cgt-arm_18.12.4.LTS\lib\</path>
         <kind>archive</kind>
         <file>rtsv7M4_T_le_v4SPD16_eabi.lib</file>
         <name>getdevice.c.obj</name>
      </input_file>
      <input_file id="fl-e8">
         <path>C:\ti\ccs930\ccs\tools\compiler\ti-cgt-arm_18.12.4.LTS\lib\</path>
         <kind>archive</kind>
         <file>rtsv7M4_T_le_v4SPD16_eabi.lib</file>
         <name>strchr.c.obj</name>
      </input_file>
      <input_file id="fl-e9">
         <path>C:\ti\ccs930\ccs\tools\compiler\ti-cgt-arm_18.12.4.LTS\lib\</path>
         <kind>archive</kind>
         <file>rtsv7M4_T_le_v4SPD16_eabi.lib</file>
         <name>strcmp.c.obj</name>
      </input_file>
      <input_file id="fl-ea">
         <path>C:\ti\ccs930\ccs\tools\compiler\ti-cgt-arm_18.12.4.LTS\lib\</path>
         <kind>archive</kind>
         <file>rtsv7M4_T_le_v4SPD16_eabi.lib</file>
         <name>strcpy.c.obj</name>
      </input_file>
      <input_file id="fl-eb">
         <path>C:\ti\ccs930\ccs\tools\compiler\ti-cgt-arm_18.12.4.LTS\lib\</path>
         <kind>archive</kind>
         <file>rtsv7M4_T_le_v4SPD16_eabi.lib</file>
         <name>strncpy.c.obj</name>
      </input_file>
      <input_file id="fl-ec">
         <path>C:\ti\ccs930\ccs\tools\compiler\ti-cgt-arm_18.12.4.LTS\lib\</path>
         <kind>archive</kind>
         <file>rtsv7M4_T_le_v4SPD16_eabi.lib</file>
         <name>remove.c.obj</name>
      </input_file>
      <input_file id="fl-ed">
         <path>C:\ti\ccs930\ccs\tools\compiler\ti-cgt-arm_18.12.4.LTS\lib\</path>
         <kind>archive</kind>
         <file>rtsv7M4_T_le_v4SPD16_eabi.lib</file>
         <name>close.c.obj</name>
      </input_file>
      <input_file id="fl-ee">
         <path>C:\ti\ccs930\ccs\tools\compiler\ti-cgt-arm_18.12.4.LTS\lib\</path>
         <kind>archive</kind>
         <file>rtsv7M4_T_le_v4SPD16_eabi.lib</file>
         <name>unlink.c.obj</name>
      </input_file>
      <input_file id="fl-ef">
         <path>C:\Users\Ayan Deep Hazra\Desktop\Summer 2021\ECE266\Lab2\Group2\Util\Util\Debug\</path>
         <kind>archive</kind>
         <file>Util.lib</file>
         <name>launchpad.obj</name>
      </input_file>
      <input_file id="fl-f0">
         <path>C:\Users\Ayan Deep Hazra\Desktop\Summer 2021\ECE266\Lab2\Group2\Util\Util\Debug\</path>
         <kind>archive</kind>
         <file>Util.lib</file>
         <name>led.obj</name>
      </input_file>
      <input_file id="fl-f1">
         <path>C:\Users\Ayan Deep Hazra\Desktop\Summer 2021\ECE266\Lab2\Group2\Util\Util\Debug\</path>
         <kind>archive</kind>
         <file>Util.lib</file>
         <name>pushbutton.obj</name>
      </input_file>
      <input_file id="fl-f2">
         <path>C:\Users\Ayan Deep Hazra\Desktop\Summer 2021\ECE266\Lab2\Group2\Util\Util\Debug\</path>
         <kind>archive</kind>
         <file>Util.lib</file>
         <name>uart.obj</name>
      </input_file>
      <input_file id="fl-f3">
         <path>C:\ti\TivaWare_C_Series-2.2.0.295\driverlib\ccs\Debug\</path>
         <kind>archive</kind>
         <file>driverlib.lib</file>
         <name>gpio.obj</name>
      </input_file>
      <input_file id="fl-f4">
         <path>C:\ti\TivaWare_C_Series-2.2.0.295\driverlib\ccs\Debug\</path>
         <kind>archive</kind>
         <file>driverlib.lib</file>
         <name>interrupt.obj</name>
      </input_file>
      <input_file id="fl-f5">
         <path>C:\ti\TivaWare_C_Series-2.2.0.295\driverlib\ccs\Debug\</path>
         <kind>archive</kind>
         <file>driverlib.lib</file>
         <name>sysctl.obj</name>
      </input_file>
      <input_file id="fl-f6">
         <path>C:\ti\TivaWare_C_Series-2.2.0.295\driverlib\ccs\Debug\</path>
         <kind>archive</kind>
         <file>driverlib.lib</file>
         <name>systick.obj</name>
      </input_file>
      <input_file id="fl-f7">
         <path>C:\ti\TivaWare_C_Series-2.2.0.295\driverlib\ccs\Debug\</path>
         <kind>archive</kind>
         <file>driverlib.lib</file>
         <name>uart.obj</name>
      </input_file>
      <input_file id="fl-f8">
         <path>C:\ti\TivaWare_C_Series-2.2.0.295\driverlib\ccs\Debug\</path>
         <kind>archive</kind>
         <file>driverlib.lib</file>
         <name>cpu.obj</name>
      </input_file>
      <input_file id="fl-f9">
         <path>C:\ti\ccs930\ccs\tools\compiler\ti-cgt-arm_18.12.4.LTS\lib\</path>
         <kind>archive</kind>
         <file>rtsv7M4_T_le_v4SPD16_eabi.lib</file>
         <name>vsnprintf.c.obj</name>
      </input_file>
      <input_file id="fl-fa">
         <path>C:\ti\ccs930\ccs\tools\compiler\ti-cgt-arm_18.12.4.LTS\lib\</path>
         <kind>archive</kind>
         <file>rtsv7M4_T_le_v4SPD16_eabi.lib</file>
         <name>ull_div_t2.asm.obj</name>
      </input_file>
      <input_file id="fl-fb">
         <path>C:\ti\ccs930\ccs\tools\compiler\ti-cgt-arm_18.12.4.LTS\lib\</path>
         <kind>archive</kind>
         <file>rtsv7M4_T_le_v4SPD16_eabi.lib</file>
         <name>_printfi.c.obj</name>
      </input_file>
      <input_file id="fl-fc">
         <path>C:\ti\ccs930\ccs\tools\compiler\ti-cgt-arm_18.12.4.LTS\lib\</path>
         <kind>archive</kind>
         <file>rtsv7M4_T_le_v4SPD16_eabi.lib</file>
         <name>div0.asm.obj</name>
      </input_file>
      <input_file id="fl-fd">
         <path>C:\ti\ccs930\ccs\tools\compiler\ti-cgt-arm_18.12.4.LTS\lib\</path>
         <kind>archive</kind>
         <file>rtsv7M4_T_le_v4SPD16_eabi.lib</file>
         <name>fd_add_t2.asm.obj</name>
      </input_file>
      <input_file id="fl-fe">
         <path>C:\ti\ccs930\ccs\tools\compiler\ti-cgt-arm_18.12.4.LTS\lib\</path>
         <kind>archive</kind>
         <file>rtsv7M4_T_le_v4SPD16_eabi.lib</file>
         <name>fd_cmp_t2.asm.obj</name>
      </input_file>
      <input_file id="fl-ff">
         <path>C:\ti\ccs930\ccs\tools\compiler\ti-cgt-arm_18.12.4.LTS\lib\</path>
         <kind>archive</kind>
         <file>rtsv7M4_T_le_v4SPD16_eabi.lib</file>
         <name>fd_div_t2.asm.obj</name>
      </input_file>
      <input_file id="fl-100">
         <path>C:\ti\ccs930\ccs\tools\compiler\ti-cgt-arm_18.12.4.LTS\lib\</path>
         <kind>archive</kind>
         <file>rtsv7M4_T_le_v4SPD16_eabi.lib</file>
         <name>fd_mul_t2.asm.obj</name>
      </input_file>
      <input_file id="fl-101">
         <path>C:\ti\ccs930\ccs\tools\compiler\ti-cgt-arm_18.12.4.LTS\lib\</path>
         <kind>archive</kind>
         <file>rtsv7M4_T_le_v4SPD16_eabi.lib</file>
         <name>fd_toi_t2.asm.obj</name>
      </input_file>
      <input_file id="fl-102">
         <path>C:\ti\ccs930\ccs\tools\compiler\ti-cgt-arm_18.12.4.LTS\lib\</path>
         <kind>archive</kind>
         <file>rtsv7M4_T_le_v4SPD16_eabi.lib</file>
         <name>i_tofd_t2.asm.obj</name>
      </input_file>
      <input_file id="fl-103">
         <path>C:\ti\ccs930\ccs\tools\compiler\ti-cgt-arm_18.12.4.LTS\lib\</path>
         <kind>archive</kind>
         <file>rtsv7M4_T_le_v4SPD16_eabi.lib</file>
         <name>atoi.c.obj</name>
      </input_file>
      <input_file id="fl-104">
         <path>C:\ti\ccs930\ccs\tools\compiler\ti-cgt-arm_18.12.4.LTS\lib\</path>
         <kind>archive</kind>
         <file>rtsv7M4_T_le_v4SPD16_eabi.lib</file>
         <name>ctype.c.obj</name>
      </input_file>
      <input_file id="fl-105">
         <path>C:\ti\ccs930\ccs\tools\compiler\ti-cgt-arm_18.12.4.LTS\lib\</path>
         <kind>archive</kind>
         <file>rtsv7M4_T_le_v4SPD16_eabi.lib</file>
         <name>ltoa.c.obj</name>
      </input_file>
      <input_file id="fl-106">
         <path>C:\ti\ccs930\ccs\tools\compiler\ti-cgt-arm_18.12.4.LTS\lib\</path>
         <kind>archive</kind>
         <file>rtsv7M4_T_le_v4SPD16_eabi.lib</file>
         <name>memccpy.c.obj</name>
      </input_file>
      <input_file id="fl-107">
         <path>C:\ti\ccs930\ccs\tools\compiler\ti-cgt-arm_18.12.4.LTS\lib\</path>
         <kind>archive</kind>
         <file>rtsv7M4_T_le_v4SPD16_eabi.lib</file>
         <name>errno.c.obj</name>
      </input_file>
      <input_file id="fl-108">
         <path>C:\ti\ccs930\ccs\tools\compiler\ti-cgt-arm_18.12.4.LTS\lib\</path>
         <kind>archive</kind>
         <file>rtsv7M4_T_le_v4SPD16_eabi.lib</file>
         <name>wcslen.c.obj</name>
      </input_file>
      <input_file id="fl-109">
         <path>C:\ti\ccs930\ccs\tools\compiler\ti-cgt-arm_18.12.4.LTS\lib\</path>
         <kind>archive</kind>
         <file>rtsv7M4_T_le_v4SPD16_eabi.lib</file>
         <name>s_frexp.c.obj</name>
      </input_file>
      <input_file id="fl-10a">
         <path>C:\ti\ccs930\ccs\tools\compiler\ti-cgt-arm_18.12.4.LTS\lib\</path>
         <kind>archive</kind>
         <file>rtsv7M4_T_le_v4SPD16_eabi.lib</file>
         <name>s_scalbn.c.obj</name>
      </input_file>
      <input_file id="fl-10b">
         <path>C:\ti\ccs930\ccs\tools\compiler\ti-cgt-arm_18.12.4.LTS\lib\</path>
         <kind>archive</kind>
         <file>rtsv7M4_T_le_v4SPD16_eabi.lib</file>
         <name>s_copysign.c.obj</name>
      </input_file>
   </input_file_list>
   <object_component_list>
      <object_component id="oc-f">
         <name>.intvecs</name>
         <load_address>0x0</load_address>
         <run_address>0x0</run_address>
         <size>0x26c</size>
         <input_file_ref idref="fl-7"/>
      </object_component>
      <object_component id="oc-291">
         <name>.text:__TI_printfi</name>
         <load_address>0x26c</load_address>
         <run_address>0x26c</run_address>
         <size>0xa4e</size>
         <input_file_ref idref="fl-fb"/>
      </object_component>
      <object_component id="oc-2b8">
         <name>.text:_nop</name>
         <load_address>0xcba</load_address>
         <run_address>0xcba</run_address>
         <size>0x2</size>
         <input_file_ref idref="fl-d3"/>
      </object_component>
      <object_component id="oc-de">
         <name>.text</name>
         <load_address>0xcbc</load_address>
         <run_address>0xcbc</run_address>
         <size>0x3d0</size>
         <input_file_ref idref="fl-ef"/>
      </object_component>
      <object_component id="oc-338">
         <name>.text:_pconv_a</name>
         <load_address>0x108c</load_address>
         <run_address>0x108c</run_address>
         <size>0x270</size>
         <input_file_ref idref="fl-fb"/>
      </object_component>
      <object_component id="oc-9f">
         <name>.text</name>
         <load_address>0x12fc</load_address>
         <run_address>0x12fc</run_address>
         <size>0x1f4</size>
         <input_file_ref idref="fl-4"/>
      </object_component>
      <object_component id="oc-326">
         <name>.text:_pconv_g</name>
         <load_address>0x14f0</load_address>
         <run_address>0x14f0</run_address>
         <size>0x1d0</size>
         <input_file_ref idref="fl-fb"/>
      </object_component>
      <object_component id="oc-3d3">
         <name>.text</name>
         <load_address>0x16c0</load_address>
         <run_address>0x16c0</run_address>
         <size>0x1b6</size>
         <input_file_ref idref="fl-fd"/>
      </object_component>
      <object_component id="oc-24e">
         <name>.text</name>
         <load_address>0x1876</load_address>
         <run_address>0x1876</run_address>
         <size>0x2</size>
         <input_file_ref idref="fl-fc"/>
      </object_component>
      <object_component id="oc-1a9">
         <name>.text:GPIOPadConfigSet</name>
         <load_address>0x1878</load_address>
         <run_address>0x1878</run_address>
         <size>0x16c</size>
         <input_file_ref idref="fl-f3"/>
      </object_component>
      <object_component id="oc-332">
         <name>.text:_pconv_e</name>
         <load_address>0x19e4</load_address>
         <run_address>0x19e4</run_address>
         <size>0x13c</size>
         <input_file_ref idref="fl-fb"/>
      </object_component>
      <object_component id="oc-3b9">
         <name>.text</name>
         <load_address>0x1b20</load_address>
         <run_address>0x1b20</run_address>
         <size>0x136</size>
         <input_file_ref idref="fl-ff"/>
      </object_component>
      <object_component id="oc-3e5">
         <name>.text:fcvt</name>
         <load_address>0x1c58</load_address>
         <run_address>0x1c58</run_address>
         <size>0x124</size>
         <input_file_ref idref="fl-fb"/>
      </object_component>
      <object_component id="oc-17a">
         <name>.text:SysCtlClockGet</name>
         <load_address>0x1d7c</load_address>
         <run_address>0x1d7c</run_address>
         <size>0x118</size>
         <input_file_ref idref="fl-f5"/>
      </object_component>
      <object_component id="oc-433">
         <name>.text:aligned_alloc</name>
         <load_address>0x1e94</load_address>
         <run_address>0x1e94</run_address>
         <size>0x118</size>
         <input_file_ref idref="fl-d6"/>
      </object_component>
      <object_component id="oc-150">
         <name>.text:fputs</name>
         <load_address>0x1fac</load_address>
         <run_address>0x1fac</run_address>
         <size>0x114</size>
         <input_file_ref idref="fl-ca"/>
      </object_component>
      <object_component id="oc-3f9">
         <name>.text:scalbn</name>
         <load_address>0x20c0</load_address>
         <run_address>0x20c0</run_address>
         <size>0x110</size>
         <input_file_ref idref="fl-10a"/>
      </object_component>
      <object_component id="oc-3b4">
         <name>.text</name>
         <load_address>0x21d0</load_address>
         <run_address>0x21d0</run_address>
         <size>0xfc</size>
         <input_file_ref idref="fl-100"/>
      </object_component>
      <object_component id="oc-174">
         <name>.text:SysCtlClockSet</name>
         <load_address>0x22cc</load_address>
         <run_address>0x22cc</run_address>
         <size>0xf4</size>
         <input_file_ref idref="fl-f5"/>
      </object_component>
      <object_component id="oc-378">
         <name>.text:free</name>
         <load_address>0x23c0</load_address>
         <run_address>0x23c0</run_address>
         <size>0xe4</size>
         <input_file_ref idref="fl-d6"/>
      </object_component>
      <object_component id="oc-2dd">
         <name>.text:setvbuf</name>
         <load_address>0x24a4</load_address>
         <run_address>0x24a4</run_address>
         <size>0xdc</size>
         <input_file_ref idref="fl-cc"/>
      </object_component>
      <object_component id="oc-f5">
         <name>.text</name>
         <load_address>0x2580</load_address>
         <run_address>0x2580</run_address>
         <size>0xc4</size>
         <input_file_ref idref="fl-f2"/>
      </object_component>
      <object_component id="oc-31b">
         <name>.text:_ltostr</name>
         <load_address>0x2644</load_address>
         <run_address>0x2644</run_address>
         <size>0xb1</size>
         <input_file_ref idref="fl-fb"/>
      </object_component>
      <object_component id="oc-ea">
         <name>.text</name>
         <load_address>0x26f8</load_address>
         <run_address>0x26f8</run_address>
         <size>0x9c</size>
         <input_file_ref idref="fl-f0"/>
      </object_component>
      <object_component id="oc-3b">
         <name>.text</name>
         <load_address>0x2794</load_address>
         <run_address>0x2794</run_address>
         <size>0x9c</size>
         <input_file_ref idref="fl-cd"/>
      </object_component>
      <object_component id="oc-16e">
         <name>.text</name>
         <load_address>0x2830</load_address>
         <run_address>0x2830</run_address>
         <size>0x96</size>
         <input_file_ref idref="fl-fa"/>
      </object_component>
      <object_component id="oc-e4">
         <name>.text</name>
         <load_address>0x28c8</load_address>
         <run_address>0x28c8</run_address>
         <size>0x8c</size>
         <input_file_ref idref="fl-f1"/>
      </object_component>
      <object_component id="oc-321">
         <name>.text:__aeabi_cdcmple</name>
         <load_address>0x2954</load_address>
         <run_address>0x2954</run_address>
         <size>0x86</size>
         <input_file_ref idref="fl-fe"/>
      </object_component>
      <object_component id="oc-3be">
         <name>.text:__aeabi_cdrcmple</name>
         <load_address>0x29da</load_address>
         <run_address>0x29da</run_address>
         <size>0x86</size>
         <input_file_ref idref="fl-fe"/>
      </object_component>
      <object_component id="oc-156">
         <name>.text:fflush</name>
         <load_address>0x2a60</load_address>
         <run_address>0x2a60</run_address>
         <size>0x7c</size>
         <input_file_ref idref="fl-c9"/>
      </object_component>
      <object_component id="oc-93">
         <name>.text</name>
         <load_address>0x2adc</load_address>
         <run_address>0x2adc</run_address>
         <size>0x7a</size>
         <input_file_ref idref="fl-ce"/>
      </object_component>
      <object_component id="oc-43a">
         <name>.text:__TI_closefile</name>
         <load_address>0x2b58</load_address>
         <run_address>0x2b58</run_address>
         <size>0x74</size>
         <input_file_ref idref="fl-e6"/>
      </object_component>
      <object_component id="oc-4ac">
         <name>.text:split</name>
         <load_address>0x2bcc</load_address>
         <run_address>0x2bcc</run_address>
         <size>0x70</size>
         <input_file_ref idref="fl-d6"/>
      </object_component>
      <object_component id="oc-3de">
         <name>.text:_mcpy</name>
         <load_address>0x2c3c</load_address>
         <run_address>0x2c3c</run_address>
         <size>0x6e</size>
         <input_file_ref idref="fl-fb"/>
      </object_component>
      <object_component id="oc-467">
         <name>.text:HOSTrename</name>
         <load_address>0x2cac</load_address>
         <run_address>0x2cac</run_address>
         <size>0x6c</size>
         <input_file_ref idref="fl-e0"/>
      </object_component>
      <object_component id="oc-45b">
         <name>.text:HOSTlseek</name>
         <load_address>0x2d18</load_address>
         <run_address>0x2d18</run_address>
         <size>0x68</size>
         <input_file_ref idref="fl-dd"/>
      </object_component>
      <object_component id="oc-12">
         <name>.text:decompress:lzss:__TI_decompress_lzss</name>
         <load_address>0x2d80</load_address>
         <run_address>0x2d80</run_address>
         <size>0x68</size>
         <input_file_ref idref="fl-c5"/>
      </object_component>
      <object_component id="oc-3f3">
         <name>.text:frexp</name>
         <load_address>0x2de8</load_address>
         <run_address>0x2de8</run_address>
         <size>0x64</size>
         <input_file_ref idref="fl-109"/>
      </object_component>
      <object_component id="oc-2d7">
         <name>.text:fseek</name>
         <load_address>0x2e4c</load_address>
         <run_address>0x2e4c</run_address>
         <size>0x64</size>
         <input_file_ref idref="fl-db"/>
      </object_component>
      <object_component id="oc-218">
         <name>.text:__TI_wrt_ok</name>
         <load_address>0x2eb0</load_address>
         <run_address>0x2eb0</run_address>
         <size>0x62</size>
         <input_file_ref idref="fl-cb"/>
      </object_component>
      <object_component id="oc-443">
         <name>.text:HOSTopen</name>
         <load_address>0x2f14</load_address>
         <run_address>0x2f14</run_address>
         <size>0x60</size>
         <input_file_ref idref="fl-de"/>
      </object_component>
      <object_component id="oc-4b3">
         <name>.text:close</name>
         <load_address>0x2f74</load_address>
         <run_address>0x2f74</run_address>
         <size>0x5c</size>
         <input_file_ref idref="fl-ed"/>
      </object_component>
      <object_component id="oc-44f">
         <name>.text:HOSTread</name>
         <load_address>0x2fd0</load_address>
         <run_address>0x2fd0</run_address>
         <size>0x58</size>
         <input_file_ref idref="fl-df"/>
      </object_component>
      <object_component id="oc-455">
         <name>.text:HOSTwrite</name>
         <load_address>0x3028</load_address>
         <run_address>0x3028</run_address>
         <size>0x58</size>
         <input_file_ref idref="fl-e2"/>
      </object_component>
      <object_component id="oc-32c">
         <name>.text:_pconv_f</name>
         <load_address>0x3080</load_address>
         <run_address>0x3080</run_address>
         <size>0x56</size>
         <input_file_ref idref="fl-fb"/>
      </object_component>
      <object_component id="oc-3c8">
         <name>.text:ltoa</name>
         <load_address>0x30d6</load_address>
         <run_address>0x30d6</run_address>
         <size>0x54</size>
         <input_file_ref idref="fl-105"/>
      </object_component>
      <object_component id="oc-3d8">
         <name>.text:_ecpy</name>
         <load_address>0x312a</load_address>
         <run_address>0x312a</run_address>
         <size>0x52</size>
         <input_file_ref idref="fl-fb"/>
      </object_component>
      <object_component id="oc-1c4">
         <name>.text:GPIOPinConfigure</name>
         <load_address>0x317c</load_address>
         <run_address>0x317c</run_address>
         <size>0x4c</size>
         <input_file_ref idref="fl-f3"/>
      </object_component>
      <object_component id="oc-22a">
         <name>.text:__TI_doflush</name>
         <load_address>0x31c8</load_address>
         <run_address>0x31c8</run_address>
         <size>0x4c</size>
         <input_file_ref idref="fl-c9"/>
      </object_component>
      <object_component id="oc-315">
         <name>.text:atoi</name>
         <load_address>0x3214</load_address>
         <run_address>0x3214</run_address>
         <size>0x4c</size>
         <input_file_ref idref="fl-103"/>
      </object_component>
      <object_component id="oc-116">
         <name>.text:exit</name>
         <load_address>0x3260</load_address>
         <run_address>0x3260</run_address>
         <size>0x48</size>
         <input_file_ref idref="fl-d2"/>
      </object_component>
      <object_component id="oc-3c3">
         <name>.text</name>
         <load_address>0x32a8</load_address>
         <run_address>0x32a8</run_address>
         <size>0x48</size>
         <input_file_ref idref="fl-101"/>
      </object_component>
      <object_component id="oc-1d0">
         <name>.text:UARTConfigSetExpClk</name>
         <load_address>0x32f0</load_address>
         <run_address>0x32f0</run_address>
         <size>0x46</size>
         <input_file_ref idref="fl-f7"/>
      </object_component>
      <object_component id="oc-449">
         <name>.text:HOSTclose</name>
         <load_address>0x3338</load_address>
         <run_address>0x3338</run_address>
         <size>0x44</size>
         <input_file_ref idref="fl-dc"/>
      </object_component>
      <object_component id="oc-461">
         <name>.text:HOSTunlink</name>
         <load_address>0x337c</load_address>
         <run_address>0x337c</run_address>
         <size>0x44</size>
         <input_file_ref idref="fl-e1"/>
      </object_component>
      <object_component id="oc-11c">
         <name>.text:__TI_auto_init_nobinit_nopinit:__TI_auto_init_nobinit_nopinit</name>
         <load_address>0x33c0</load_address>
         <run_address>0x33c0</run_address>
         <size>0x44</size>
         <input_file_ref idref="fl-cf"/>
      </object_component>
      <object_component id="oc-4f9">
         <name>.text:getdevice</name>
         <load_address>0x3404</load_address>
         <run_address>0x3404</run_address>
         <size>0x44</size>
         <input_file_ref idref="fl-e7"/>
      </object_component>
      <object_component id="oc-1e2">
         <name>.text:vsnprintf</name>
         <load_address>0x3448</load_address>
         <run_address>0x3448</run_address>
         <size>0x40</size>
         <input_file_ref idref="fl-f9"/>
      </object_component>
      <object_component id="oc-3eb">
         <name>.text:_fcpy</name>
         <load_address>0x3488</load_address>
         <run_address>0x3488</run_address>
         <size>0x3e</size>
         <input_file_ref idref="fl-fb"/>
      </object_component>
      <object_component id="oc-4c2">
         <name>.text:__TI_writemsg</name>
         <load_address>0x34c8</load_address>
         <run_address>0x34c8</run_address>
         <size>0x38</size>
         <input_file_ref idref="fl-e3"/>
      </object_component>
      <object_component id="oc-51b">
         <name>.text:strncpy</name>
         <load_address>0x3500</load_address>
         <run_address>0x3500</run_address>
         <size>0x36</size>
         <input_file_ref idref="fl-eb"/>
      </object_component>
      <object_component id="oc-25c">
         <name>.text:IntRegister</name>
         <load_address>0x3538</load_address>
         <run_address>0x3538</run_address>
         <size>0x34</size>
         <input_file_ref idref="fl-f4"/>
      </object_component>
      <object_component id="oc-19d">
         <name>.text:SysCtlPeripheralEnable</name>
         <load_address>0x356c</load_address>
         <run_address>0x356c</run_address>
         <size>0x34</size>
         <input_file_ref idref="fl-f5"/>
      </object_component>
      <object_component id="oc-384">
         <name>.text:__TI_cleanup</name>
         <load_address>0x35a0</load_address>
         <run_address>0x35a0</run_address>
         <size>0x34</size>
         <input_file_ref idref="fl-da"/>
      </object_component>
      <object_component id="oc-4c8">
         <name>.text:__TI_readmsg</name>
         <load_address>0x35d4</load_address>
         <run_address>0x35d4</run_address>
         <size>0x34</size>
         <input_file_ref idref="fl-e3"/>
      </object_component>
      <object_component id="oc-59">
         <name>.text:_c_int00_noargs:_c_int00_noargs</name>
         <load_address>0x3608</load_address>
         <run_address>0x3608</run_address>
         <size>0x34</size>
         <input_file_ref idref="fl-c8"/>
      </object_component>
      <object_component id="oc-297">
         <name>.text:_outs</name>
         <load_address>0x363c</load_address>
         <run_address>0x363c</run_address>
         <size>0x30</size>
         <input_file_ref idref="fl-f9"/>
      </object_component>
      <object_component id="oc-521">
         <name>.text:finddevice</name>
         <load_address>0x366c</load_address>
         <run_address>0x366c</run_address>
         <size>0x30</size>
         <input_file_ref idref="fl-e7"/>
      </object_component>
      <object_component id="oc-3ce">
         <name>.text</name>
         <load_address>0x369c</load_address>
         <run_address>0x369c</run_address>
         <size>0x2e</size>
         <input_file_ref idref="fl-102"/>
      </object_component>
      <object_component id="oc-26e">
         <name>.text:GPIODirModeSet</name>
         <load_address>0x36ca</load_address>
         <run_address>0x36ca</run_address>
         <size>0x2c</size>
         <input_file_ref idref="fl-f3"/>
      </object_component>
      <object_component id="oc-d9">
         <name>.text</name>
         <load_address>0x36f8</load_address>
         <run_address>0x36f8</run_address>
         <size>0x2c</size>
         <input_file_ref idref="fl-3"/>
      </object_component>
      <object_component id="oc-4b9">
         <name>.text:unlink</name>
         <load_address>0x3724</load_address>
         <run_address>0x3724</run_address>
         <size>0x2c</size>
         <input_file_ref idref="fl-ee"/>
      </object_component>
      <object_component id="oc-42c">
         <name>.text:free_list_insert</name>
         <load_address>0x3750</load_address>
         <run_address>0x3750</run_address>
         <size>0x28</size>
         <input_file_ref idref="fl-d6"/>
      </object_component>
      <object_component id="oc-370">
         <name>.text:lseek</name>
         <load_address>0x3778</load_address>
         <run_address>0x3778</run_address>
         <size>0x28</size>
         <input_file_ref idref="fl-e5"/>
      </object_component>
      <object_component id="oc-230">
         <name>.text:write</name>
         <load_address>0x37a0</load_address>
         <run_address>0x37a0</run_address>
         <size>0x28</size>
         <input_file_ref idref="fl-d8"/>
      </object_component>
      <object_component id="oc-281">
         <name>.text:UARTDisable</name>
         <load_address>0x37c8</load_address>
         <run_address>0x37c8</run_address>
         <size>0x20</size>
         <input_file_ref idref="fl-f7"/>
      </object_component>
      <object_component id="oc-224">
         <name>.text:memchr</name>
         <load_address>0x37e8</load_address>
         <run_address>0x37e8</run_address>
         <size>0x20</size>
         <input_file_ref idref="fl-d5"/>
      </object_component>
      <object_component id="oc-186">
         <name>.text:SysTickIntRegister</name>
         <load_address>0x3808</load_address>
         <run_address>0x3808</run_address>
         <size>0x1c</size>
         <input_file_ref idref="fl-f6"/>
      </object_component>
      <object_component id="oc-d3">
         <name>.text:_abort_msg</name>
         <load_address>0x3824</load_address>
         <run_address>0x3824</run_address>
         <size>0x1c</size>
         <input_file_ref idref="fl-c6"/>
      </object_component>
      <object_component id="oc-fb">
         <name>.text</name>
         <load_address>0x3840</load_address>
         <run_address>0x3840</run_address>
         <size>0x1c</size>
         <input_file_ref idref="fl-2"/>
      </object_component>
      <object_component id="oc-426">
         <name>.text:free_list_remove</name>
         <load_address>0x385c</load_address>
         <run_address>0x385c</run_address>
         <size>0x1c</size>
         <input_file_ref idref="fl-d6"/>
      </object_component>
      <object_component id="oc-33e">
         <name>.text:memccpy</name>
         <load_address>0x3878</load_address>
         <run_address>0x3878</run_address>
         <size>0x1c</size>
         <input_file_ref idref="fl-106"/>
      </object_component>
      <object_component id="oc-101">
         <name>.text</name>
         <load_address>0x3894</load_address>
         <run_address>0x3894</run_address>
         <size>0x1c</size>
         <input_file_ref idref="fl-5"/>
      </object_component>
      <object_component id="oc-1b9">
         <name>.text:GPIOPinTypeGPIOOutput</name>
         <load_address>0x38b0</load_address>
         <run_address>0x38b0</run_address>
         <size>0x1a</size>
         <input_file_ref idref="fl-f3"/>
      </object_component>
      <object_component id="oc-489">
         <name>.text:copysign</name>
         <load_address>0x38ca</load_address>
         <run_address>0x38ca</run_address>
         <size>0x1a</size>
         <input_file_ref idref="fl-10b"/>
      </object_component>
      <object_component id="oc-29d">
         <name>.text:_outc</name>
         <load_address>0x38e4</load_address>
         <run_address>0x38e4</run_address>
         <size>0x18</size>
         <input_file_ref idref="fl-f9"/>
      </object_component>
      <object_component id="oc-538">
         <name>.text:strcmp</name>
         <load_address>0x38fc</load_address>
         <run_address>0x38fc</run_address>
         <size>0x18</size>
         <input_file_ref idref="fl-e9"/>
      </object_component>
      <object_component id="oc-1a3">
         <name>.text:GPIOPinTypeGPIOInput</name>
         <load_address>0x3914</load_address>
         <run_address>0x3914</run_address>
         <size>0x16</size>
         <input_file_ref idref="fl-f3"/>
      </object_component>
      <object_component id="oc-1ca">
         <name>.text:GPIOPinTypeUART</name>
         <load_address>0x392a</load_address>
         <run_address>0x392a</run_address>
         <size>0x16</size>
         <input_file_ref idref="fl-f3"/>
      </object_component>
      <object_component id="oc-3ff">
         <name>.text:strchr</name>
         <load_address>0x3940</load_address>
         <run_address>0x3940</run_address>
         <size>0x16</size>
         <input_file_ref idref="fl-e8"/>
      </object_component>
      <object_component id="oc-192">
         <name>.text:SysTickEnable</name>
         <load_address>0x3958</load_address>
         <run_address>0x3958</run_address>
         <size>0x14</size>
         <input_file_ref idref="fl-f6"/>
      </object_component>
      <object_component id="oc-18c">
         <name>.text:SysTickIntEnable</name>
         <load_address>0x396c</load_address>
         <run_address>0x396c</run_address>
         <size>0x14</size>
         <input_file_ref idref="fl-f6"/>
      </object_component>
      <object_component id="oc-287">
         <name>.text:UARTEnable</name>
         <load_address>0x3980</load_address>
         <run_address>0x3980</run_address>
         <size>0x14</size>
         <input_file_ref idref="fl-f7"/>
      </object_component>
      <object_component id="oc-f0">
         <name>.text</name>
         <load_address>0x3994</load_address>
         <run_address>0x3994</run_address>
         <size>0x14</size>
         <input_file_ref idref="fl-6"/>
      </object_component>
      <object_component id="oc-4dc">
         <name>.text:strcpy</name>
         <load_address>0x39a8</load_address>
         <run_address>0x39a8</run_address>
         <size>0x14</size>
         <input_file_ref idref="fl-ea"/>
      </object_component>
      <object_component id="oc-21e">
         <name>.text:strlen</name>
         <load_address>0x39bc</load_address>
         <run_address>0x39bc</run_address>
         <size>0x14</size>
         <input_file_ref idref="fl-d7"/>
      </object_component>
      <object_component id="oc-344">
         <name>.text:wcslen</name>
         <load_address>0x39d0</load_address>
         <run_address>0x39d0</run_address>
         <size>0x12</size>
         <input_file_ref idref="fl-108"/>
      </object_component>
      <object_component id="oc-180">
         <name>.text:SysTickPeriodSet</name>
         <load_address>0x39e4</load_address>
         <run_address>0x39e4</run_address>
         <size>0x10</size>
         <input_file_ref idref="fl-f6"/>
      </object_component>
      <object_component id="oc-18">
         <name>.text:decompress:none:__TI_decompress_none</name>
         <load_address>0x39f4</load_address>
         <run_address>0x39f4</run_address>
         <size>0xe</size>
         <input_file_ref idref="fl-c4"/>
      </object_component>
      <object_component id="oc-4d">
         <name>.text:decompress:ZI:__TI_zero_init</name>
         <load_address>0x3a02</load_address>
         <run_address>0x3a02</run_address>
         <size>0xc</size>
         <input_file_ref idref="fl-c3"/>
      </object_component>
      <object_component id="oc-27">
         <name>.text</name>
         <load_address>0x3a0e</load_address>
         <run_address>0x3a0e</run_address>
         <size>0xc</size>
         <input_file_ref idref="fl-7"/>
      </object_component>
      <object_component id="oc-1dc">
         <name>.text:UARTCharGet</name>
         <load_address>0x3a1a</load_address>
         <run_address>0x3a1a</run_address>
         <size>0xa</size>
         <input_file_ref idref="fl-f7"/>
      </object_component>
      <object_component id="oc-1d6">
         <name>.text:UARTCharPut</name>
         <load_address>0x3a24</load_address>
         <run_address>0x3a24</run_address>
         <size>0xa</size>
         <input_file_ref idref="fl-f7"/>
      </object_component>
      <object_component id="oc-34a">
         <name>.text:__aeabi_errno_addr</name>
         <load_address>0x3a30</load_address>
         <run_address>0x3a30</run_address>
         <size>0x8</size>
         <input_file_ref idref="fl-107"/>
      </object_component>
      <object_component id="oc-37e">
         <name>.text:malloc</name>
         <load_address>0x3a38</load_address>
         <run_address>0x3a38</run_address>
         <size>0x8</size>
         <input_file_ref idref="fl-d6"/>
      </object_component>
      <object_component id="oc-1af">
         <name>.text:GPIOPinRead</name>
         <load_address>0x3a40</load_address>
         <run_address>0x3a40</run_address>
         <size>0x6</size>
         <input_file_ref idref="fl-f3"/>
      </object_component>
      <object_component id="oc-161">
         <name>.text:GPIOPinWrite</name>
         <load_address>0x3a46</load_address>
         <run_address>0x3a46</run_address>
         <size>0x6</size>
         <input_file_ref idref="fl-f3"/>
      </object_component>
      <object_component id="oc-173">
         <name>.text:SysCtlDelay</name>
         <load_address>0x3a4c</load_address>
         <run_address>0x3a4c</run_address>
         <size>0x6</size>
         <input_file_ref idref="fl-f5"/>
      </object_component>
      <object_component id="oc-99">
         <name>.text:_system_pre_init</name>
         <load_address>0x3a52</load_address>
         <run_address>0x3a52</run_address>
         <size>0x4</size>
         <input_file_ref idref="fl-d0"/>
      </object_component>
      <object_component id="oc-110">
         <name>.text:abort:abort</name>
         <load_address>0x3a56</load_address>
         <run_address>0x3a56</run_address>
         <size>0x4</size>
         <input_file_ref idref="fl-d2"/>
      </object_component>
      <object_component id="oc-3ad">
         <name>.const:.string:_ctypes_</name>
         <load_address>0x3a5c</load_address>
         <run_address>0x3a5c</run_address>
         <size>0x101</size>
         <input_file_ref idref="fl-104"/>
      </object_component>
      <object_component id="oc-27c">
         <name>.const:g_pui32GPIOBaseAddrs</name>
         <load_address>0x3b60</load_address>
         <run_address>0x3b60</run_address>
         <size>0x90</size>
         <input_file_ref idref="fl-f3"/>
      </object_component>
      <object_component id="oc-256">
         <name>.const:g_pui32Xtals</name>
         <load_address>0x3bf0</load_address>
         <run_address>0x3bf0</run_address>
         <size>0x6c</size>
         <input_file_ref idref="fl-f5"/>
      </object_component>
      <object_component id="oc-571">
         <name>.cinit..data.load</name>
         <load_address>0x3c60</load_address>
         <run_address>0x3c60</run_address>
         <size>0x6f</size>
      </object_component>
      <object_component id="oc-56e">
         <name>__TI_handler_table</name>
         <load_address>0x3cd0</load_address>
         <run_address>0x3cd0</run_address>
         <size>0xc</size>
      </object_component>
      <object_component id="oc-572">
         <name>.cinit..bss.load</name>
         <load_address>0x3ce0</load_address>
         <run_address>0x3ce0</run_address>
         <size>0x8</size>
      </object_component>
      <object_component id="oc-570">
         <name>.cinit..vtable.load</name>
         <load_address>0x3ce8</load_address>
         <run_address>0x3ce8</run_address>
         <size>0x8</size>
      </object_component>
      <object_component id="oc-56f">
         <name>__TI_cinit_table</name>
         <load_address>0x3cf0</load_address>
         <run_address>0x3cf0</run_address>
         <size>0x18</size>
      </object_component>
      <object_component id="oc-309">
         <name>.vtable</name>
         <uninitialized>true</uninitialized>
         <run_address>0x20000000</run_address>
         <size>0x26c</size>
         <input_file_ref idref="fl-f4"/>
      </object_component>
      <object_component id="oc-107">
         <name>.data</name>
         <load_address>0x20000928</load_address>
         <run_address>0x20000928</run_address>
         <size>0x3</size>
         <input_file_ref idref="fl-4"/>
      </object_component>
      <object_component id="oc-15c">
         <name>.data:_ftable</name>
         <load_address>0x20000738</load_address>
         <run_address>0x20000738</run_address>
         <size>0xf0</size>
         <input_file_ref idref="fl-c7"/>
      </object_component>
      <object_component id="oc-238">
         <name>.data</name>
         <load_address>0x200008f0</load_address>
         <run_address>0x200008f0</run_address>
         <size>0x10</size>
         <input_file_ref idref="fl-c7"/>
      </object_component>
      <object_component id="oc-1f9">
         <name>.data:$O1$$</name>
         <load_address>0x20000900</load_address>
         <run_address>0x20000900</run_address>
         <size>0xc</size>
         <input_file_ref idref="fl-d2"/>
      </object_component>
      <object_component id="oc-1fc">
         <name>.data:$O1$$</name>
         <load_address>0x2000090c</load_address>
         <run_address>0x2000090c</run_address>
         <size>0x8</size>
         <input_file_ref idref="fl-d3"/>
      </object_component>
      <object_component id="oc-4a7">
         <name>.data:$O1$$</name>
         <load_address>0x20000914</load_address>
         <run_address>0x20000914</run_address>
         <size>0x8</size>
         <input_file_ref idref="fl-d6"/>
      </object_component>
      <object_component id="oc-397">
         <name>.data:_device</name>
         <load_address>0x20000828</load_address>
         <run_address>0x20000828</run_address>
         <size>0x78</size>
         <input_file_ref idref="fl-d9"/>
      </object_component>
      <object_component id="oc-2ea">
         <name>.data:_stream</name>
         <load_address>0x200008a0</load_address>
         <run_address>0x200008a0</run_address>
         <size>0x50</size>
         <input_file_ref idref="fl-d9"/>
      </object_component>
      <object_component id="oc-168">
         <name>.data</name>
         <load_address>0x2000091c</load_address>
         <run_address>0x2000091c</run_address>
         <size>0x8</size>
         <input_file_ref idref="fl-ef"/>
      </object_component>
      <object_component id="oc-1bf">
         <name>.data</name>
         <load_address>0x2000092b</load_address>
         <run_address>0x2000092b</run_address>
         <size>0x1</size>
         <input_file_ref idref="fl-f0"/>
      </object_component>
      <object_component id="oc-1b5">
         <name>.data</name>
         <load_address>0x2000092c</load_address>
         <run_address>0x2000092c</run_address>
         <size>0x1</size>
         <input_file_ref idref="fl-f1"/>
      </object_component>
      <object_component id="oc-40f">
         <name>.data</name>
         <load_address>0x20000924</load_address>
         <run_address>0x20000924</run_address>
         <size>0x4</size>
         <input_file_ref idref="fl-107"/>
      </object_component>
      <object_component id="oc-503">
         <name>.bss:_CIOBUF_</name>
         <uninitialized>true</uninitialized>
         <run_address>0x2000026c</run_address>
         <size>0x120</size>
         <input_file_ref idref="fl-e3"/>
      </object_component>
      <object_component id="oc-198">
         <name>.bss</name>
         <uninitialized>true</uninitialized>
         <run_address>0x20000534</run_address>
         <size>0x4</size>
         <input_file_ref idref="fl-ef"/>
      </object_component>
      <object_component id="oc-16b">
         <name>.bss:callbackHeap</name>
         <uninitialized>true</uninitialized>
         <run_address>0x2000038c</run_address>
         <size>0x100</size>
         <input_file_ref idref="fl-ef"/>
      </object_component>
      <object_component id="oc-4bf">
         <name>.common:__TI_tmpnams</name>
         <uninitialized>true</uninitialized>
         <run_address>0x2000048c</run_address>
         <size>0xa0</size>
      </object_component>
      <object_component id="oc-4ce">
         <name>.common:parmbuf</name>
         <uninitialized>true</uninitialized>
         <run_address>0x2000052c</run_address>
         <size>0x8</size>
      </object_component>
      <object_component id="oc-24">
         <name>.sysmem</name>
         <uninitialized>true</uninitialized>
         <run_address>0x20000930</run_address>
         <size>0x10</size>
         <input_file_ref idref="fl-d6"/>
      </object_component>
      <object_component id="oc-574">
         <name>.sysmem</name>
         <uninitialized>true</uninitialized>
         <run_address>0x20000930</run_address>
         <size>0x0</size>
      </object_component>
      <object_component id="oc-21">
         <name>.stack</name>
         <uninitialized>true</uninitialized>
         <run_address>0x20000538</run_address>
         <size>0x4</size>
         <input_file_ref idref="fl-c8"/>
      </object_component>
      <object_component id="oc-573">
         <name>.stack</name>
         <uninitialized>true</uninitialized>
         <run_address>0x20000538</run_address>
         <size>0x0</size>
      </object_component>
      <object_component id="oc-c2">
         <name>.debug_info</name>
         <load_address>0x0</load_address>
         <run_address>0x0</run_address>
         <size>0x2f8</size>
         <input_file_ref idref="fl-2"/>
      </object_component>
      <object_component id="oc-ff">
         <name>.debug_info</name>
         <load_address>0x2f8</load_address>
         <run_address>0x2f8</run_address>
         <size>0x158</size>
         <input_file_ref idref="fl-2"/>
      </object_component>
      <object_component id="oc-74">
         <name>.debug_info</name>
         <load_address>0x450</load_address>
         <run_address>0x450</run_address>
         <size>0x26b</size>
         <input_file_ref idref="fl-2"/>
      </object_component>
      <object_component id="oc-36">
         <name>.debug_info</name>
         <load_address>0x6bb</load_address>
         <run_address>0x6bb</run_address>
         <size>0x84</size>
         <input_file_ref idref="fl-2"/>
      </object_component>
      <object_component id="oc-bd">
         <name>.debug_info</name>
         <load_address>0x73f</load_address>
         <run_address>0x73f</run_address>
         <size>0x297</size>
         <input_file_ref idref="fl-2"/>
      </object_component>
      <object_component id="oc-300">
         <name>.debug_info</name>
         <load_address>0x9d6</load_address>
         <run_address>0x9d6</run_address>
         <size>0xef</size>
         <input_file_ref idref="fl-2"/>
      </object_component>
      <object_component id="oc-79">
         <name>.debug_info</name>
         <load_address>0xac5</load_address>
         <run_address>0xac5</run_address>
         <size>0xbb</size>
         <input_file_ref idref="fl-2"/>
      </object_component>
      <object_component id="oc-dc">
         <name>.debug_info</name>
         <load_address>0xb80</load_address>
         <run_address>0xb80</run_address>
         <size>0x129</size>
         <input_file_ref idref="fl-3"/>
      </object_component>
      <object_component id="oc-360">
         <name>.debug_info</name>
         <load_address>0xca9</load_address>
         <run_address>0xca9</run_address>
         <size>0x3fb</size>
         <input_file_ref idref="fl-4"/>
      </object_component>
      <object_component id="oc-108">
         <name>.debug_info</name>
         <load_address>0x10a4</load_address>
         <run_address>0x10a4</run_address>
         <size>0x139</size>
         <input_file_ref idref="fl-4"/>
      </object_component>
      <object_component id="oc-a0">
         <name>.debug_info</name>
         <load_address>0x11dd</load_address>
         <run_address>0x11dd</run_address>
         <size>0x491</size>
         <input_file_ref idref="fl-4"/>
      </object_component>
      <object_component id="oc-1f3">
         <name>.debug_info</name>
         <load_address>0x166e</load_address>
         <run_address>0x166e</run_address>
         <size>0x48</size>
         <input_file_ref idref="fl-4"/>
      </object_component>
      <object_component id="oc-10b">
         <name>.debug_info</name>
         <load_address>0x16b6</load_address>
         <run_address>0x16b6</run_address>
         <size>0x8b</size>
         <input_file_ref idref="fl-4"/>
      </object_component>
      <object_component id="oc-2b1">
         <name>.debug_info</name>
         <load_address>0x1741</load_address>
         <run_address>0x1741</run_address>
         <size>0xcc</size>
         <input_file_ref idref="fl-4"/>
      </object_component>
      <object_component id="oc-1ea">
         <name>.debug_info</name>
         <load_address>0x180d</load_address>
         <run_address>0x180d</run_address>
         <size>0x2c</size>
         <input_file_ref idref="fl-4"/>
      </object_component>
      <object_component id="oc-103">
         <name>.debug_info</name>
         <load_address>0x1839</load_address>
         <run_address>0x1839</run_address>
         <size>0x157</size>
         <input_file_ref idref="fl-5"/>
      </object_component>
      <object_component id="oc-f2">
         <name>.debug_info</name>
         <load_address>0x1990</load_address>
         <run_address>0x1990</run_address>
         <size>0x10f</size>
         <input_file_ref idref="fl-6"/>
      </object_component>
      <object_component id="oc-2f">
         <name>.debug_info</name>
         <load_address>0x1a9f</load_address>
         <run_address>0x1a9f</run_address>
         <size>0x2c8</size>
         <input_file_ref idref="fl-7"/>
      </object_component>
      <object_component id="oc-10">
         <name>.debug_info</name>
         <load_address>0x1d67</load_address>
         <run_address>0x1d67</run_address>
         <size>0x107</size>
         <input_file_ref idref="fl-7"/>
      </object_component>
      <object_component id="oc-29">
         <name>.debug_info</name>
         <load_address>0x1e6e</load_address>
         <run_address>0x1e6e</run_address>
         <size>0x283</size>
         <input_file_ref idref="fl-7"/>
      </object_component>
      <object_component id="oc-92">
         <name>.debug_info</name>
         <load_address>0x20f1</load_address>
         <run_address>0x20f1</run_address>
         <size>0x2d3</size>
         <input_file_ref idref="fl-c3"/>
      </object_component>
      <object_component id="oc-50">
         <name>.debug_info</name>
         <load_address>0x23c4</load_address>
         <run_address>0x23c4</run_address>
         <size>0x1b4</size>
         <input_file_ref idref="fl-c3"/>
      </object_component>
      <object_component id="oc-8d">
         <name>.debug_info</name>
         <load_address>0x2578</load_address>
         <run_address>0x2578</run_address>
         <size>0x46</size>
         <input_file_ref idref="fl-c3"/>
      </object_component>
      <object_component id="oc-ca">
         <name>.debug_info</name>
         <load_address>0x25be</load_address>
         <run_address>0x25be</run_address>
         <size>0x2c</size>
         <input_file_ref idref="fl-c3"/>
      </object_component>
      <object_component id="oc-46">
         <name>.debug_info</name>
         <load_address>0x25ea</load_address>
         <run_address>0x25ea</run_address>
         <size>0x2a7</size>
         <input_file_ref idref="fl-c4"/>
      </object_component>
      <object_component id="oc-1b">
         <name>.debug_info</name>
         <load_address>0x2891</load_address>
         <run_address>0x2891</run_address>
         <size>0x1e9</size>
         <input_file_ref idref="fl-c4"/>
      </object_component>
      <object_component id="oc-41">
         <name>.debug_info</name>
         <load_address>0x2a7a</load_address>
         <run_address>0x2a7a</run_address>
         <size>0x46</size>
         <input_file_ref idref="fl-c4"/>
      </object_component>
      <object_component id="oc-85">
         <name>.debug_info</name>
         <load_address>0x2ac0</load_address>
         <run_address>0x2ac0</run_address>
         <size>0x2c</size>
         <input_file_ref idref="fl-c4"/>
      </object_component>
      <object_component id="oc-83">
         <name>.debug_info</name>
         <load_address>0x2aec</load_address>
         <run_address>0x2aec</run_address>
         <size>0x29d</size>
         <input_file_ref idref="fl-c5"/>
      </object_component>
      <object_component id="oc-13">
         <name>.debug_info</name>
         <load_address>0x2d89</load_address>
         <run_address>0x2d89</run_address>
         <size>0x24f</size>
         <input_file_ref idref="fl-c5"/>
      </object_component>
      <object_component id="oc-31">
         <name>.debug_info</name>
         <load_address>0x2fd8</load_address>
         <run_address>0x2fd8</run_address>
         <size>0x60</size>
         <input_file_ref idref="fl-c5"/>
      </object_component>
      <object_component id="oc-c3">
         <name>.debug_info</name>
         <load_address>0x3038</load_address>
         <run_address>0x3038</run_address>
         <size>0x46</size>
         <input_file_ref idref="fl-c5"/>
      </object_component>
      <object_component id="oc-7e">
         <name>.debug_info</name>
         <load_address>0x307e</load_address>
         <run_address>0x307e</run_address>
         <size>0x39</size>
         <input_file_ref idref="fl-c5"/>
      </object_component>
      <object_component id="oc-160">
         <name>.debug_info</name>
         <load_address>0x30b7</load_address>
         <run_address>0x30b7</run_address>
         <size>0x321</size>
         <input_file_ref idref="fl-c6"/>
      </object_component>
      <object_component id="oc-d5">
         <name>.debug_info</name>
         <load_address>0x33d8</load_address>
         <run_address>0x33d8</run_address>
         <size>0x176</size>
         <input_file_ref idref="fl-c6"/>
      </object_component>
      <object_component id="oc-243">
         <name>.debug_info</name>
         <load_address>0x354e</load_address>
         <run_address>0x354e</run_address>
         <size>0xb2</size>
         <input_file_ref idref="fl-c6"/>
      </object_component>
      <object_component id="oc-23f">
         <name>.debug_info</name>
         <load_address>0x3600</load_address>
         <run_address>0x3600</run_address>
         <size>0x143</size>
         <input_file_ref idref="fl-c7"/>
      </object_component>
      <object_component id="oc-15d">
         <name>.debug_info</name>
         <load_address>0x3743</load_address>
         <run_address>0x3743</run_address>
         <size>0x101</size>
         <input_file_ref idref="fl-c7"/>
      </object_component>
      <object_component id="oc-239">
         <name>.debug_info</name>
         <load_address>0x3844</load_address>
         <run_address>0x3844</run_address>
         <size>0x18e</size>
         <input_file_ref idref="fl-c7"/>
      </object_component>
      <object_component id="oc-22">
         <name>.debug_info</name>
         <load_address>0x39d2</load_address>
         <run_address>0x39d2</run_address>
         <size>0x10a</size>
         <input_file_ref idref="fl-c8"/>
      </object_component>
      <object_component id="oc-5b">
         <name>.debug_info</name>
         <load_address>0x3adc</load_address>
         <run_address>0x3adc</run_address>
         <size>0x1a8</size>
         <input_file_ref idref="fl-c8"/>
      </object_component>
      <object_component id="oc-23c">
         <name>.debug_info</name>
         <load_address>0x3c84</load_address>
         <run_address>0x3c84</run_address>
         <size>0x346</size>
         <input_file_ref idref="fl-c9"/>
      </object_component>
      <object_component id="oc-22c">
         <name>.debug_info</name>
         <load_address>0x3fca</load_address>
         <run_address>0x3fca</run_address>
         <size>0x189</size>
         <input_file_ref idref="fl-c9"/>
      </object_component>
      <object_component id="oc-15a">
         <name>.debug_info</name>
         <load_address>0x4153</load_address>
         <run_address>0x4153</run_address>
         <size>0x1c7</size>
         <input_file_ref idref="fl-c9"/>
      </object_component>
      <object_component id="oc-237">
         <name>.debug_info</name>
         <load_address>0x431a</load_address>
         <run_address>0x431a</run_address>
         <size>0x3fb</size>
         <input_file_ref idref="fl-ca"/>
      </object_component>
      <object_component id="oc-151">
         <name>.debug_info</name>
         <load_address>0x4715</load_address>
         <run_address>0x4715</run_address>
         <size>0x2e1</size>
         <input_file_ref idref="fl-ca"/>
      </object_component>
      <object_component id="oc-2e4">
         <name>.debug_info</name>
         <load_address>0x49f6</load_address>
         <run_address>0x49f6</run_address>
         <size>0x2ff</size>
         <input_file_ref idref="fl-cb"/>
      </object_component>
      <object_component id="oc-219">
         <name>.debug_info</name>
         <load_address>0x4cf5</load_address>
         <run_address>0x4cf5</run_address>
         <size>0x19b</size>
         <input_file_ref idref="fl-cb"/>
      </object_component>
      <object_component id="oc-38c">
         <name>.debug_info</name>
         <load_address>0x4e90</load_address>
         <run_address>0x4e90</run_address>
         <size>0xbf</size>
         <input_file_ref idref="fl-cb"/>
      </object_component>
      <object_component id="oc-38b">
         <name>.debug_info</name>
         <load_address>0x4f4f</load_address>
         <run_address>0x4f4f</run_address>
         <size>0x373</size>
         <input_file_ref idref="fl-cc"/>
      </object_component>
      <object_component id="oc-2de">
         <name>.debug_info</name>
         <load_address>0x52c2</load_address>
         <run_address>0x52c2</run_address>
         <size>0x20a</size>
         <input_file_ref idref="fl-cc"/>
      </object_component>
      <object_component id="oc-3c">
         <name>.debug_info</name>
         <load_address>0x54cc</load_address>
         <run_address>0x54cc</run_address>
         <size>0x118</size>
         <input_file_ref idref="fl-cd"/>
      </object_component>
      <object_component id="oc-94">
         <name>.debug_info</name>
         <load_address>0x55e4</load_address>
         <run_address>0x55e4</run_address>
         <size>0x146</size>
         <input_file_ref idref="fl-ce"/>
      </object_component>
      <object_component id="oc-203">
         <name>.debug_info</name>
         <load_address>0x572a</load_address>
         <run_address>0x572a</run_address>
         <size>0x4b2</size>
         <input_file_ref idref="fl-cf"/>
      </object_component>
      <object_component id="oc-11f">
         <name>.debug_info</name>
         <load_address>0x5bdc</load_address>
         <run_address>0x5bdc</run_address>
         <size>0x1a5</size>
         <input_file_ref idref="fl-cf"/>
      </object_component>
      <object_component id="oc-2c6">
         <name>.debug_info</name>
         <load_address>0x5d81</load_address>
         <run_address>0x5d81</run_address>
         <size>0x39</size>
         <input_file_ref idref="fl-cf"/>
      </object_component>
      <object_component id="oc-364">
         <name>.debug_info</name>
         <load_address>0x5dba</load_address>
         <run_address>0x5dba</run_address>
         <size>0x39</size>
         <input_file_ref idref="fl-cf"/>
      </object_component>
      <object_component id="oc-2cb">
         <name>.debug_info</name>
         <load_address>0x5df3</load_address>
         <run_address>0x5df3</run_address>
         <size>0x39</size>
         <input_file_ref idref="fl-cf"/>
      </object_component>
      <object_component id="oc-2d0">
         <name>.debug_info</name>
         <load_address>0x5e2c</load_address>
         <run_address>0x5e2c</run_address>
         <size>0xcd</size>
         <input_file_ref idref="fl-cf"/>
      </object_component>
      <object_component id="oc-9c">
         <name>.debug_info</name>
         <load_address>0x5ef9</load_address>
         <run_address>0x5ef9</run_address>
         <size>0x152</size>
         <input_file_ref idref="fl-d0"/>
      </object_component>
      <object_component id="oc-200">
         <name>.debug_info</name>
         <load_address>0x604b</load_address>
         <run_address>0x604b</run_address>
         <size>0x3ac</size>
         <input_file_ref idref="fl-d2"/>
      </object_component>
      <object_component id="oc-1fa">
         <name>.debug_info</name>
         <load_address>0x63f7</load_address>
         <run_address>0x63f7</run_address>
         <size>0x18f</size>
         <input_file_ref idref="fl-d2"/>
      </object_component>
      <object_component id="oc-111">
         <name>.debug_info</name>
         <load_address>0x6586</load_address>
         <run_address>0x6586</run_address>
         <size>0x121</size>
         <input_file_ref idref="fl-d2"/>
      </object_component>
      <object_component id="oc-117">
         <name>.debug_info</name>
         <load_address>0x66a7</load_address>
         <run_address>0x66a7</run_address>
         <size>0x183</size>
         <input_file_ref idref="fl-d2"/>
      </object_component>
      <object_component id="oc-2c0">
         <name>.debug_info</name>
         <load_address>0x682a</load_address>
         <run_address>0x682a</run_address>
         <size>0x2c8</size>
         <input_file_ref idref="fl-d3"/>
      </object_component>
      <object_component id="oc-1fd">
         <name>.debug_info</name>
         <load_address>0x6af2</load_address>
         <run_address>0x6af2</run_address>
         <size>0x11d</size>
         <input_file_ref idref="fl-d3"/>
      </object_component>
      <object_component id="oc-2bc">
         <name>.debug_info</name>
         <load_address>0x6c0f</load_address>
         <run_address>0x6c0f</run_address>
         <size>0x12d</size>
         <input_file_ref idref="fl-d3"/>
      </object_component>
      <object_component id="oc-2e8">
         <name>.debug_info</name>
         <load_address>0x6d3c</load_address>
         <run_address>0x6d3c</run_address>
         <size>0x2a4</size>
         <input_file_ref idref="fl-d5"/>
      </object_component>
      <object_component id="oc-226">
         <name>.debug_info</name>
         <load_address>0x6fe0</load_address>
         <run_address>0x6fe0</run_address>
         <size>0x258</size>
         <input_file_ref idref="fl-d5"/>
      </object_component>
      <object_component id="oc-6f">
         <name>.debug_info</name>
         <load_address>0x7238</load_address>
         <run_address>0x7238</run_address>
         <size>0x3b1</size>
         <input_file_ref idref="fl-d6"/>
      </object_component>
      <object_component id="oc-25">
         <name>.debug_info</name>
         <load_address>0x75e9</load_address>
         <run_address>0x75e9</run_address>
         <size>0x10b</size>
         <input_file_ref idref="fl-d6"/>
      </object_component>
      <object_component id="oc-4a8">
         <name>.debug_info</name>
         <load_address>0x76f4</load_address>
         <run_address>0x76f4</run_address>
         <size>0x13e</size>
         <input_file_ref idref="fl-d6"/>
      </object_component>
      <object_component id="oc-37f">
         <name>.debug_info</name>
         <load_address>0x7832</load_address>
         <run_address>0x7832</run_address>
         <size>0x167</size>
         <input_file_ref idref="fl-d6"/>
      </object_component>
      <object_component id="oc-427">
         <name>.debug_info</name>
         <load_address>0x7999</load_address>
         <run_address>0x7999</run_address>
         <size>0x18d</size>
         <input_file_ref idref="fl-d6"/>
      </object_component>
      <object_component id="oc-42d">
         <name>.debug_info</name>
         <load_address>0x7b26</load_address>
         <run_address>0x7b26</run_address>
         <size>0x19e</size>
         <input_file_ref idref="fl-d6"/>
      </object_component>
      <object_component id="oc-37a">
         <name>.debug_info</name>
         <load_address>0x7cc4</load_address>
         <run_address>0x7cc4</run_address>
         <size>0x202</size>
         <input_file_ref idref="fl-d6"/>
      </object_component>
      <object_component id="oc-4ad">
         <name>.debug_info</name>
         <load_address>0x7ec6</load_address>
         <run_address>0x7ec6</run_address>
         <size>0x1da</size>
         <input_file_ref idref="fl-d6"/>
      </object_component>
      <object_component id="oc-434">
         <name>.debug_info</name>
         <load_address>0x80a0</load_address>
         <run_address>0x80a0</run_address>
         <size>0x298</size>
         <input_file_ref idref="fl-d6"/>
      </object_component>
      <object_component id="oc-b8">
         <name>.debug_info</name>
         <load_address>0x8338</load_address>
         <run_address>0x8338</run_address>
         <size>0xb2</size>
         <input_file_ref idref="fl-d6"/>
      </object_component>
      <object_component id="oc-b3">
         <name>.debug_info</name>
         <load_address>0x83ea</load_address>
         <run_address>0x83ea</run_address>
         <size>0x2c</size>
         <input_file_ref idref="fl-d6"/>
      </object_component>
      <object_component id="oc-2e6">
         <name>.debug_info</name>
         <load_address>0x8416</load_address>
         <run_address>0x8416</run_address>
         <size>0x28e</size>
         <input_file_ref idref="fl-d7"/>
      </object_component>
      <object_component id="oc-220">
         <name>.debug_info</name>
         <load_address>0x86a4</load_address>
         <run_address>0x86a4</run_address>
         <size>0x240</size>
         <input_file_ref idref="fl-d7"/>
      </object_component>
      <object_component id="oc-2ee">
         <name>.debug_info</name>
         <load_address>0x88e4</load_address>
         <run_address>0x88e4</run_address>
         <size>0x396</size>
         <input_file_ref idref="fl-d8"/>
      </object_component>
      <object_component id="oc-231">
         <name>.debug_info</name>
         <load_address>0x8c7a</load_address>
         <run_address>0x8c7a</run_address>
         <size>0x18e</size>
         <input_file_ref idref="fl-d8"/>
      </object_component>
      <object_component id="oc-39f">
         <name>.debug_info</name>
         <load_address>0x8e08</load_address>
         <run_address>0x8e08</run_address>
         <size>0x120</size>
         <input_file_ref idref="fl-d8"/>
      </object_component>
      <object_component id="oc-3a4">
         <name>.debug_info</name>
         <load_address>0x8f28</load_address>
         <run_address>0x8f28</run_address>
         <size>0x2c</size>
         <input_file_ref idref="fl-d8"/>
      </object_component>
      <object_component id="oc-39c">
         <name>.debug_info</name>
         <load_address>0x8f54</load_address>
         <run_address>0x8f54</run_address>
         <size>0x336</size>
         <input_file_ref idref="fl-d9"/>
      </object_component>
      <object_component id="oc-398">
         <name>.debug_info</name>
         <load_address>0x928a</load_address>
         <run_address>0x928a</run_address>
         <size>0x108</size>
         <input_file_ref idref="fl-d9"/>
      </object_component>
      <object_component id="oc-2eb">
         <name>.debug_info</name>
         <load_address>0x9392</load_address>
         <run_address>0x9392</run_address>
         <size>0x108</size>
         <input_file_ref idref="fl-d9"/>
      </object_component>
      <object_component id="oc-386">
         <name>.debug_info</name>
         <load_address>0x949a</load_address>
         <run_address>0x949a</run_address>
         <size>0x175</size>
         <input_file_ref idref="fl-da"/>
      </object_component>
      <object_component id="oc-377">
         <name>.debug_info</name>
         <load_address>0x960f</load_address>
         <run_address>0x960f</run_address>
         <size>0x323</size>
         <input_file_ref idref="fl-db"/>
      </object_component>
      <object_component id="oc-2d8">
         <name>.debug_info</name>
         <load_address>0x9932</load_address>
         <run_address>0x9932</run_address>
         <size>0x1eb</size>
         <input_file_ref idref="fl-db"/>
      </object_component>
      <object_component id="oc-4d3">
         <name>.debug_info</name>
         <load_address>0x9b1d</load_address>
         <run_address>0x9b1d</run_address>
         <size>0x372</size>
         <input_file_ref idref="fl-dc"/>
      </object_component>
      <object_component id="oc-44a">
         <name>.debug_info</name>
         <load_address>0x9e8f</load_address>
         <run_address>0x9e8f</run_address>
         <size>0x1bb</size>
         <input_file_ref idref="fl-dc"/>
      </object_component>
      <object_component id="oc-4d9">
         <name>.debug_info</name>
         <load_address>0xa04a</load_address>
         <run_address>0xa04a</run_address>
         <size>0x377</size>
         <input_file_ref idref="fl-dd"/>
      </object_component>
      <object_component id="oc-45e">
         <name>.debug_info</name>
         <load_address>0xa3c1</load_address>
         <run_address>0xa3c1</run_address>
         <size>0x20f</size>
         <input_file_ref idref="fl-dd"/>
      </object_component>
      <object_component id="oc-4cf">
         <name>.debug_info</name>
         <load_address>0xa5d0</load_address>
         <run_address>0xa5d0</run_address>
         <size>0x3a2</size>
[...]
         <object_component_ref idref="oc-3b"/>
      </symbol>
      <symbol id="sm-1fd">
         <name>__aeabi_memcpy4</name>
         <value>0x2795</value>
         <object_component_ref idref="oc-3b"/>
      </symbol>
      <symbol id="sm-20c">
         <name>__aeabi_memset</name>
         <value>0x2adf</value>
         <object_component_ref idref="oc-93"/>
      </symbol>
      <symbol id="sm-20d">
         <name>memset</name>
         <value>0x2ae5</value>
         <object_component_ref idref="oc-93"/>
      </symbol>
      <symbol id="sm-20e">
         <name>__aeabi_memset8</name>
         <value>0x2adf</value>
         <object_component_ref idref="oc-93"/>
      </symbol>
      <symbol id="sm-20f">
         <name>__aeabi_memset4</name>
         <value>0x2adf</value>
         <object_component_ref idref="oc-93"/>
      </symbol>
      <symbol id="sm-210">
         <name>__aeabi_memclr8</name>
         <value>0x2add</value>
         <object_component_ref idref="oc-93"/>
      </symbol>
      <symbol id="sm-211">
         <name>__aeabi_memclr4</name>
         <value>0x2add</value>
         <object_component_ref idref="oc-93"/>
      </symbol>
      <symbol id="sm-212">
         <name>__aeabi_memclr</name>
         <value>0x2add</value>
         <object_component_ref idref="oc-93"/>
      </symbol>
      <symbol id="sm-23a">
         <name>__TI_auto_init_nobinit_nopinit</name>
         <value>0x33c1</value>
         <object_component_ref idref="oc-11c"/>
      </symbol>
      <symbol id="sm-244">
         <name>_system_pre_init</name>
         <value>0x3a53</value>
         <object_component_ref idref="oc-99"/>
      </symbol>
      <symbol id="sm-26b">
         <name>C$$EXIT</name>
         <value>0x3a57</value>
         <object_component_ref idref="oc-110"/>
      </symbol>
      <symbol id="sm-26c">
         <name>abort</name>
         <value>0x3a57</value>
         <object_component_ref idref="oc-110"/>
      </symbol>
      <symbol id="sm-26d">
         <name>__TI_dtors_ptr</name>
         <value>0x20000904</value>
         <object_component_ref idref="oc-1f9"/>
      </symbol>
      <symbol id="sm-26e">
         <name>__TI_cleanup_ptr</name>
         <value>0x20000900</value>
         <object_component_ref idref="oc-1f9"/>
      </symbol>
      <symbol id="sm-26f">
         <name>__TI_enable_exit_profile_output</name>
         <value>0x20000908</value>
         <object_component_ref idref="oc-1f9"/>
      </symbol>
      <symbol id="sm-270">
         <name>exit</name>
         <value>0x3261</value>
         <object_component_ref idref="oc-116"/>
      </symbol>
      <symbol id="sm-285">
         <name>_nop</name>
         <value>0xcbb</value>
         <object_component_ref idref="oc-2b8"/>
      </symbol>
      <symbol id="sm-286">
         <name>_lock</name>
         <value>0x2000090c</value>
         <object_component_ref idref="oc-1fc"/>
      </symbol>
      <symbol id="sm-287">
         <name>_unlock</name>
         <value>0x20000910</value>
         <object_component_ref idref="oc-1fc"/>
      </symbol>
      <symbol id="sm-298">
         <name>memchr</name>
         <value>0x37e9</value>
         <object_component_ref idref="oc-224"/>
      </symbol>
      <symbol id="sm-321">
         <name>_sys_memory</name>
         <value>0x20000930</value>
         <object_component_ref idref="oc-24"/>
      </symbol>
      <symbol id="sm-322">
         <name>free</name>
         <value>0x23c1</value>
         <object_component_ref idref="oc-378"/>
      </symbol>
      <symbol id="sm-323">
         <name>memalign</name>
         <value>0x1e95</value>
         <object_component_ref idref="oc-433"/>
      </symbol>
      <symbol id="sm-324">
         <name>malloc</name>
         <value>0x3a39</value>
         <object_component_ref idref="oc-37e"/>
      </symbol>
      <symbol id="sm-325">
         <name>aligned_alloc</name>
         <value>0x1e95</value>
         <object_component_ref idref="oc-433"/>
      </symbol>
      <symbol id="sm-333">
         <name>strlen</name>
         <value>0x39bd</value>
         <object_component_ref idref="oc-21e"/>
      </symbol>
      <symbol id="sm-34d">
         <name>write</name>
         <value>0x37a1</value>
         <object_component_ref idref="oc-230"/>
      </symbol>
      <symbol id="sm-35e">
         <name>_stream</name>
         <value>0x200008a0</value>
         <object_component_ref idref="oc-2ea"/>
      </symbol>
      <symbol id="sm-35f">
         <name>_device</name>
         <value>0x20000828</value>
         <object_component_ref idref="oc-397"/>
      </symbol>
      <symbol id="sm-36f">
         <name>__TI_cleanup</name>
         <value>0x35a1</value>
         <object_component_ref idref="oc-384"/>
      </symbol>
      <symbol id="sm-381">
         <name>fseek</name>
         <value>0x2e4d</value>
         <object_component_ref idref="oc-2d7"/>
      </symbol>
      <symbol id="sm-392">
         <name>HOSTclose</name>
         <value>0x3339</value>
         <object_component_ref idref="oc-449"/>
      </symbol>
      <symbol id="sm-3a3">
         <name>HOSTlseek</name>
         <value>0x2d19</value>
         <object_component_ref idref="oc-45b"/>
      </symbol>
      <symbol id="sm-3b5">
         <name>parmbuf</name>
         <value>0x2000052c</value>
      </symbol>
      <symbol id="sm-3b6">
         <name>HOSTopen</name>
         <value>0x2f15</value>
         <object_component_ref idref="oc-443"/>
      </symbol>
      <symbol id="sm-3c7">
         <name>HOSTread</name>
         <value>0x2fd1</value>
         <object_component_ref idref="oc-44f"/>
      </symbol>
      <symbol id="sm-3d8">
         <name>HOSTrename</name>
         <value>0x2cad</value>
         <object_component_ref idref="oc-467"/>
      </symbol>
      <symbol id="sm-3e9">
         <name>HOSTunlink</name>
         <value>0x337d</value>
         <object_component_ref idref="oc-461"/>
      </symbol>
      <symbol id="sm-3fa">
         <name>HOSTwrite</name>
         <value>0x3029</value>
         <object_component_ref idref="oc-455"/>
      </symbol>
      <symbol id="sm-41e">
         <name>__TI_readmsg</name>
         <value>0x35d5</value>
         <object_component_ref idref="oc-4c8"/>
      </symbol>
      <symbol id="sm-41f">
         <name>C$$IO$$</name>
         <value>0x34f7</value>
         <object_component_ref idref="oc-4c2"/>
      </symbol>
      <symbol id="sm-420">
         <name>__CIOBUF_</name>
         <value>0x2000026c</value>
         <object_component_ref idref="oc-503"/>
      </symbol>
      <symbol id="sm-421">
         <name>__TI_writemsg</name>
         <value>0x34c9</value>
         <object_component_ref idref="oc-4c2"/>
      </symbol>
      <symbol id="sm-432">
         <name>lseek</name>
         <value>0x3779</value>
         <object_component_ref idref="oc-370"/>
      </symbol>
      <symbol id="sm-447">
         <name>__TI_closefile</name>
         <value>0x2b59</value>
         <object_component_ref idref="oc-43a"/>
      </symbol>
      <symbol id="sm-46f">
         <name>finddevice</name>
         <value>0x366d</value>
         <object_component_ref idref="oc-521"/>
      </symbol>
      <symbol id="sm-470">
         <name>getdevice</name>
         <value>0x3405</value>
         <object_component_ref idref="oc-4f9"/>
      </symbol>
      <symbol id="sm-480">
         <name>strchr</name>
         <value>0x3941</value>
         <object_component_ref idref="oc-3ff"/>
      </symbol>
      <symbol id="sm-48f">
         <name>strcmp</name>
         <value>0x38fd</value>
         <object_component_ref idref="oc-538"/>
      </symbol>
      <symbol id="sm-49d">
         <name>strcpy</name>
         <value>0x39a9</value>
         <object_component_ref idref="oc-4dc"/>
      </symbol>
      <symbol id="sm-4ad">
         <name>strncpy</name>
         <value>0x3501</value>
         <object_component_ref idref="oc-51b"/>
      </symbol>
      <symbol id="sm-4c2">
         <name>close</name>
         <value>0x2f75</value>
         <object_component_ref idref="oc-4b3"/>
      </symbol>
      <symbol id="sm-4d2">
         <name>unlink</name>
         <value>0x3725</value>
         <object_component_ref idref="oc-4b9"/>
      </symbol>
      <symbol id="sm-52f">
         <name>schdExecute</name>
         <value>0xe65</value>
         <object_component_ref idref="oc-de"/>
      </symbol>
      <symbol id="sm-530">
         <name>sysTimeWaitAbsolute</name>
         <value>0xd9f</value>
         <object_component_ref idref="oc-de"/>
      </symbol>
      <symbol id="sm-531">
         <name>lpInit</name>
         <value>0xfc7</value>
         <object_component_ref idref="oc-de"/>
      </symbol>
      <symbol id="sm-532">
         <name>sysTimeGet</name>
         <value>0xd4f</value>
         <object_component_ref idref="oc-de"/>
      </symbol>
      <symbol id="sm-533">
         <name>sysTimeReached</name>
         <value>0xd55</value>
         <object_component_ref idref="oc-de"/>
      </symbol>
      <symbol id="sm-534">
         <name>waitUs</name>
         <value>0xf99</value>
         <object_component_ref idref="oc-de"/>
      </symbol>
      <symbol id="sm-535">
         <name>sysTimeWait</name>
         <value>0xd7b</value>
         <object_component_ref idref="oc-de"/>
      </symbol>
      <symbol id="sm-536">
         <name>schdCallback</name>
         <value>0xdeb</value>
         <object_component_ref idref="oc-de"/>
      </symbol>
      <symbol id="sm-537">
         <name>waitMs</name>
         <value>0xf69</value>
         <object_component_ref idref="oc-de"/>
      </symbol>
      <symbol id="sm-552">
         <name>ledInit</name>
         <value>0x271b</value>
         <object_component_ref idref="oc-ea"/>
      </symbol>
      <symbol id="sm-553">
         <name>ledInitForced</name>
         <value>0x26f9</value>
         <object_component_ref idref="oc-ea"/>
      </symbol>
      <symbol id="sm-554">
         <name>ledTurnOnOff</name>
         <value>0x272f</value>
         <object_component_ref idref="oc-ea"/>
      </symbol>
      <symbol id="sm-572">
         <name>pbInitForced</name>
         <value>0x28c9</value>
         <object_component_ref idref="oc-e4"/>
      </symbol>
      <symbol id="sm-573">
         <name>pbInit</name>
         <value>0x28fd</value>
         <object_component_ref idref="oc-e4"/>
      </symbol>
      <symbol id="sm-574">
         <name>pbRead</name>
         <value>0x2911</value>
         <object_component_ref idref="oc-e4"/>
      </symbol>
      <symbol id="sm-58b">
         <name>uartPutString</name>
         <value>0x25df</value>
         <object_component_ref idref="oc-f5"/>
      </symbol>
      <symbol id="sm-58c">
         <name>uprintf</name>
         <value>0x260b</value>
         <object_component_ref idref="oc-f5"/>
      </symbol>
      <symbol id="sm-58d">
         <name>uartInit</name>
         <value>0x2581</value>
         <object_component_ref idref="oc-f5"/>
      </symbol>
      <symbol id="sm-58e">
         <name>uartPutChar</name>
         <value>0x25bb</value>
         <object_component_ref idref="oc-f5"/>
      </symbol>
      <symbol id="sm-58f">
         <name>uartGetChar</name>
         <value>0x25cd</value>
         <object_component_ref idref="oc-f5"/>
      </symbol>
      <symbol id="sm-5e9">
         <name>GPIOPinConfigure</name>
         <value>0x317d</value>
         <object_component_ref idref="oc-1c4"/>
      </symbol>
      <symbol id="sm-5ea">
         <name>GPIOPinTypeGPIOInput</name>
         <value>0x3915</value>
         <object_component_ref idref="oc-1a3"/>
      </symbol>
      <symbol id="sm-5eb">
         <name>GPIOPinTypeUART</name>
         <value>0x392b</value>
         <object_component_ref idref="oc-1ca"/>
      </symbol>
      <symbol id="sm-5ec">
         <name>GPIOPinTypeGPIOOutput</name>
         <value>0x38b1</value>
         <object_component_ref idref="oc-1b9"/>
      </symbol>
      <symbol id="sm-5ed">
         <name>GPIOPinRead</name>
         <value>0x3a41</value>
         <object_component_ref idref="oc-1af"/>
      </symbol>
      <symbol id="sm-5ee">
         <name>GPIODirModeSet</name>
         <value>0x36cb</value>
         <object_component_ref idref="oc-26e"/>
      </symbol>
      <symbol id="sm-5ef">
         <name>GPIOPinWrite</name>
         <value>0x3a47</value>
         <object_component_ref idref="oc-161"/>
      </symbol>
      <symbol id="sm-5f0">
         <name>GPIOPadConfigSet</name>
         <value>0x1879</value>
         <object_component_ref idref="oc-1a9"/>
      </symbol>
      <symbol id="sm-607">
         <name>IntRegister</name>
         <value>0x3539</value>
         <object_component_ref idref="oc-25c"/>
      </symbol>
      <symbol id="sm-608">
         <name>g_pfnRAMVectors</name>
         <value>0x20000000</value>
         <object_component_ref idref="oc-309"/>
      </symbol>
      <symbol id="sm-65b">
         <name>SysCtlClockSet</name>
         <value>0x22cd</value>
         <object_component_ref idref="oc-174"/>
      </symbol>
      <symbol id="sm-65c">
         <name>SysCtlDelay</name>
         <value>0x3a4d</value>
         <object_component_ref idref="oc-173"/>
      </symbol>
      <symbol id="sm-65d">
         <name>SysCtlPeripheralEnable</name>
         <value>0x356d</value>
         <object_component_ref idref="oc-19d"/>
      </symbol>
      <symbol id="sm-65e">
         <name>SysCtlClockGet</name>
         <value>0x1d7d</value>
         <object_component_ref idref="oc-17a"/>
      </symbol>
      <symbol id="sm-68b">
         <name>SysTickEnable</name>
         <value>0x3959</value>
         <object_component_ref idref="oc-192"/>
      </symbol>
      <symbol id="sm-68c">
         <name>SysTickIntRegister</name>
         <value>0x3809</value>
         <object_component_ref idref="oc-186"/>
      </symbol>
      <symbol id="sm-68d">
         <name>SysTickIntEnable</name>
         <value>0x396d</value>
         <object_component_ref idref="oc-18c"/>
      </symbol>
      <symbol id="sm-68e">
         <name>SysTickPeriodSet</name>
         <value>0x39e5</value>
         <object_component_ref idref="oc-180"/>
      </symbol>
      <symbol id="sm-6c1">
         <name>UARTConfigSetExpClk</name>
         <value>0x32f1</value>
         <object_component_ref idref="oc-1d0"/>
      </symbol>
      <symbol id="sm-6c2">
         <name>UARTDisable</name>
         <value>0x37c9</value>
         <object_component_ref idref="oc-281"/>
      </symbol>
      <symbol id="sm-6c3">
         <name>UARTCharPut</name>
         <value>0x3a25</value>
         <object_component_ref idref="oc-1d6"/>
      </symbol>
      <symbol id="sm-6c4">
         <name>UARTEnable</name>
         <value>0x3981</value>
         <object_component_ref idref="oc-287"/>
      </symbol>
      <symbol id="sm-6c5">
         <name>UARTCharGet</name>
         <value>0x3a1b</value>
         <object_component_ref idref="oc-1dc"/>
      </symbol>
      <symbol id="sm-6f0">
         <name>vsnprintf</name>
         <value>0x3449</value>
         <object_component_ref idref="oc-1e2"/>
      </symbol>
      <symbol id="sm-6fd">
         <name>__aeabi_uldivmod</name>
         <value>0x2831</value>
         <object_component_ref idref="oc-16e"/>
      </symbol>
      <symbol id="sm-862">
         <name>__TI_printfi</name>
         <value>0x26d</value>
         <object_component_ref idref="oc-291"/>
      </symbol>
      <symbol id="sm-86c">
         <name>__aeabi_idiv0</name>
         <value>0x1877</value>
         <object_component_ref idref="oc-24e"/>
      </symbol>
      <symbol id="sm-86d">
         <name>__aeabi_ldiv0</name>
         <value>0x1877</value>
         <object_component_ref idref="oc-24e"/>
      </symbol>
      <symbol id="sm-884">
         <name>__aeabi_dsub</name>
         <value>0x16c1</value>
         <object_component_ref idref="oc-3d3"/>
      </symbol>
      <symbol id="sm-885">
         <name>__aeabi_dadd</name>
         <value>0x16cb</value>
         <object_component_ref idref="oc-3d3"/>
      </symbol>
      <symbol id="sm-8a7">
         <name>__aeabi_cdcmpeq</name>
         <value>0x2955</value>
         <object_component_ref idref="oc-321"/>
      </symbol>
      <symbol id="sm-8a8">
         <name>__aeabi_cdcmple</name>
         <value>0x2955</value>
         <object_component_ref idref="oc-321"/>
      </symbol>
      <symbol id="sm-8a9">
         <name>__aeabi_cdrcmple</name>
         <value>0x29db</value>
         <object_component_ref idref="oc-3be"/>
      </symbol>
      <symbol id="sm-8bd">
         <name>__aeabi_ddiv</name>
         <value>0x1b21</value>
         <object_component_ref idref="oc-3b9"/>
      </symbol>
      <symbol id="sm-8c8">
         <name>__aeabi_dmul</name>
         <value>0x21d1</value>
         <object_component_ref idref="oc-3b4"/>
      </symbol>
      <symbol id="sm-8d2">
         <name>__aeabi_d2iz</name>
         <value>0x32a9</value>
         <object_component_ref idref="oc-3c3"/>
      </symbol>
      <symbol id="sm-8dc">
         <name>__aeabi_i2d</name>
         <value>0x369d</value>
         <object_component_ref idref="oc-3ce"/>
      </symbol>
      <symbol id="sm-8f2">
         <name>atoi</name>
         <value>0x3215</value>
         <object_component_ref idref="oc-315"/>
      </symbol>
      <symbol id="sm-8fd">
         <name>_ctypes_</name>
         <value>0x3a5c</value>
         <object_component_ref idref="oc-3ad"/>
      </symbol>
      <symbol id="sm-90c">
         <name>ltoa</name>
         <value>0x30d7</value>
         <object_component_ref idref="oc-3c8"/>
      </symbol>
      <symbol id="sm-91c">
         <name>memccpy</name>
         <value>0x3879</value>
         <object_component_ref idref="oc-33e"/>
      </symbol>
      <symbol id="sm-932">
         <name>__aeabi_errno_addr</name>
         <value>0x3a31</value>
         <object_component_ref idref="oc-34a"/>
      </symbol>
      <symbol id="sm-933">
         <name>errno</name>
         <value>0x20000924</value>
         <object_component_ref idref="oc-40f"/>
      </symbol>
      <symbol id="sm-94c">
         <name>wcslen</name>
         <value>0x39d1</value>
         <object_component_ref idref="oc-344"/>
      </symbol>
      <symbol id="sm-96c">
         <name>frexpl</name>
         <value>0x2de9</value>
         <object_component_ref idref="oc-3f3"/>
      </symbol>
      <symbol id="sm-96d">
         <name>frexp</name>
         <value>0x2de9</value>
         <object_component_ref idref="oc-3f3"/>
      </symbol>
      <symbol id="sm-98a">
         <name>scalbn</name>
         <value>0x20c1</value>
         <object_component_ref idref="oc-3f9"/>
      </symbol>
      <symbol id="sm-98b">
         <name>scalbnl</name>
         <value>0x20c1</value>
         <object_component_ref idref="oc-3f9"/>
      </symbol>
      <symbol id="sm-98c">
         <name>ldexpl</name>
         <value>0x20c1</value>
         <object_component_ref idref="oc-3f9"/>
      </symbol>
      <symbol id="sm-98d">
         <name>ldexp</name>
         <value>0x20c1</value>
         <object_component_ref idref="oc-3f9"/>
      </symbol>
      <symbol id="sm-997">
         <name>copysign</name>
         <value>0x38cb</value>
         <object_component_ref idref="oc-489"/>
      </symbol>
      <symbol id="sm-998">
         <name>copysignl</name>
         <value>0x38cb</value>
         <object_component_ref idref="oc-489"/>
      </symbol>
      <symbol id="sm-999">
         <name>__TI_static_base__</name>
         <value>0x0</value>
      </symbol>
      <symbol id="sm-99c">
         <name>__mpu_init</name>
         <value>0x0</value>
      </symbol>
      <symbol id="sm-99d">
         <name>_system_post_cinit</name>
         <value>0x0</value>
      </symbol>
      <symbol id="sm-99e">
         <name>remove</name>
         <value>0x3725</value>
      </symbol>
   </symbol_table>
   <title>Link successful</title>
</link_info>
